Archive member included to satisfy reference by file (symbol)

app/libapp.a(main.c.obj)      (--whole-archive)
app/libapp.a(mesh.c.obj)      (--whole-archive)
app/libapp.a(reel_board.c.obj)
                              (--whole-archive)
zephyr/libzephyr.a(crc32_sw.c.obj)
                              (--whole-archive)
zephyr/libzephyr.a(crc16_sw.c.obj)
                              (--whole-archive)
zephyr/libzephyr.a(crc8_sw.c.obj)
                              (--whole-archive)
zephyr/libzephyr.a(crc7_sw.c.obj)
                              (--whole-archive)
zephyr/libzephyr.a(dec.c.obj)
                              (--whole-archive)
zephyr/libzephyr.a(fdtable.c.obj)
                              (--whole-archive)
zephyr/libzephyr.a(hex.c.obj)
                              (--whole-archive)
zephyr/libzephyr.a(mempool.c.obj)
                              (--whole-archive)
zephyr/libzephyr.a(notify.c.obj)
                              (--whole-archive)
zephyr/libzephyr.a(printk.c.obj)
                              (--whole-archive)
zephyr/libzephyr.a(onoff.c.obj)
                              (--whole-archive)
zephyr/libzephyr.a(rb.c.obj)  (--whole-archive)
zephyr/libzephyr.a(sem.c.obj)
                              (--whole-archive)
zephyr/libzephyr.a(thread_entry.c.obj)
                              (--whole-archive)
zephyr/libzephyr.a(timeutil.c.obj)
                              (--whole-archive)
zephyr/libzephyr.a(work_q.c.obj)
                              (--whole-archive)
zephyr/libzephyr.a(heap.c.obj)
                              (--whole-archive)
zephyr/libzephyr.a(heap-validate.c.obj)
                              (--whole-archive)
zephyr/libzephyr.a(prf.c.obj)
                              (--whole-archive)
zephyr/libzephyr.a(configs.c.obj)
                              (--whole-archive)
zephyr/libzephyr.a(validate_base_addresses.c.obj)
                              (--whole-archive)
zephyr/libzephyr.a(validate_enabled_instances.c.obj)
                              (--whole-archive)
zephyr/libzephyr.a(nvs.c.obj)
                              (--whole-archive)
zephyr/libzephyr.a(addr_utils.c.obj)
                              (--whole-archive)
zephyr/libzephyr.a(flash_map.c.obj)
                              (--whole-archive)
zephyr/libzephyr.a(flash_map_default.c.obj)
                              (--whole-archive)
zephyr/libzephyr.a(settings_store.c.obj)
                              (--whole-archive)
zephyr/libzephyr.a(settings.c.obj)
                              (--whole-archive)
zephyr/libzephyr.a(settings_init.c.obj)
                              (--whole-archive)
zephyr/libzephyr.a(settings_line.c.obj)
                              (--whole-archive)
zephyr/libzephyr.a(settings_nvs.c.obj)
                              (--whole-archive)
zephyr/libzephyr.a(cfb.c.obj)
                              (--whole-archive)
zephyr/libzephyr.a(cfb_fonts.c.obj)
                              (--whole-archive)
zephyr/libzephyr.a(power.c.obj)
                              (--whole-archive)
zephyr/libzephyr.a(policy_residency.c.obj)
                              (--whole-archive)
zephyr/libzephyr.a(uart_console.c.obj)
                              (--whole-archive)
zephyr/libzephyr.a(clock_control_nrf.c.obj)
                              (--whole-archive)
zephyr/libzephyr.a(ssd16xx.c.obj)
                              (--whole-archive)
zephyr/libzephyr.a(sys_clock_init.c.obj)
                              (--whole-archive)
zephyr/libzephyr.a(nrf_rtc_timer.c.obj)
                              (--whole-archive)
zephyr/libzephyr.a(utils.c.obj)
                              (--whole-archive)
zephyr/libzephyr.a(ecc_dh.c.obj)
                              (--whole-archive)
zephyr/libzephyr.a(ecc.c.obj)
                              (--whole-archive)
zephyr/libzephyr.a(aes_decrypt.c.obj)
                              (--whole-archive)
zephyr/libzephyr.a(aes_encrypt.c.obj)
                              (--whole-archive)
zephyr/libzephyr.a(cmac_mode.c.obj)
                              (--whole-archive)
zephyr/arch/common/libarch__common.a(sw_isr_common.c.obj)
                              (--whole-archive)
zephyr/arch/arch/arm/core/aarch32/libarch__arm__core__aarch32.a(swap.c.obj)
                              (--whole-archive)
zephyr/arch/arch/arm/core/aarch32/libarch__arm__core__aarch32.a(swap_helper.S.obj)
                              (--whole-archive)
zephyr/arch/arch/arm/core/aarch32/libarch__arm__core__aarch32.a(irq_manage.c.obj)
                              (--whole-archive)
zephyr/arch/arch/arm/core/aarch32/libarch__arm__core__aarch32.a(thread.c.obj)
                              (--whole-archive)
zephyr/arch/arch/arm/core/aarch32/libarch__arm__core__aarch32.a(cpu_idle.S.obj)
                              (--whole-archive)
zephyr/arch/arch/arm/core/aarch32/libarch__arm__core__aarch32.a(fatal.c.obj)
                              (--whole-archive)
[...]
Memory Configuration

Name             Origin             Length             Attributes
FLASH            0x00000000         0x00100000         xr
SRAM             0x20000000         0x00040000         xw
IDT_LIST         0x20040000         0x00000800         xw
*default*        0x00000000         0xffffffff

Linker script and memory map

LOAD zephyr/CMakeFiles/zephyr_final.dir/misc/empty_file.c.obj
LOAD zephyr/CMakeFiles/zephyr_final.dir/isr_tables.c.obj
                0x00000020                _region_min_align = 0x20

.rel.plt        0x00000000        0x0
 *(SORT_BY_ALIGNMENT(.rel.plt))
                [!provide]                PROVIDE (__rel_iplt_start = .)
 *(SORT_BY_ALIGNMENT(.rel.iplt))
 .rel.iplt      0x00000000        0x0 zephyr/CMakeFiles/zephyr_final.dir/isr_tables.c.obj
                [!provide]                PROVIDE (__rel_iplt_end = .)

.rela.plt       0x00000000        0x0
 *(SORT_BY_ALIGNMENT(.rela.plt))
                [!provide]                PROVIDE (__rela_iplt_start = .)
 *(SORT_BY_ALIGNMENT(.rela.iplt))
                [!provide]                PROVIDE (__rela_iplt_end = .)

.rel.dyn
 *(SORT_BY_ALIGNMENT(.rel.*))

.rela.dyn
 *(SORT_BY_ALIGNMENT(.rela.*))

/DISCARD/
 *(SORT_BY_ALIGNMENT(.plt))
 *(SORT_BY_ALIGNMENT(.iplt))
 *(SORT_BY_ALIGNMENT(.got.plt))
 *(SORT_BY_ALIGNMENT(.igot.plt))
 *(SORT_BY_ALIGNMENT(.got))
 *(SORT_BY_ALIGNMENT(.igot))
 *(SORT_BY_ALIGNMENT(.irq_info*))
 *(SORT_BY_ALIGNMENT(.intList*))
 *(SORT_BY_ALIGNMENT(.note.GNU-stack))
                0x00000000                _image_rom_start = 0x0

rom_start       0x00000000      0x100
                0x00000000                . = 0x0
                0x00000000                . = ALIGN (0x4)
                0x00000000                . = ALIGN (0x80)
                0x00000000                . = ALIGN (0x100)
                0x00000000                _vector_start = .
 *(SORT_BY_ALIGNMENT(.exc_vector_table))
 *(SORT_BY_ALIGNMENT(.exc_vector_table.*))
 .exc_vector_table._vector_table_section
                0x00000000       0x40 zephyr/arch/arch/arm/core/aarch32/cortex_m/libarch__arm__core__aarch32__cortex_m.a(vector_table.S.obj)
                0x00000000                _vector_table
 *(SORT_BY_ALIGNMENT(.gnu.linkonce.irq_vector_table*))
 .gnu.linkonce.irq_vector_table*
                0x00000040       0xc0 zephyr/CMakeFiles/zephyr_final.dir/isr_tables.c.obj
                0x00000040                _irq_vector_table
 *(SORT_BY_ALIGNMENT(.vectors))
                0x00000100                _vector_end = .
 *(SORT_BY_ALIGNMENT(.openocd_dbg))
 *(SORT_BY_ALIGNMENT(.openocd_dbg.*))

text            0x00000100    0x2d84e
                0x00000100                _image_text_start = .
 *(SORT_BY_ALIGNMENT(.text))
 .text          0x00000100       0xa0 c:/gnu_arm_embedded/bin/../lib/gcc/arm-none-eabi/9.3.1/thumb/v7e-m/nofp\libgcc.a(_aeabi_ldivmod.o)
                0x00000100                __aeabi_ldivmod
 .text          0x000001a0       0x30 c:/gnu_arm_embedded/bin/../lib/gcc/arm-none-eabi/9.3.1/thumb/v7e-m/nofp\libgcc.a(_aeabi_uldivmod.o)
                0x000001a0                __aeabi_uldivmod
 .text          0x000001d0       0x28 c:/gnu_arm_embedded/bin/../lib/gcc/arm-none-eabi/9.3.1/thumb/v7e-m/nofp\libgcc.a(_popcountsi2.o)
                0x000001d0                __popcountsi2
 .text          0x000001f8      0x2c0 c:/gnu_arm_embedded/bin/../lib/gcc/arm-none-eabi/9.3.1/thumb/v7e-m/nofp\libgcc.a(_udivmoddi4.o)
                0x000001f8                __udivmoddi4
 .text          0x000004b8        0x4 c:/gnu_arm_embedded/bin/../lib/gcc/arm-none-eabi/9.3.1/thumb/v7e-m/nofp\libgcc.a(_dvmd_tls.o)
                0x000004b8                __aeabi_idiv0
                0x000004b8                __aeabi_ldiv0
 *(SORT_BY_ALIGNMENT(.text.*))
 *fill*         0x000004bc        0x4 
 .text.bt_init  0x000004c0      0x450 zephyr/subsys/bluetooth/host/libsubsys__bluetooth__host.a(hci_core.c.obj)
 .text.ull_drift_ticks_get
                0x00000910       0x8c zephyr/subsys/bluetooth/controller/libsubsys__bluetooth__controller.a(ull.c.obj)
                0x00000910                ull_drift_ticks_get
 *fill*         0x0000099c        0x4 
 .text.ll_adv_enable
                0x000009a0      0x5e0 zephyr/subsys/bluetooth/controller/libsubsys__bluetooth__controller.a(ull_adv.c.obj)
                0x000009a0                ll_adv_enable
 .text.ll_scan_params_set
                0x00000f80       0x70 zephyr/subsys/bluetooth/controller/libsubsys__bluetooth__controller.a(ull_scan.c.obj)
                0x00000f80                ll_scan_params_set
 .text.ull_scan_enable
                0x00000ff0      0x130 zephyr/subsys/bluetooth/controller/libsubsys__bluetooth__controller.a(ull_scan.c.obj)
                0x00000ff0                ull_scan_enable
 .text.ull_conn_llcp
                0x00001120     0x1b98 zephyr/subsys/bluetooth/controller/libsubsys__bluetooth__controller.a(ull_conn.c.obj)
                0x00001120                ull_conn_llcp
 .text.ull_slave_setup
                0x00002cb8      0x404 zephyr/subsys/bluetooth/controller/libsubsys__bluetooth__controller.a(ull_slave.c.obj)
                0x00002cb8                ull_slave_setup
 *fill*         0x000030bc        0x4 
 .text.fxos8700_attr_set
                0x000030c0       0x94 zephyr/drivers/sensor/fxos8700/libdrivers__sensor__fxos8700.a(fxos8700.c.obj)
 *fill*         0x00003154        0x4 
 .text.nrf_flash_sync_exe
                0x00003158       0xf8 zephyr/drivers/flash/libdrivers__flash.a(soc_flash_nrf_ticker.c.obj)
                0x00003158                nrf_flash_sync_exe
 .text.nrf_flash_sync_check_time_limit
                0x00003250       0x48 zephyr/drivers/flash/libdrivers__flash.a(soc_flash_nrf_ticker.c.obj)
                0x00003250                nrf_flash_sync_check_time_limit
 .text.unprovisioned_beacon
                0x00003298       0x20 app/libapp.a(mesh.c.obj)
 .text.vnd_hello
                0x000032b8       0x80 app/libapp.a(mesh.c.obj)
 .text.node_added
                0x00003338       0x14 app/libapp.a(mesh.c.obj)
 .text.send_hello
                0x0000334c       0xa0 app/libapp.a(mesh.c.obj)
                0x0000334c                send_hello
 .text.check_unconfigured
                0x000033ec      0x124 app/libapp.a(mesh.c.obj)
 .text.mesh_start
                0x00003510      0x268 app/libapp.a(mesh.c.obj)
                0x00003510                mesh_start
 .text.get_uuid
                0x00003778        0x8 app/libapp.a(mesh.c.obj)
                0x00003778                get_uuid
 .text.mesh_is_initialized
                0x00003780       0x10 app/libapp.a(mesh.c.obj)
                0x00003780                mesh_is_initialized
 .text.get_my_addr
                0x00003790        0xc app/libapp.a(mesh.c.obj)
                0x00003790                get_my_addr
 .text.get_net_key
                0x0000379c        0x8 app/libapp.a(mesh.c.obj)
                0x0000379c                get_net_key
 .text.get_dev_key
                0x000037a4        0x8 app/libapp.a(mesh.c.obj)
                0x000037a4                get_dev_key
 .text.get_app_key
                0x000037ac        0x8 app/libapp.a(mesh.c.obj)
                0x000037ac                get_app_key
 .text.k_delayed_work_submit
                0x000037b4        0xc app/libapp.a(reel_board.c.obj)
 .text.clear_screen
                0x000037c0       0x38 app/libapp.a(reel_board.c.obj)
 .text.print_line
                0x000037f8       0xa0 app/libapp.a(reel_board.c.obj)
 .text.button_is_pressed
                0x00003898       0x2c app/libapp.a(reel_board.c.obj)
 .text.board_blink_leds
                0x000038c4       0x10 app/libapp.a(reel_board.c.obj)
                0x000038c4                board_blink_leds
 .text.board_show_text
                0x000038d4       0xb4 app/libapp.a(reel_board.c.obj)
                0x000038d4                board_show_text
 .text.board_add_hello
                0x00003988       0x5c app/libapp.a(reel_board.c.obj)
                0x00003988                board_add_hello
 .text.show_main
                0x000039e4      0x140 app/libapp.a(reel_board.c.obj)
                0x000039e4                show_main
 .text.epd_update
                0x00003b24       0x10 app/libapp.a(reel_board.c.obj)
 .text.button_interrupt
                0x00003b34       0x7c app/libapp.a(reel_board.c.obj)
 .text.set_led_state
                0x00003bb0       0x38 app/libapp.a(reel_board.c.obj)
                0x00003bb0                set_led_state
 .text.led_timeout
                0x00003be8       0x58 app/libapp.a(reel_board.c.obj)
 .text.board_refresh_display
                0x00003c40       0x10 app/libapp.a(reel_board.c.obj)
                0x00003c40                board_refresh_display
 .text.long_press
                0x00003c50       0x28 app/libapp.a(reel_board.c.obj)
 .text.board_init
                0x00003c78      0x150 app/libapp.a(reel_board.c.obj)
                0x00003c78                board_init
 .text.crc8_ccitt
                0x00003dc8       0x30 zephyr/libzephyr.a(crc8_sw.c.obj)
                0x00003dc8                crc8_ccitt
 .text.print_digits
                0x00003df8       0x90 zephyr/libzephyr.a(printk.c.obj)
 .text.char_out
                0x00003e88       0x10 zephyr/libzephyr.a(printk.c.obj)
 .text.__printk_hook_install
                0x00003e98        0xc zephyr/libzephyr.a(printk.c.obj)
                0x00003e98                __printk_hook_install
 .text.z_vprintk
                0x00003ea4      0x25c zephyr/libzephyr.a(printk.c.obj)
                0x00003ea4                z_vprintk
 .text.vprintk  0x00004100       0x1c zephyr/libzephyr.a(printk.c.obj)
                0x00004100                vprintk
 .text.vsnprintk
                0x0000411c       0x28 zephyr/libzephyr.a(printk.c.obj)
                0x0000411c                vsnprintk
 .text.process_event
                0x00004144      0x1c0 zephyr/libzephyr.a(onoff.c.obj)
 .text.z_prf    0x00004304      0x9e0 zephyr/libzephyr.a(prf.c.obj)
                0x00004304                z_prf
 .text.nvs_recover_last_ate
                0x00004ce4       0x60 zephyr/libzephyr.a(nvs.c.obj)
 .text.nvs_gc   0x00004d44      0x180 zephyr/libzephyr.a(nvs.c.obj)
 .text.nvs_init
                0x00004ec4      0x208 zephyr/libzephyr.a(nvs.c.obj)
                0x00004ec4                nvs_init
 .text.nvs_write
                0x000050cc      0x1ac zephyr/libzephyr.a(nvs.c.obj)
                0x000050cc                nvs_write
 .text.get_flash_area_from_id
                0x00005278       0x30 zephyr/libzephyr.a(flash_map.c.obj)
 .text.flash_area_open
                0x000052a8       0x28 zephyr/libzephyr.a(flash_map.c.obj)
                0x000052a8                flash_area_open
 .text.flash_area_get_sectors
                0x000052d0       0x50 zephyr/libzephyr.a(flash_map.c.obj)
                0x000052d0                flash_area_get_sectors
 .text.settings_save_one
                0x00005320       0x4c zephyr/libzephyr.a(settings_store.c.obj)
                0x00005320                settings_save_one
 .text.settings_src_register
                0x0000536c       0x1c zephyr/libzephyr.a(settings_store.c.obj)
                0x0000536c                settings_src_register
 .text.settings_dst_register
                0x00005388        0xc zephyr/libzephyr.a(settings_store.c.obj)
                0x00005388                settings_dst_register
 .text.settings_load_subtree
                0x00005394       0x4c zephyr/libzephyr.a(settings_store.c.obj)
                0x00005394                settings_load_subtree
 .text.settings_load_subtree_direct
                0x000053e0       0x40 zephyr/libzephyr.a(settings_store.c.obj)
                0x000053e0                settings_load_subtree_direct
 .text.settings_store_init
                0x00005420       0x10 zephyr/libzephyr.a(settings_store.c.obj)
                0x00005420                settings_store_init
 .text.settings_init
                0x00005430       0x10 zephyr/libzephyr.a(settings.c.obj)
                0x00005430                settings_init
 .text.settings_parse_and_lookup
                0x00005440       0x94 zephyr/libzephyr.a(settings.c.obj)
                0x00005440                settings_parse_and_lookup
 .text.settings_commit_subtree
                0x000054d4       0x78 zephyr/libzephyr.a(settings.c.obj)
                0x000054d4                settings_commit_subtree
 .text.settings_subsys_init
                0x0000554c       0x20 zephyr/libzephyr.a(settings_init.c.obj)
                0x0000554c                settings_subsys_init
 .text.settings_nvs_load
                0x0000556c       0xb8 zephyr/libzephyr.a(settings_nvs.c.obj)
 .text.settings_backend_init
                0x00005624       0x98 zephyr/libzephyr.a(settings_nvs.c.obj)
                0x00005624                settings_backend_init
 .text.cfb_print
                0x000056bc      0x160 zephyr/libzephyr.a(cfb.c.obj)
                0x000056bc                cfb_print
 .text.cfb_framebuffer_clear
                0x0000581c       0x20 zephyr/libzephyr.a(cfb.c.obj)
                0x0000581c                cfb_framebuffer_clear
 .text.cfb_framebuffer_finalize
                0x0000583c       0x6c zephyr/libzephyr.a(cfb.c.obj)
                0x0000583c                cfb_framebuffer_finalize
 .text.cfb_get_display_parameter
                0x000058a8       0x48 zephyr/libzephyr.a(cfb.c.obj)
                0x000058a8                cfb_get_display_parameter
 .text.cfb_framebuffer_set_font
                0x000058f0       0x18 zephyr/libzephyr.a(cfb.c.obj)
                0x000058f0                cfb_framebuffer_set_font
 .text.cfb_get_font_size
                0x00005908       0x3c zephyr/libzephyr.a(cfb.c.obj)
                0x00005908                cfb_get_font_size
 .text.cfb_framebuffer_init
                0x00005944       0x7c zephyr/libzephyr.a(cfb.c.obj)
                0x00005944                cfb_framebuffer_init
 .text.uart_console_init
                0x000059c0       0x2c zephyr/libzephyr.a(uart_console.c.obj)
 .text.console_out
                0x000059ec       0x28 zephyr/libzephyr.a(uart_console.c.obj)
 .text.onoff_stop
                0x00005a14       0x48 zephyr/libzephyr.a(clock_control_nrf.c.obj)
 .text.onoff_start
                0x00005a5c       0x58 zephyr/libzephyr.a(clock_control_nrf.c.obj)
 .text.clk_init
                0x00005ab4       0x60 zephyr/libzephyr.a(clock_control_nrf.c.obj)
 .text.clkstarted_handle.constprop.0
                0x00005b14       0x34 zephyr/libzephyr.a(clock_control_nrf.c.obj)
 .text.clock_event_handler
                0x00005b48       0x1c zephyr/libzephyr.a(clock_control_nrf.c.obj)
 .text.generic_hfclk_start
                0x00005b64       0x64 zephyr/libzephyr.a(clock_control_nrf.c.obj)
 .text.generic_hfclk_stop
                0x00005bc8       0x2c zephyr/libzephyr.a(clock_control_nrf.c.obj)
 .text.api_blocking_start
                0x00005bf4       0x3c zephyr/libzephyr.a(clock_control_nrf.c.obj)
 .text.z_nrf_clock_control_get_onoff
                0x00005c30       0x10 zephyr/libzephyr.a(clock_control_nrf.c.obj)
                0x00005c30                z_nrf_clock_control_get_onoff
 .text.z_nrf_clock_bt_ctlr_hf_request
                0x00005c40       0x2c zephyr/libzephyr.a(clock_control_nrf.c.obj)
                0x00005c40                z_nrf_clock_bt_ctlr_hf_request
 .text.z_nrf_clock_bt_ctlr_hf_release
                0x00005c6c       0x2c zephyr/libzephyr.a(clock_control_nrf.c.obj)
                0x00005c6c                z_nrf_clock_bt_ctlr_hf_release
 .text.z_nrf_clock_control_lf_on
                0x00005c98      0x10c zephyr/libzephyr.a(clock_control_nrf.c.obj)
                0x00005c98                z_nrf_clock_control_lf_on
 .text.ssd16xx_get_capabilities
                0x00005da4       0x24 zephyr/libzephyr.a(ssd16xx.c.obj)
 .text.ssd16xx_init
                0x00005dc8      0x1ec zephyr/libzephyr.a(ssd16xx.c.obj)
 .text.handle_next_cycle_case
                0x00005fb4       0x28 zephyr/libzephyr.a(nrf_rtc_timer.c.obj)
 .text.rtc_nrf_isr
                0x00005fdc       0x2c zephyr/libzephyr.a(nrf_rtc_timer.c.obj)
                0x00005fdc                rtc_nrf_isr
 .text.z_clock_driver_init
                0x00006008       0x54 zephyr/libzephyr.a(nrf_rtc_timer.c.obj)
                0x00006008                z_clock_driver_init
 .text.z_clock_set_timeout
                0x0000605c       0xc4 zephyr/libzephyr.a(nrf_rtc_timer.c.obj)
                0x0000605c                z_clock_set_timeout
 .text.z_clock_elapsed
                0x00006120       0x34 zephyr/libzephyr.a(nrf_rtc_timer.c.obj)
                0x00006120                z_clock_elapsed
 .text.uECC_get_rng
                0x00006154        0xc zephyr/libzephyr.a(ecc.c.obj)
                0x00006154                uECC_get_rng
 .text.vli_mmod_fast_secp256r1
                0x00006160      0x1a0 zephyr/libzephyr.a(ecc.c.obj)
                0x00006160                vli_mmod_fast_secp256r1
 .text.tc_aes128_set_encrypt_key
                0x00006300       0xa4 zephyr/libzephyr.a(aes_encrypt.c.obj)
                0x00006300                tc_aes128_set_encrypt_key
 .text.tc_aes_encrypt
                0x000063a4       0xd4 zephyr/libzephyr.a(aes_encrypt.c.obj)
                0x000063a4                tc_aes_encrypt
 .text.arch_swap
                0x00006478       0x34 zephyr/arch/arch/arm/core/aarch32/libarch__arm__core__aarch32.a(swap.c.obj)
                0x00006478                arch_swap
 .text.z_arm_pendsv
                0x000064ac       0x48 zephyr/arch/arch/arm/core/aarch32/libarch__arm__core__aarch32.a(swap_helper.S.obj)
                0x000064ac                z_arm_pendsv
 .text.z_arm_svc
                0x000064f4       0x20 zephyr/arch/arch/arm/core/aarch32/libarch__arm__core__aarch32.a(swap_helper.S.obj)
                0x000064f4                z_arm_svc
 .text.arch_irq_enable
                0x00006514       0x20 zephyr/arch/arch/arm/core/aarch32/libarch__arm__core__aarch32.a(irq_manage.c.obj)
                0x00006514                arch_irq_enable
 .text.arch_irq_disable
                0x00006534       0x28 zephyr/arch/arch/arm/core/aarch32/libarch__arm__core__aarch32.a(irq_manage.c.obj)
                0x00006534                arch_irq_disable
 .text.arch_irq_is_enabled
                0x0000655c       0x1c zephyr/arch/arch/arm/core/aarch32/libarch__arm__core__aarch32.a(irq_manage.c.obj)
                0x0000655c                arch_irq_is_enabled
 .text.z_arm_irq_priority_set
                0x00006578       0x30 zephyr/arch/arch/arm/core/aarch32/libarch__arm__core__aarch32.a(irq_manage.c.obj)
                0x00006578                z_arm_irq_priority_set
 .text._arch_isr_direct_pm
                0x000065a8       0x1c zephyr/arch/arch/arm/core/aarch32/libarch__arm__core__aarch32.a(irq_manage.c.obj)
                0x000065a8                _arch_isr_direct_pm
 .text.arch_new_thread
                0x000065c4       0x38 zephyr/arch/arch/arm/core/aarch32/libarch__arm__core__aarch32.a(thread.c.obj)
                0x000065c4                arch_new_thread
 .text.arch_switch_to_main_thread
                0x000065fc       0x30 zephyr/arch/arch/arm/core/aarch32/libarch__arm__core__aarch32.a(thread.c.obj)
                0x000065fc                arch_switch_to_main_thread
 .text.z_arm_cpu_idle_init
                0x0000662c        0xc zephyr/arch/arch/arm/core/aarch32/libarch__arm__core__aarch32.a(cpu_idle.S.obj)
                0x0000662c                z_arm_cpu_idle_init
 .text.arch_cpu_idle
                0x00006638       0x1c zephyr/arch/arch/arm/core/aarch32/libarch__arm__core__aarch32.a(cpu_idle.S.obj)
                0x00006638                arch_cpu_idle
 .text.arch_cpu_atomic_idle
                0x00006654       0x14 zephyr/arch/arch/arm/core/aarch32/libarch__arm__core__aarch32.a(cpu_idle.S.obj)
                0x00006654                arch_cpu_atomic_idle
 .text.z_SysNmiOnReset
                0x00006668        0x8 zephyr/arch/arch/arm/core/aarch32/libarch__arm__core__aarch32.a(nmi_on_reset.S.obj)
                0x00006668                z_SysNmiOnReset
 .text.z_arm_prep_c
                0x00006670       0x44 zephyr/arch/arch/arm/core/aarch32/libarch__arm__core__aarch32.a(prep_c.c.obj)
                0x00006670                z_arm_prep_c
 .text._isr_wrapper
                0x000066b4       0x40 zephyr/arch/arch/arm/core/aarch32/libarch__arm__core__aarch32.a(isr_wrapper.S.obj)
                0x000066b4                _isr_wrapper
 .text._reset_section
                0x000066f4       0x30 zephyr/arch/arch/arm/core/aarch32/cortex_m/libarch__arm__core__aarch32__cortex_m.a(reset.S.obj)
                0x000066f4                __start
                0x000066f4                z_arm_reset
 .text.__fault  0x00006724       0x14 zephyr/arch/arch/arm/core/aarch32/cortex_m/libarch__arm__core__aarch32__cortex_m.a(fault_s.S.obj)
                0x00006724                z_arm_usage_fault
                0x00006724                z_arm_mpu_fault
                0x00006724                z_arm_exc_spurious
                0x00006724                z_arm_debug_monitor
                0x00006724                z_arm_hard_fault
                0x00006724                z_arm_bus_fault
 .text.mem_manage_fault.isra.0
                0x00006738       0x38 zephyr/arch/arch/arm/core/aarch32/cortex_m/libarch__arm__core__aarch32__cortex_m.a(fault.c.obj)
 .text.bus_fault.isra.0
                0x00006770       0x3c zephyr/arch/arch/arm/core/aarch32/cortex_m/libarch__arm__core__aarch32__cortex_m.a(fault.c.obj)
 .text.usage_fault.isra.0
                0x000067ac       0x24 zephyr/arch/arch/arm/core/aarch32/cortex_m/libarch__arm__core__aarch32__cortex_m.a(fault.c.obj)
 .text.z_arm_fault
                0x000067d0       0xe8 zephyr/arch/arch/arm/core/aarch32/cortex_m/libarch__arm__core__aarch32__cortex_m.a(fault.c.obj)
                0x000067d0                z_arm_fault
 .text.z_arm_fault_init
                0x000068b8       0x10 zephyr/arch/arch/arm/core/aarch32/cortex_m/libarch__arm__core__aarch32__cortex_m.a(fault.c.obj)
                0x000068b8                z_arm_fault_init
 .text._HandlerModeExit
                0x000068c8       0x1c zephyr/arch/arch/arm/core/aarch32/cortex_m/libarch__arm__core__aarch32__cortex_m.a(exc_exit.S.obj)
                0x000068c8                z_arm_int_exit
                0x000068c8                z_arm_exc_exit
 .text.z_arm_interrupt_init
                0x000068e4       0x18 zephyr/arch/arch/arm/core/aarch32/cortex_m/libarch__arm__core__aarch32__cortex_m.a(irq_init.c.obj)
                0x000068e4                z_arm_interrupt_init
 .text.z_impl_k_thread_abort
                0x000068fc       0x44 zephyr/arch/arch/arm/core/aarch32/cortex_m/libarch__arm__core__aarch32__cortex_m.a(thread_abort.c.obj)
                0x000068fc                z_impl_k_thread_abort
 .text.z_arm_configure_static_mpu_regions
                0x00006940       0x38 zephyr/arch/arch/arm/core/aarch32/cortex_m/mpu/libarch__arm__core__aarch32__cortex_m__mpu.a(arm_core_mpu.c.obj)
                0x00006940                z_arm_configure_static_mpu_regions
 .text.mpu_configure_regions
                0x00006978       0x8c zephyr/arch/arch/arm/core/aarch32/cortex_m/mpu/libarch__arm__core__aarch32__cortex_m__mpu.a(arm_mpu.c.obj)
 .text.arm_core_mpu_enable
                0x00006a04       0x14 zephyr/arch/arch/arm/core/aarch32/cortex_m/mpu/libarch__arm__core__aarch32__cortex_m__mpu.a(arm_mpu.c.obj)
                0x00006a04                arm_core_mpu_enable
 .text.arm_core_mpu_disable
                0x00006a18       0x10 zephyr/arch/arch/arm/core/aarch32/cortex_m/mpu/libarch__arm__core__aarch32__cortex_m__mpu.a(arm_mpu.c.obj)
                0x00006a18                arm_core_mpu_disable
 .text.arm_mpu_init
                0x00006a28       0x5c zephyr/arch/arch/arm/core/aarch32/cortex_m/mpu/libarch__arm__core__aarch32__cortex_m__mpu.a(arm_mpu.c.obj)
 .text.arm_core_mpu_configure_static_mpu_regions
                0x00006a84       0x14 zephyr/arch/arch/arm/core/aarch32/cortex_m/mpu/libarch__arm__core__aarch32__cortex_m__mpu.a(arm_mpu.c.obj)
                0x00006a84                arm_core_mpu_configure_static_mpu_regions
 .text.__stdout_hook_install
                0x00006a98        0xc zephyr/lib/libc/minimal/liblib__libc__minimal.a(stdout_console.c.obj)
                0x00006a98                __stdout_hook_install
 .text.sprintf  0x00006aa4       0x30 zephyr/lib/libc/minimal/liblib__libc__minimal.a(sprintf.c.obj)
                0x00006aa4                sprintf
 .text.nordicsemi_nrf52_init
                0x00006ad4       0x30 zephyr/soc/arm/nordic_nrf/nrf52/libsoc__arm__nordic_nrf__nrf52.a(soc.c.obj)
 .text.arch_busy_wait
                0x00006b04       0x14 zephyr/soc/arm/nordic_nrf/nrf52/libsoc__arm__nordic_nrf__nrf52.a(soc.c.obj)
                0x00006b04                arch_busy_wait
 .text.board_reel_board_init
                0x00006b18       0x24 zephyr/boards/arm/reel_board/libboards__arm__reel_board.a(board.c.obj)
 .text.ecc_thread
                0x00006b3c      0x190 zephyr/subsys/bluetooth/host/libsubsys__bluetooth__host.a(hci_ecc.c.obj)
 .text.bt_hci_ecc_send
                0x00006ccc      0x110 zephyr/subsys/bluetooth/host/libsubsys__bluetooth__host.a(hci_ecc.c.obj)
                0x00006ccc                bt_hci_ecc_send
 .text.bt_hci_ecc_init
                0x00006ddc       0x48 zephyr/subsys/bluetooth/host/libsubsys__bluetooth__host.a(hci_ecc.c.obj)
                0x00006ddc                bt_hci_ecc_init
 .text.save_id  0x00006e24       0x30 zephyr/subsys/bluetooth/host/libsubsys__bluetooth__host.a(settings.c.obj)
 .text.set      0x00006e54       0xd0 zephyr/subsys/bluetooth/host/libsubsys__bluetooth__host.a(settings.c.obj)
 .text.bt_settings_encode_key
                0x00006f24       0x60 zephyr/subsys/bluetooth/host/libsubsys__bluetooth__host.a(settings.c.obj)
                0x00006f24                bt_settings_encode_key
 .text.bt_settings_save_id
                0x00006f84       0x30 zephyr/subsys/bluetooth/host/libsubsys__bluetooth__host.a(settings.c.obj)
                0x00006f84                bt_settings_save_id
 .text.commit   0x00006fb4       0x70 zephyr/subsys/bluetooth/host/libsubsys__bluetooth__host.a(settings.c.obj)
 .text.uuid_to_uuid128
                0x00007024       0x7c zephyr/subsys/bluetooth/host/libsubsys__bluetooth__host.a(uuid.c.obj)
 .text.le_dhkey_complete
                0x000070a0       0x20 zephyr/subsys/bluetooth/host/libsubsys__bluetooth__host.a(hci_core.c.obj)
 .text.id_find  0x000070c0       0x30 zephyr/subsys/bluetooth/host/libsubsys__bluetooth__host.a(hci_core.c.obj)
 .text.valid_adv_param
                0x000070f0       0x7c zephyr/subsys/bluetooth/host/libsubsys__bluetooth__host.a(hci_core.c.obj)
 .text.le_pkey_complete
                0x0000716c       0x50 zephyr/subsys/bluetooth/host/libsubsys__bluetooth__host.a(hci_core.c.obj)
 .text.hci_le_meta_event
                0x000071bc       0x20 zephyr/subsys/bluetooth/host/libsubsys__bluetooth__host.a(hci_core.c.obj)
 .text.hci_encrypt_key_refresh_complete
                0x000071dc       0x4c zephyr/subsys/bluetooth/host/libsubsys__bluetooth__host.a(hci_core.c.obj)
 .text.hci_encrypt_change
                0x00007228       0x50 zephyr/subsys/bluetooth/host/libsubsys__bluetooth__host.a(hci_core.c.obj)
 .text.find_pending_connect.part.0
                0x00007278       0x3c zephyr/subsys/bluetooth/host/libsubsys__bluetooth__host.a(hci_core.c.obj)
 .text.le_adv_start_add_conn
                0x000072b4       0xa8 zephyr/subsys/bluetooth/host/libsubsys__bluetooth__host.a(hci_core.c.obj)
 .text.le_rpa_invalidate
                0x0000735c       0x38 zephyr/subsys/bluetooth/host/libsubsys__bluetooth__host.a(hci_core.c.obj)
 .text.hci_num_completed_packets
                0x00007394       0xf8 zephyr/subsys/bluetooth/host/libsubsys__bluetooth__host.a(hci_core.c.obj)
 .text.hci_cmd_done.isra.0
                0x0000748c       0x7c zephyr/subsys/bluetooth/host/libsubsys__bluetooth__host.a(hci_core.c.obj)
 .text.hci_cmd_complete
                0x00007508       0x2c zephyr/subsys/bluetooth/host/libsubsys__bluetooth__host.a(hci_core.c.obj)
 .text.hci_tx_thread
                0x00007534      0x128 zephyr/subsys/bluetooth/host/libsubsys__bluetooth__host.a(hci_core.c.obj)
 .text.hci_cmd_status
                0x0000765c       0x28 zephyr/subsys/bluetooth/host/libsubsys__bluetooth__host.a(hci_core.c.obj)
 .text.bt_hci_cmd_create
                0x00007684       0x70 zephyr/subsys/bluetooth/host/libsubsys__bluetooth__host.a(hci_core.c.obj)
                0x00007684                bt_hci_cmd_create
 .text.bt_hci_cmd_send
                0x000076f4       0x44 zephyr/subsys/bluetooth/host/libsubsys__bluetooth__host.a(hci_core.c.obj)
                0x000076f4                bt_hci_cmd_send
 .text.bt_hci_cmd_send_sync
                0x00007738       0xc4 zephyr/subsys/bluetooth/host/libsubsys__bluetooth__host.a(hci_core.c.obj)
                0x00007738                bt_hci_cmd_send_sync
 .text.set_random_address
                0x000077fc       0x5c zephyr/subsys/bluetooth/host/libsubsys__bluetooth__host.a(hci_core.c.obj)
 .text.le_set_private_addr
                0x00007858       0x6c zephyr/subsys/bluetooth/host/libsubsys__bluetooth__host.a(hci_core.c.obj)
 .text.le_adv_set_random_addr.isra.0
                0x000078c4       0x84 zephyr/subsys/bluetooth/host/libsubsys__bluetooth__host.a(hci_core.c.obj)
 .text.set_le_adv_enable_legacy
                0x00007948       0x5c zephyr/subsys/bluetooth/host/libsubsys__bluetooth__host.a(hci_core.c.obj)
 .text.set_le_scan_enable_legacy
                0x000079a4       0x78 zephyr/subsys/bluetooth/host/libsubsys__bluetooth__host.a(hci_core.c.obj)
 .text.le_update_private_addr
                0x00007a1c       0x84 zephyr/subsys/bluetooth/host/libsubsys__bluetooth__host.a(hci_core.c.obj)
 .text.rpa_timeout
                0x00007aa0       0x4c zephyr/subsys/bluetooth/host/libsubsys__bluetooth__host.a(hci_core.c.obj)
 .text.hci_id_add
                0x00007aec       0x64 zephyr/subsys/bluetooth/host/libsubsys__bluetooth__host.a(hci_core.c.obj)
 .text.le_adv_update.constprop.0
                0x00007b50       0xe8 zephyr/subsys/bluetooth/host/libsubsys__bluetooth__host.a(hci_core.c.obj)
 .text.le_adv_report
                0x00007c38      0x134 zephyr/subsys/bluetooth/host/libsubsys__bluetooth__host.a(hci_core.c.obj)
 .text.bt_le_scan_random_addr_check
                0x00007d6c       0x40 zephyr/subsys/bluetooth/host/libsubsys__bluetooth__host.a(hci_core.c.obj)
                0x00007d6c                bt_le_scan_random_addr_check
 .text.conn_auto_initiate
                0x00007dac       0xb0 zephyr/subsys/bluetooth/host/libsubsys__bluetooth__host.a(hci_core.c.obj)
 .text.bt_id_add
                0x00007e5c      0x138 zephyr/subsys/bluetooth/host/libsubsys__bluetooth__host.a(hci_core.c.obj)
                0x00007e5c                bt_id_add
 .text.bt_id_del
                0x00007f94      0x120 zephyr/subsys/bluetooth/host/libsubsys__bluetooth__host.a(hci_core.c.obj)
                0x00007f94                bt_id_del
 .text.bt_le_scan_update
                0x000080b4       0x2c zephyr/subsys/bluetooth/host/libsubsys__bluetooth__host.a(hci_core.c.obj)
                0x000080b4                bt_le_scan_update
 .text.id_create
                0x000080e0       0xb0 zephyr/subsys/bluetooth/host/libsubsys__bluetooth__host.a(hci_core.c.obj)
 .text.hci_event_prio
                0x00008190       0xa4 zephyr/subsys/bluetooth/host/libsubsys__bluetooth__host.a(hci_core.c.obj)
                0x00008190                hci_event_prio
 .text.bt_recv  0x00008234       0xf4 zephyr/subsys/bluetooth/host/libsubsys__bluetooth__host.a(hci_core.c.obj)
                0x00008234                bt_recv
 .text.bt_recv_prio
                0x00008328       0x3c zephyr/subsys/bluetooth/host/libsubsys__bluetooth__host.a(hci_core.c.obj)
                0x00008328                bt_recv_prio
 .text.bt_hci_driver_register
                0x00008364       0x28 zephyr/subsys/bluetooth/host/libsubsys__bluetooth__host.a(hci_core.c.obj)
                0x00008364                bt_hci_driver_register
 .text.bt_finalize_init
                0x0000838c       0x18 zephyr/subsys/bluetooth/host/libsubsys__bluetooth__host.a(hci_core.c.obj)
                0x0000838c                bt_finalize_init
 .text.init_work
                0x000083a4       0x18 zephyr/subsys/bluetooth/host/libsubsys__bluetooth__host.a(hci_core.c.obj)
 .text.bt_enable
                0x000083bc       0xb8 zephyr/subsys/bluetooth/host/libsubsys__bluetooth__host.a(hci_core.c.obj)
                0x000083bc                bt_enable
 .text.bt_set_name
                0x00008474       0x7c zephyr/subsys/bluetooth/host/libsubsys__bluetooth__host.a(hci_core.c.obj)
                0x00008474                bt_set_name
 .text.bt_get_name
                0x000084f0        0x8 zephyr/subsys/bluetooth/host/libsubsys__bluetooth__host.a(hci_core.c.obj)
                0x000084f0                bt_get_name
 .text.bt_id_create
                0x000084f8       0x68 zephyr/subsys/bluetooth/host/libsubsys__bluetooth__host.a(hci_core.c.obj)
                0x000084f8                bt_id_create
 .text.bt_setup_public_id_addr
                0x00008560       0xd4 zephyr/subsys/bluetooth/host/libsubsys__bluetooth__host.a(hci_core.c.obj)
                0x00008560                bt_setup_public_id_addr
 .text.bt_read_static_addr
                0x00008634       0x60 zephyr/subsys/bluetooth/host/libsubsys__bluetooth__host.a(hci_core.c.obj)
                0x00008634                bt_read_static_addr
 .text.bt_setup_random_id_addr
                0x00008694       0x94 zephyr/subsys/bluetooth/host/libsubsys__bluetooth__host.a(hci_core.c.obj)
                0x00008694                bt_setup_random_id_addr
 .text.bt_le_adv_start_legacy
                0x00008728      0x238 zephyr/subsys/bluetooth/host/libsubsys__bluetooth__host.a(hci_core.c.obj)
                0x00008728                bt_le_adv_start_legacy
 .text.bt_le_adv_start
                0x00008960       0x1c zephyr/subsys/bluetooth/host/libsubsys__bluetooth__host.a(hci_core.c.obj)
                0x00008960                bt_le_adv_start
 .text.bt_le_adv_stop
                0x0000897c       0x98 zephyr/subsys/bluetooth/host/libsubsys__bluetooth__host.a(hci_core.c.obj)
                0x0000897c                bt_le_adv_stop
 .text.bt_le_adv_resume
                0x00008a14       0x8c zephyr/subsys/bluetooth/host/libsubsys__bluetooth__host.a(hci_core.c.obj)
                0x00008a14                bt_le_adv_resume
 .text.enh_conn_complete
                0x00008aa0      0x1a0 zephyr/subsys/bluetooth/host/libsubsys__bluetooth__host.a(hci_core.c.obj)
 .text.le_legacy_conn_complete
                0x00008c40       0x6c zephyr/subsys/bluetooth/host/libsubsys__bluetooth__host.a(hci_core.c.obj)
 .text.bt_le_scan_start
                0x00008cac      0x160 zephyr/subsys/bluetooth/host/libsubsys__bluetooth__host.a(hci_core.c.obj)
                0x00008cac                bt_le_scan_start
 .text.bt_le_scan_stop
                0x00008e0c       0x2c zephyr/subsys/bluetooth/host/libsubsys__bluetooth__host.a(hci_core.c.obj)
                0x00008e0c                bt_le_scan_stop
 .text.bt_buf_get_rx
                0x00008e38       0x20 zephyr/subsys/bluetooth/host/libsubsys__bluetooth__host.a(hci_core.c.obj)
                0x00008e38                bt_buf_get_rx
 .text.bt_buf_get_cmd_complete
                0x00008e58       0x4c zephyr/subsys/bluetooth/host/libsubsys__bluetooth__host.a(hci_core.c.obj)
                0x00008e58                bt_buf_get_cmd_complete
 .text.bt_buf_get_evt
                0x00008ea4       0x54 zephyr/subsys/bluetooth/host/libsubsys__bluetooth__host.a(hci_core.c.obj)
                0x00008ea4                bt_buf_get_evt
 .text.bt_pub_key_gen
                0x00008ef8       0x68 zephyr/subsys/bluetooth/host/libsubsys__bluetooth__host.a(hci_core.c.obj)
                0x00008ef8                bt_pub_key_gen
 .text.bt_pub_key_get
                0x00008f60       0x1c zephyr/subsys/bluetooth/host/libsubsys__bluetooth__host.a(hci_core.c.obj)
                0x00008f60                bt_pub_key_get
 .text.bt_dh_key_gen
                0x00008f7c       0x74 zephyr/subsys/bluetooth/host/libsubsys__bluetooth__host.a(hci_core.c.obj)
                0x00008f7c                bt_dh_key_gen
 .text.tx_free  0x00008ff0       0x14 zephyr/subsys/bluetooth/host/libsubsys__bluetooth__host.a(conn.c.obj)
 .text.notify_connected
                0x00009004       0x2c zephyr/subsys/bluetooth/host/libsubsys__bluetooth__host.a(conn.c.obj)
 .text.send_frag
                0x00009030      0x114 zephyr/subsys/bluetooth/host/libsubsys__bluetooth__host.a(conn.c.obj)
 .text.bt_conn_get_pkts
                0x00009144        0x8 zephyr/subsys/bluetooth/host/libsubsys__bluetooth__host.a(conn.c.obj)
                0x00009144                bt_conn_get_pkts
 .text.notify_le_param_updated
                0x0000914c       0x68 zephyr/subsys/bluetooth/host/libsubsys__bluetooth__host.a(conn.c.obj)
                0x0000914c                notify_le_param_updated
 .text.le_param_req
                0x000091b4       0x40 zephyr/subsys/bluetooth/host/libsubsys__bluetooth__host.a(conn.c.obj)
                0x000091b4                le_param_req
 .text.bt_conn_identity_resolved
                0x000091f4       0x34 zephyr/subsys/bluetooth/host/libsubsys__bluetooth__host.a(conn.c.obj)
                0x000091f4                bt_conn_identity_resolved
 .text.bt_conn_security_changed
                0x00009228       0x2c zephyr/subsys/bluetooth/host/libsubsys__bluetooth__host.a(conn.c.obj)
                0x00009228                bt_conn_security_changed
 .text.conn_cleanup
                0x00009254       0x44 zephyr/subsys/bluetooth/host/libsubsys__bluetooth__host.a(conn.c.obj)
 .text.bt_conn_send_cb
                0x00009298       0x88 zephyr/subsys/bluetooth/host/libsubsys__bluetooth__host.a(conn.c.obj)
                0x00009298                bt_conn_send_cb
 .text.bt_conn_prepare_events
                0x00009320       0x7c zephyr/subsys/bluetooth/host/libsubsys__bluetooth__host.a(conn.c.obj)
                0x00009320                bt_conn_prepare_events
 .text.bt_conn_add_le
                0x0000939c       0x54 zephyr/subsys/bluetooth/host/libsubsys__bluetooth__host.a(conn.c.obj)
                0x0000939c                bt_conn_add_le
 .text.bt_conn_lookup_handle
                0x000093f0       0x10 zephyr/subsys/bluetooth/host/libsubsys__bluetooth__host.a(conn.c.obj)
                0x000093f0                bt_conn_lookup_handle
 .text.bt_conn_lookup_addr_le
                0x00009400       0x38 zephyr/subsys/bluetooth/host/libsubsys__bluetooth__host.a(conn.c.obj)
                0x00009400                bt_conn_lookup_addr_le
 .text.bt_conn_lookup_state_le
                0x00009438       0x4c zephyr/subsys/bluetooth/host/libsubsys__bluetooth__host.a(conn.c.obj)
                0x00009438                bt_conn_lookup_state_le
 .text.bt_conn_set_state
                0x00009484      0x15c zephyr/subsys/bluetooth/host/libsubsys__bluetooth__host.a(conn.c.obj)
                0x00009484                bt_conn_set_state
 .text.send_conn_le_param_update
                0x000095e0       0x5c zephyr/subsys/bluetooth/host/libsubsys__bluetooth__host.a(conn.c.obj)
 .text.deferred_work
                0x0000963c       0x9c zephyr/subsys/bluetooth/host/libsubsys__bluetooth__host.a(conn.c.obj)
 .text.bt_conn_create_pdu_timeout
                0x000096d8       0x24 zephyr/subsys/bluetooth/host/libsubsys__bluetooth__host.a(conn.c.obj)
                0x000096d8                bt_conn_create_pdu_timeout
 .text.bt_conn_create_frag_timeout
                0x000096fc        0xc zephyr/subsys/bluetooth/host/libsubsys__bluetooth__host.a(conn.c.obj)
                0x000096fc                bt_conn_create_frag_timeout
 .text.create_frag.isra.0
                0x00009708       0x6c zephyr/subsys/bluetooth/host/libsubsys__bluetooth__host.a(conn.c.obj)
 .text.bt_conn_process_tx
                0x00009774       0xd0 zephyr/subsys/bluetooth/host/libsubsys__bluetooth__host.a(conn.c.obj)
                0x00009774                bt_conn_process_tx
 .text.bt_conn_index
                0x00009844       0x18 zephyr/subsys/bluetooth/host/libsubsys__bluetooth__host.a(conn.c.obj)
                0x00009844                bt_conn_index
 .text.bt_conn_init
                0x0000985c       0x38 zephyr/subsys/bluetooth/host/libsubsys__bluetooth__host.a(conn.c.obj)
                0x0000985c                bt_conn_init
 .text.l2cap_accept
                0x00009894       0x1c zephyr/subsys/bluetooth/host/libsubsys__bluetooth__host.a(l2cap.c.obj)
 .text.bt_l2cap_connected
                0x000098b0       0xb8 zephyr/subsys/bluetooth/host/libsubsys__bluetooth__host.a(l2cap.c.obj)
                0x000098b0                bt_l2cap_connected
 .text.bt_l2cap_update_conn_param
                0x00009968       0x5c zephyr/subsys/bluetooth/host/libsubsys__bluetooth__host.a(l2cap.c.obj)
                0x00009968                bt_l2cap_update_conn_param
 .text.att_cfm_sent
                0x000099c4       0x10 zephyr/subsys/bluetooth/host/libsubsys__bluetooth__host.a(att.c.obj)
 .text.att_rsp_sent
                0x000099d4       0x10 zephyr/subsys/bluetooth/host/libsubsys__bluetooth__host.a(att.c.obj)
 .text.att_req_sent
                0x000099e4       0x10 zephyr/subsys/bluetooth/host/libsubsys__bluetooth__host.a(att.c.obj)
 .text.bt_att_released
                0x000099f4       0x18 zephyr/subsys/bluetooth/host/libsubsys__bluetooth__host.a(att.c.obj)
 .text.read_group_cb
                0x00009a0c       0xac zephyr/subsys/bluetooth/host/libsubsys__bluetooth__host.a(att.c.obj)
 .text.read_type_cb
                0x00009ab8       0xa8 zephyr/subsys/bluetooth/host/libsubsys__bluetooth__host.a(att.c.obj)
 .text.chan_req_sent
                0x00009b60       0x1c zephyr/subsys/bluetooth/host/libsubsys__bluetooth__host.a(att.c.obj)
 .text.bt_att_accept
                0x00009b7c       0xa0 zephyr/subsys/bluetooth/host/libsubsys__bluetooth__host.a(att.c.obj)
 .text.bt_att_connected
                0x00009c1c       0x5c zephyr/subsys/bluetooth/host/libsubsys__bluetooth__host.a(att.c.obj)
 .text.chan_send
                0x00009c78       0xcc zephyr/subsys/bluetooth/host/libsubsys__bluetooth__host.a(att.c.obj)
 .text.att_write_cmd
                0x00009d44       0x80 zephyr/subsys/bluetooth/host/libsubsys__bluetooth__host.a(att.c.obj)
 .text.send_err_rsp.part.0
                0x00009dc4       0x40 zephyr/subsys/bluetooth/host/libsubsys__bluetooth__host.a(att.c.obj)
 .text.bt_att_recv
                0x00009e04       0xd8 zephyr/subsys/bluetooth/host/libsubsys__bluetooth__host.a(att.c.obj)
 .text.att_write_req
                0x00009edc       0xbc zephyr/subsys/bluetooth/host/libsubsys__bluetooth__host.a(att.c.obj)
 .text.att_read_group_req
                0x00009f98      0x108 zephyr/subsys/bluetooth/host/libsubsys__bluetooth__host.a(att.c.obj)
 .text.att_read_mult_req
                0x0000a0a0       0x8c zephyr/subsys/bluetooth/host/libsubsys__bluetooth__host.a(att.c.obj)
 .text.att_read_rsp
                0x0000a12c       0x94 zephyr/subsys/bluetooth/host/libsubsys__bluetooth__host.a(att.c.obj)
 .text.att_read_type_req
                0x0000a1c0       0xc8 zephyr/subsys/bluetooth/host/libsubsys__bluetooth__host.a(att.c.obj)
 .text.att_find_type_req
                0x0000a288       0xdc zephyr/subsys/bluetooth/host/libsubsys__bluetooth__host.a(att.c.obj)
 .text.att_find_info_req
                0x0000a364       0x78 zephyr/subsys/bluetooth/host/libsubsys__bluetooth__host.a(att.c.obj)
 .text.att_mtu_req
                0x0000a3dc       0x6c zephyr/subsys/bluetooth/host/libsubsys__bluetooth__host.a(att.c.obj)
 .text.bt_att_req_alloc
                0x0000a448       0x2c zephyr/subsys/bluetooth/host/libsubsys__bluetooth__host.a(att.c.obj)
                0x0000a448                bt_att_req_alloc
 .text.bt_att_req_free
                0x0000a474       0x18 zephyr/subsys/bluetooth/host/libsubsys__bluetooth__host.a(att.c.obj)
                0x0000a474                bt_att_req_free
 .text.att_handle_rsp
                0x0000a48c       0xd0 zephyr/subsys/bluetooth/host/libsubsys__bluetooth__host.a(att.c.obj)
 .text.bt_att_encrypt_change
                0x0000a55c       0x70 zephyr/subsys/bluetooth/host/libsubsys__bluetooth__host.a(att.c.obj)
 .text.att_reset
                0x0000a5cc       0x54 zephyr/subsys/bluetooth/host/libsubsys__bluetooth__host.a(att.c.obj)
 .text.db_hash_set
                0x0000a620       0x18 zephyr/subsys/bluetooth/host/libsubsys__bluetooth__host.a(gatt.c.obj)
 .text.sc_store
                0x0000a638       0x40 zephyr/subsys/bluetooth/host/libsubsys__bluetooth__host.a(gatt.c.obj)
 .text.ccc_load
                0x0000a678       0x8c zephyr/subsys/bluetooth/host/libsubsys__bluetooth__host.a(gatt.c.obj)
 .text.ccc_save
                0x0000a704       0x38 zephyr/subsys/bluetooth/host/libsubsys__bluetooth__host.a(gatt.c.obj)
 .text.remove_peer_from_attr
                0x0000a73c       0x28 zephyr/subsys/bluetooth/host/libsubsys__bluetooth__host.a(gatt.c.obj)
 .text.sc_commit
                0x0000a764       0x3c zephyr/subsys/bluetooth/host/libsubsys__bluetooth__host.a(gatt.c.obj)
 .text.find_cf_cfg_by_addr
                0x0000a7a0       0x44 zephyr/subsys/bluetooth/host/libsubsys__bluetooth__host.a(gatt.c.obj)
 .text.find_sc_cfg
                0x0000a7e4       0x44 zephyr/subsys/bluetooth/host/libsubsys__bluetooth__host.a(gatt.c.obj)
 .text.find_cf_cfg
                0x0000a828       0x60 zephyr/subsys/bluetooth/host/libsubsys__bluetooth__host.a(gatt.c.obj)
 .text.sc_indicate_rsp
                0x0000a888       0x54 zephyr/subsys/bluetooth/host/libsubsys__bluetooth__host.a(gatt.c.obj)
 .text.read_ppcp
                0x0000a8dc       0x38 zephyr/subsys/bluetooth/host/libsubsys__bluetooth__host.a(gatt.c.obj)
 .text.bt_gatt_clear_sc
                0x0000a914       0x4c zephyr/subsys/bluetooth/host/libsubsys__bluetooth__host.a(gatt.c.obj)
 .text.disconnected_cb
                0x0000a960       0x8c zephyr/subsys/bluetooth/host/libsubsys__bluetooth__host.a(gatt.c.obj)
 .text.gatt_indicate
                0x0000a9ec       0x8c zephyr/subsys/bluetooth/host/libsubsys__bluetooth__host.a(gatt.c.obj)
 .text.notify_cb
                0x0000aa78       0xd4 zephyr/subsys/bluetooth/host/libsubsys__bluetooth__host.a(gatt.c.obj)
 .text.bt_gatt_init
                0x0000ab4c       0xc0 zephyr/subsys/bluetooth/host/libsubsys__bluetooth__host.a(gatt.c.obj)
                0x0000ab4c                bt_gatt_init
 .text.bt_gatt_attr_get_handle
                0x0000ac0c       0x60 zephyr/subsys/bluetooth/host/libsubsys__bluetooth__host.a(gatt.c.obj)
                0x0000ac0c                bt_gatt_attr_get_handle
 .text.bt_gatt_foreach_attr_type
                0x0000ac6c       0xb4 zephyr/subsys/bluetooth/host/libsubsys__bluetooth__host.a(gatt.c.obj)
                0x0000ac6c                bt_gatt_foreach_attr_type
 .text.db_hash_gen
                0x0000ad20       0x68 zephyr/subsys/bluetooth/host/libsubsys__bluetooth__host.a(gatt.c.obj)
 .text.db_hash_commit
                0x0000ad88       0xc4 zephyr/subsys/bluetooth/host/libsubsys__bluetooth__host.a(gatt.c.obj)
 .text.ccc_set_direct
                0x0000ae4c       0x94 zephyr/subsys/bluetooth/host/libsubsys__bluetooth__host.a(gatt.c.obj)
 .text.bt_gatt_indicate
                0x0000aee0       0xf0 zephyr/subsys/bluetooth/host/libsubsys__bluetooth__host.a(gatt.c.obj)
                0x0000aee0                bt_gatt_indicate
 .text.sc_process
                0x0000afd0       0x5c zephyr/subsys/bluetooth/host/libsubsys__bluetooth__host.a(gatt.c.obj)
 .text.update_ccc
                0x0000b02c       0xe4 zephyr/subsys/bluetooth/host/libsubsys__bluetooth__host.a(gatt.c.obj)
 .text.bt_gatt_connected
                0x0000b110       0x78 zephyr/subsys/bluetooth/host/libsubsys__bluetooth__host.a(gatt.c.obj)
                0x0000b110                bt_gatt_connected
 .text.bt_gatt_encrypt_change
                0x0000b188       0x20 zephyr/subsys/bluetooth/host/libsubsys__bluetooth__host.a(gatt.c.obj)
                0x0000b188                bt_gatt_encrypt_change
 .text.db_hash_read
                0x0000b1a8       0x50 zephyr/subsys/bluetooth/host/libsubsys__bluetooth__host.a(gatt.c.obj)
 .text.bt_gatt_store_ccc
                0x0000b1f8       0x60 zephyr/subsys/bluetooth/host/libsubsys__bluetooth__host.a(gatt.c.obj)
                0x0000b1f8                bt_gatt_store_ccc
 .text.bt_gatt_disconnected
                0x0000b258       0xe0 zephyr/subsys/bluetooth/host/libsubsys__bluetooth__host.a(gatt.c.obj)
                0x0000b258                bt_gatt_disconnected
 .text.get_io_capa
                0x0000b338       0x4c zephyr/subsys/bluetooth/host/libsubsys__bluetooth__host.a(smp.c.obj)
 .text.bt_smp_accept
                0x0000b384       0x1c zephyr/subsys/bluetooth/host/libsubsys__bluetooth__host.a(smp.c.obj)
 .text.get_auth.isra.0
                0x0000b3a0       0x3c zephyr/subsys/bluetooth/host/libsubsys__bluetooth__host.a(smp.c.obj)
 .text.smp_init
                0x0000b3dc       0x3c zephyr/subsys/bluetooth/host/libsubsys__bluetooth__host.a(smp.c.obj)
 .text.smp_send.isra.0
                0x0000b418       0x30 zephyr/subsys/bluetooth/host/libsubsys__bluetooth__host.a(smp.c.obj)
 .text.compute_and_check_and_send_slave_dhcheck
                0x0000b448      0x1c8 zephyr/subsys/bluetooth/host/libsubsys__bluetooth__host.a(smp.c.obj)
 .text.sc_send_public_key
                0x0000b610       0x44 zephyr/subsys/bluetooth/host/libsubsys__bluetooth__host.a(smp.c.obj)
 .text.smp_send_pairing_confirm
                0x0000b654       0x80 zephyr/subsys/bluetooth/host/libsubsys__bluetooth__host.a(smp.c.obj)
 .text.smp_public_key_slave.part.0
                0x0000b6d4       0xc8 zephyr/subsys/bluetooth/host/libsubsys__bluetooth__host.a(smp.c.obj)
 .text.smp_public_key
                0x0000b79c       0x98 zephyr/subsys/bluetooth/host/libsubsys__bluetooth__host.a(smp.c.obj)
 .text.smp_pairing_req
                0x0000b834      0x3b4 zephyr/subsys/bluetooth/host/libsubsys__bluetooth__host.a(smp.c.obj)
 .text.smp_pairing_complete
                0x0000bbe8       0xa8 zephyr/subsys/bluetooth/host/libsubsys__bluetooth__host.a(smp.c.obj)
 .text.bt_smp_dhkey_ready
                0x0000bc90       0x6c zephyr/subsys/bluetooth/host/libsubsys__bluetooth__host.a(smp.c.obj)
 .text.bt_smp_recv
                0x0000bcfc       0x78 zephyr/subsys/bluetooth/host/libsubsys__bluetooth__host.a(smp.c.obj)
 .text.smp_pairing_failed
                0x0000bd74       0x48 zephyr/subsys/bluetooth/host/libsubsys__bluetooth__host.a(smp.c.obj)
 .text.bt_smp_connected
                0x0000bdbc       0x1c zephyr/subsys/bluetooth/host/libsubsys__bluetooth__host.a(smp.c.obj)
 .text.bt_smp_encrypt_change
                0x0000bdd8      0x1f0 zephyr/subsys/bluetooth/host/libsubsys__bluetooth__host.a(smp.c.obj)
 .text.smp_pairing_random
                0x0000bfc8      0x244 zephyr/subsys/bluetooth/host/libsubsys__bluetooth__host.a(smp.c.obj)
 .text.bt_smp_pkey_ready
                0x0000c20c       0x4c zephyr/subsys/bluetooth/host/libsubsys__bluetooth__host.a(smp.c.obj)
 .text.bt_smp_start_security
                0x0000c258      0x178 zephyr/subsys/bluetooth/host/libsubsys__bluetooth__host.a(smp.c.obj)
                0x0000c258                bt_smp_start_security
 .text.bt_smp_init
                0x0000c3d0       0x2c zephyr/subsys/bluetooth/host/libsubsys__bluetooth__host.a(smp.c.obj)
                0x0000c3d0                bt_smp_init
 .text.bt_keys_get_addr
                0x0000c3fc       0x50 zephyr/subsys/bluetooth/host/libsubsys__bluetooth__host.a(keys.c.obj)
                0x0000c3fc                bt_keys_get_addr
 .text.bt_keys_foreach
                0x0000c44c       0x1c zephyr/subsys/bluetooth/host/libsubsys__bluetooth__host.a(keys.c.obj)
                0x0000c44c                bt_keys_foreach
 .text.keys_commit
                0x0000c468       0x14 zephyr/subsys/bluetooth/host/libsubsys__bluetooth__host.a(keys.c.obj)
 .text.bt_keys_find
                0x0000c47c       0x2c zephyr/subsys/bluetooth/host/libsubsys__bluetooth__host.a(keys.c.obj)
                0x0000c47c                bt_keys_find
 .text.bt_keys_find_irk
                0x0000c4a8       0x74 zephyr/subsys/bluetooth/host/libsubsys__bluetooth__host.a(keys.c.obj)
                0x0000c4a8                bt_keys_find_irk
 .text.bt_keys_find_addr
                0x0000c51c       0x20 zephyr/subsys/bluetooth/host/libsubsys__bluetooth__host.a(keys.c.obj)
                0x0000c51c                bt_keys_find_addr
 .text.bt_keys_clear
                0x0000c53c       0x4c zephyr/subsys/bluetooth/host/libsubsys__bluetooth__host.a(keys.c.obj)
                0x0000c53c                bt_keys_clear
 .text.bt_keys_store
                0x0000c588       0x40 zephyr/subsys/bluetooth/host/libsubsys__bluetooth__host.a(keys.c.obj)
                0x0000c588                bt_keys_store
 .text.bt_mesh_provision_adv
                0x0000c5c8       0x40 zephyr/subsys/bluetooth/mesh/libsubsys__bluetooth__mesh.a(main.c.obj)
                0x0000c5c8                bt_mesh_provision_adv
 .text.bt_mesh_reset
                0x0000c608       0x70 zephyr/subsys/bluetooth/mesh/libsubsys__bluetooth__mesh.a(main.c.obj)
                0x0000c608                bt_mesh_reset
 .text.bt_mesh_is_provisioned
                0x0000c678       0x18 zephyr/subsys/bluetooth/mesh/libsubsys__bluetooth__mesh.a(main.c.obj)
                0x0000c678                bt_mesh_is_provisioned
 .text.bt_mesh_start
                0x0000c690       0x40 zephyr/subsys/bluetooth/mesh/libsubsys__bluetooth__mesh.a(main.c.obj)
                0x0000c690                bt_mesh_start
 .text.bt_mesh_provision
                0x0000c6d0       0xfc zephyr/subsys/bluetooth/mesh/libsubsys__bluetooth__mesh.a(main.c.obj)
                0x0000c6d0                bt_mesh_provision
 .text.adv_alloc
                0x0000c7cc       0x10 zephyr/subsys/bluetooth/mesh/libsubsys__bluetooth__mesh.a(adv.c.obj)
 .text.adv_thread
                0x0000c7dc      0x128 zephyr/subsys/bluetooth/mesh/libsubsys__bluetooth__mesh.a(adv.c.obj)
 .text.bt_mesh_adv_create_from_pool
                0x0000c904       0x54 zephyr/subsys/bluetooth/mesh/libsubsys__bluetooth__mesh.a(adv.c.obj)
                0x0000c904                bt_mesh_adv_create_from_pool
 .text.bt_mesh_adv_create
                0x0000c958       0x20 zephyr/subsys/bluetooth/mesh/libsubsys__bluetooth__mesh.a(adv.c.obj)
                0x0000c958                bt_mesh_adv_create
 .text.bt_mesh_adv_send
                0x0000c978       0x28 zephyr/subsys/bluetooth/mesh/libsubsys__bluetooth__mesh.a(adv.c.obj)
                0x0000c978                bt_mesh_adv_send
 .text.bt_mesh_adv_init
                0x0000c9a0       0x4c zephyr/subsys/bluetooth/mesh/libsubsys__bluetooth__mesh.a(adv.c.obj)
                0x0000c9a0                bt_mesh_adv_init
 .text.bt_mesh_scan_enable
                0x0000c9ec       0x30 zephyr/subsys/bluetooth/mesh/libsubsys__bluetooth__mesh.a(adv.c.obj)
                0x0000c9ec                bt_mesh_scan_enable
 .text.k_work_submit_to_queue.constprop.0
                0x0000ca1c       0x30 zephyr/subsys/bluetooth/mesh/libsubsys__bluetooth__mesh.a(beacon.c.obj)
 .text.beacon_send
                0x0000ca4c      0x150 zephyr/subsys/bluetooth/mesh/libsubsys__bluetooth__mesh.a(beacon.c.obj)
 .text.bt_mesh_beacon_create
                0x0000cb9c       0x54 zephyr/subsys/bluetooth/mesh/libsubsys__bluetooth__mesh.a(beacon.c.obj)
                0x0000cb9c                bt_mesh_beacon_create
 .text.secure_beacon_send
                0x0000cbf0       0x78 zephyr/subsys/bluetooth/mesh/libsubsys__bluetooth__mesh.a(beacon.c.obj)
 .text.bt_mesh_beacon_update
                0x0000cc68       0x38 zephyr/subsys/bluetooth/mesh/libsubsys__bluetooth__mesh.a(beacon.c.obj)
                0x0000cc68                bt_mesh_beacon_update
 .text.bt_mesh_beacon_init
                0x0000cca0       0x10 zephyr/subsys/bluetooth/mesh/libsubsys__bluetooth__mesh.a(beacon.c.obj)
                0x0000cca0                bt_mesh_beacon_init
 .text.bt_mesh_beacon_ivu_initiator
                0x0000ccb0       0x54 zephyr/subsys/bluetooth/mesh/libsubsys__bluetooth__mesh.a(beacon.c.obj)
                0x0000ccb0                bt_mesh_beacon_ivu_initiator
 .text.bt_mesh_beacon_recv
                0x0000cd04      0x138 zephyr/subsys/bluetooth/mesh/libsubsys__bluetooth__mesh.a(beacon.c.obj)
                0x0000cd04                bt_mesh_beacon_recv
 .text.bt_mesh_beacon_enable
                0x0000ce3c       0x1c zephyr/subsys/bluetooth/mesh/libsubsys__bluetooth__mesh.a(beacon.c.obj)
                0x0000ce3c                bt_mesh_beacon_enable
 .text.bt_mesh_beacon_disable
                0x0000ce58       0x20 zephyr/subsys/bluetooth/mesh/libsubsys__bluetooth__mesh.a(beacon.c.obj)
                0x0000ce58                bt_mesh_beacon_disable
 .text.bt_mesh_net_local
                0x0000ce78       0xcc zephyr/subsys/bluetooth/mesh/libsubsys__bluetooth__mesh.a(net.c.obj)
 .text.net_decrypt
                0x0000cf44       0xe8 zephyr/subsys/bluetooth/mesh/libsubsys__bluetooth__mesh.a(net.c.obj)
 .text.atomic_set_bit_to.constprop.0
                0x0000d02c       0x34 zephyr/subsys/bluetooth/mesh/libsubsys__bluetooth__mesh.a(net.c.obj)
 .text.bt_mesh_net_create
                0x0000d060       0x68 zephyr/subsys/bluetooth/mesh/libsubsys__bluetooth__mesh.a(net.c.obj)
                0x0000d060                bt_mesh_net_create
 .text.bt_mesh_net_iv_update
                0x0000d0c8       0xd0 zephyr/subsys/bluetooth/mesh/libsubsys__bluetooth__mesh.a(net.c.obj)
                0x0000d0c8                bt_mesh_net_iv_update
 .text.ivu_refresh
                0x0000d198       0x64 zephyr/subsys/bluetooth/mesh/libsubsys__bluetooth__mesh.a(net.c.obj)
 .text.bt_mesh_next_seq
                0x0000d1fc       0x4c zephyr/subsys/bluetooth/mesh/libsubsys__bluetooth__mesh.a(net.c.obj)
                0x0000d1fc                bt_mesh_next_seq
 .text.net_header_encode
                0x0000d248       0x8c zephyr/subsys/bluetooth/mesh/libsubsys__bluetooth__mesh.a(net.c.obj)
 .text.bt_mesh_net_send
                0x0000d2d4      0x15c zephyr/subsys/bluetooth/mesh/libsubsys__bluetooth__mesh.a(net.c.obj)
                0x0000d2d4                bt_mesh_net_send
 .text.bt_mesh_net_loopback_clear
                0x0000d430       0x48 zephyr/subsys/bluetooth/mesh/libsubsys__bluetooth__mesh.a(net.c.obj)
                0x0000d430                bt_mesh_net_loopback_clear
 .text.bt_mesh_net_decode
                0x0000d478      0x124 zephyr/subsys/bluetooth/mesh/libsubsys__bluetooth__mesh.a(net.c.obj)
                0x0000d478                bt_mesh_net_decode
 .text.bt_mesh_net_recv
                0x0000d59c      0x1c4 zephyr/subsys/bluetooth/mesh/libsubsys__bluetooth__mesh.a(net.c.obj)
                0x0000d59c                bt_mesh_net_recv
 .text.bt_mesh_net_init
                0x0000d760       0x28 zephyr/subsys/bluetooth/mesh/libsubsys__bluetooth__mesh.a(net.c.obj)
                0x0000d760                bt_mesh_net_init
 .text.subnet_evt
                0x0000d788       0x24 zephyr/subsys/bluetooth/mesh/libsubsys__bluetooth__mesh.a(subnet.c.obj)
 .text.net_keys_create
                0x0000d7ac       0x5c zephyr/subsys/bluetooth/mesh/libsubsys__bluetooth__mesh.a(subnet.c.obj)
 .text.bt_mesh_net_flags
                0x0000d808       0x24 zephyr/subsys/bluetooth/mesh/libsubsys__bluetooth__mesh.a(subnet.c.obj)
                0x0000d808                bt_mesh_net_flags
 .text.bt_mesh_subnet_add
                0x0000d82c       0x5c zephyr/subsys/bluetooth/mesh/libsubsys__bluetooth__mesh.a(subnet.c.obj)
                0x0000d82c                bt_mesh_subnet_add
 .text.bt_mesh_subnets_get
                0x0000d888       0x38 zephyr/subsys/bluetooth/mesh/libsubsys__bluetooth__mesh.a(subnet.c.obj)
                0x0000d888                bt_mesh_subnets_get
 .text.bt_mesh_subnet_get
                0x0000d8c0       0x14 zephyr/subsys/bluetooth/mesh/libsubsys__bluetooth__mesh.a(subnet.c.obj)
                0x0000d8c0                bt_mesh_subnet_get
 .text.bt_mesh_subnet_kr_phase_set
                0x0000d8d4       0x54 zephyr/subsys/bluetooth/mesh/libsubsys__bluetooth__mesh.a(subnet.c.obj)
                0x0000d8d4                bt_mesh_subnet_kr_phase_set
 .text.bt_mesh_subnet_set
                0x0000d928       0x64 zephyr/subsys/bluetooth/mesh/libsubsys__bluetooth__mesh.a(subnet.c.obj)
                0x0000d928                bt_mesh_subnet_set
 .text.bt_mesh_subnet_find
                0x0000d98c       0x24 zephyr/subsys/bluetooth/mesh/libsubsys__bluetooth__mesh.a(subnet.c.obj)
                0x0000d98c                bt_mesh_subnet_find
 .text.bt_mesh_subnet_foreach
                0x0000d9b0       0x20 zephyr/subsys/bluetooth/mesh/libsubsys__bluetooth__mesh.a(subnet.c.obj)
                0x0000d9b0                bt_mesh_subnet_foreach
 .text.bt_mesh_subnet_next
                0x0000d9d0       0x30 zephyr/subsys/bluetooth/mesh/libsubsys__bluetooth__mesh.a(subnet.c.obj)
                0x0000d9d0                bt_mesh_subnet_next
 .text.bt_mesh_net_keys_reset
                0x0000da00       0x18 zephyr/subsys/bluetooth/mesh/libsubsys__bluetooth__mesh.a(subnet.c.obj)
                0x0000da00                bt_mesh_net_keys_reset
 .text.bt_mesh_net_cred_find
                0x0000da18       0x60 zephyr/subsys/bluetooth/mesh/libsubsys__bluetooth__mesh.a(subnet.c.obj)
                0x0000da18                bt_mesh_net_cred_find
 .text.app_key_evt
                0x0000da78       0x28 zephyr/subsys/bluetooth/mesh/libsubsys__bluetooth__mesh.a(app_keys.c.obj)
 .text.subnet_evt
                0x0000daa0       0x78 zephyr/subsys/bluetooth/mesh/libsubsys__bluetooth__mesh.a(app_keys.c.obj)
 .text.bt_mesh_app_key_add
                0x0000db18       0x84 zephyr/subsys/bluetooth/mesh/libsubsys__bluetooth__mesh.a(app_keys.c.obj)
                0x0000db18                bt_mesh_app_key_add
 .text.bt_mesh_app_key_get
                0x0000db9c       0x14 zephyr/subsys/bluetooth/mesh/libsubsys__bluetooth__mesh.a(app_keys.c.obj)
                0x0000db9c                bt_mesh_app_key_get
 .text.bt_mesh_app_key_update
                0x0000dbb0       0x88 zephyr/subsys/bluetooth/mesh/libsubsys__bluetooth__mesh.a(app_keys.c.obj)
                0x0000dbb0                bt_mesh_app_key_update
 .text.bt_mesh_app_key_del
                0x0000dc38       0x48 zephyr/subsys/bluetooth/mesh/libsubsys__bluetooth__mesh.a(app_keys.c.obj)
                0x0000dc38                bt_mesh_app_key_del
 .text.bt_mesh_app_key_set
                0x0000dc80       0x80 zephyr/subsys/bluetooth/mesh/libsubsys__bluetooth__mesh.a(app_keys.c.obj)
                0x0000dc80                bt_mesh_app_key_set
 .text.bt_mesh_app_key_exists
                0x0000dd00       0x10 zephyr/subsys/bluetooth/mesh/libsubsys__bluetooth__mesh.a(app_keys.c.obj)
                0x0000dd00                bt_mesh_app_key_exists
 .text.bt_mesh_app_keys_get
                0x0000dd10       0x40 zephyr/subsys/bluetooth/mesh/libsubsys__bluetooth__mesh.a(app_keys.c.obj)
                0x0000dd10                bt_mesh_app_keys_get
 .text.bt_mesh_keys_resolve
                0x0000dd50       0x9c zephyr/subsys/bluetooth/mesh/libsubsys__bluetooth__mesh.a(app_keys.c.obj)
                0x0000dd50                bt_mesh_keys_resolve
 .text.bt_mesh_app_key_find
                0x0000ddec       0xa0 zephyr/subsys/bluetooth/mesh/libsubsys__bluetooth__mesh.a(app_keys.c.obj)
                0x0000ddec                bt_mesh_app_key_find
 .text.bt_mesh_app_keys_reset
                0x0000de8c       0x18 zephyr/subsys/bluetooth/mesh/libsubsys__bluetooth__mesh.a(app_keys.c.obj)
                0x0000de8c                bt_mesh_app_keys_reset
 .text.k_delayed_work_submit
                0x0000dea4        0xc zephyr/subsys/bluetooth/mesh/libsubsys__bluetooth__mesh.a(transport.c.obj)
 .text.sdu_recv
                0x0000deb0       0x94 zephyr/subsys/bluetooth/mesh/libsubsys__bluetooth__mesh.a(transport.c.obj)
 .text.seg_rx_reset
                0x0000df44       0x54 zephyr/subsys/bluetooth/mesh/libsubsys__bluetooth__mesh.a(transport.c.obj)
 .text.seg_tx_reset
                0x0000df98       0x9c zephyr/subsys/bluetooth/mesh/libsubsys__bluetooth__mesh.a(transport.c.obj)
 .text.seg_tx_complete
                0x0000e034       0x94 zephyr/subsys/bluetooth/mesh/libsubsys__bluetooth__mesh.a(transport.c.obj)
 .text.seg_tx_send_unacked
                0x0000e0c8      0x1dc zephyr/subsys/bluetooth/mesh/libsubsys__bluetooth__mesh.a(transport.c.obj)
 .text.ctl_recv
                0x0000e2a4      0x1b4 zephyr/subsys/bluetooth/mesh/libsubsys__bluetooth__mesh.a(transport.c.obj)
 .text.send_seg
                0x0000e458      0x1dc zephyr/subsys/bluetooth/mesh/libsubsys__bluetooth__mesh.a(transport.c.obj)
 .text.bt_mesh_set_hb_sub_dst
                0x0000e634        0xc zephyr/subsys/bluetooth/mesh/libsubsys__bluetooth__mesh.a(transport.c.obj)
                0x0000e634                bt_mesh_set_hb_sub_dst
 .text.bt_mesh_tx_in_progress
                0x0000e640       0x20 zephyr/subsys/bluetooth/mesh/libsubsys__bluetooth__mesh.a(transport.c.obj)
                0x0000e640                bt_mesh_tx_in_progress
 .text.bt_mesh_trans_send
                0x0000e660      0x110 zephyr/subsys/bluetooth/mesh/libsubsys__bluetooth__mesh.a(transport.c.obj)
                0x0000e660                bt_mesh_trans_send
 .text.bt_mesh_trans_recv
                0x0000e770      0x4bc zephyr/subsys/bluetooth/mesh/libsubsys__bluetooth__mesh.a(transport.c.obj)
                0x0000e770                bt_mesh_trans_recv
 .text.bt_mesh_rx_reset
                0x0000ec2c       0x28 zephyr/subsys/bluetooth/mesh/libsubsys__bluetooth__mesh.a(transport.c.obj)
                0x0000ec2c                bt_mesh_rx_reset
 .text.bt_mesh_trans_reset
                0x0000ec54       0x30 zephyr/subsys/bluetooth/mesh/libsubsys__bluetooth__mesh.a(transport.c.obj)
                0x0000ec54                bt_mesh_trans_reset
 .text.bt_mesh_trans_init
                0x0000ec84       0x5c zephyr/subsys/bluetooth/mesh/libsubsys__bluetooth__mesh.a(transport.c.obj)
                0x0000ec84                bt_mesh_trans_init
 .text.bt_mesh_rpl_check
                0x0000ece0       0x68 zephyr/subsys/bluetooth/mesh/libsubsys__bluetooth__mesh.a(rpl.c.obj)
                0x0000ece0                bt_mesh_rpl_check
 .text.bt_mesh_rpl_find
                0x0000ed48       0x20 zephyr/subsys/bluetooth/mesh/libsubsys__bluetooth__mesh.a(rpl.c.obj)
                0x0000ed48                bt_mesh_rpl_find
 .text.bt_mesh_rpl_alloc
                0x0000ed68       0x24 zephyr/subsys/bluetooth/mesh/libsubsys__bluetooth__mesh.a(rpl.c.obj)
                0x0000ed68                bt_mesh_rpl_alloc
 .text.bt_mesh_rpl_foreach
                0x0000ed8c       0x20 zephyr/subsys/bluetooth/mesh/libsubsys__bluetooth__mesh.a(rpl.c.obj)
                0x0000ed8c                bt_mesh_rpl_foreach
 .text.bt_mesh_rpl_reset
                0x0000edac       0x34 zephyr/subsys/bluetooth/mesh/libsubsys__bluetooth__mesh.a(rpl.c.obj)
                0x0000edac                bt_mesh_rpl_reset
 .text.bt_mesh_k2
                0x0000ede0       0xb0 zephyr/subsys/bluetooth/mesh/libsubsys__bluetooth__mesh.a(crypto.c.obj)
                0x0000ede0                bt_mesh_k2
 .text.bt_mesh_k3
                0x0000ee90       0x5c zephyr/subsys/bluetooth/mesh/libsubsys__bluetooth__mesh.a(crypto.c.obj)
                0x0000ee90                bt_mesh_k3
 .text.bt_mesh_k4
                0x0000eeec       0x50 zephyr/subsys/bluetooth/mesh/libsubsys__bluetooth__mesh.a(crypto.c.obj)
                0x0000eeec                bt_mesh_k4
 .text.bt_mesh_id128
                0x0000ef3c       0x2c zephyr/subsys/bluetooth/mesh/libsubsys__bluetooth__mesh.a(crypto.c.obj)
                0x0000ef3c                bt_mesh_id128
 .text.bt_mesh_net_obfuscate
                0x0000ef68       0x74 zephyr/subsys/bluetooth/mesh/libsubsys__bluetooth__mesh.a(crypto.c.obj)
                0x0000ef68                bt_mesh_net_obfuscate
 .text.bt_mesh_fcs_calc
                0x0000efdc       0x20 zephyr/subsys/bluetooth/mesh/libsubsys__bluetooth__mesh.a(crypto.c.obj)
                0x0000efdc                bt_mesh_fcs_calc
 .text.bt_mesh_fcs_check
                0x0000effc       0x2c zephyr/subsys/bluetooth/mesh/libsubsys__bluetooth__mesh.a(crypto.c.obj)
                0x0000effc                bt_mesh_fcs_check
 .text.bt_mesh_prov_conf_key
                0x0000f028       0x18 zephyr/subsys/bluetooth/mesh/libsubsys__bluetooth__mesh.a(crypto.c.obj)
                0x0000f028                bt_mesh_prov_conf_key
 .text.mod_init
                0x0000f040       0x60 zephyr/subsys/bluetooth/mesh/libsubsys__bluetooth__mesh.a(access.c.obj)
 .text.bt_mesh_model_foreach
                0x0000f0a0       0x78 zephyr/subsys/bluetooth/mesh/libsubsys__bluetooth__mesh.a(access.c.obj)
                0x0000f0a0                bt_mesh_model_foreach
 .text.bt_mesh_model_pub_period_get
                0x0000f118       0x48 zephyr/subsys/bluetooth/mesh/libsubsys__bluetooth__mesh.a(access.c.obj)
                0x0000f118                bt_mesh_model_pub_period_get
 .text.publish_sent
                0x0000f160       0x70 zephyr/subsys/bluetooth/mesh/libsubsys__bluetooth__mesh.a(access.c.obj)
 .text.bt_mesh_model_elem
                0x0000f1d0       0x14 zephyr/subsys/bluetooth/mesh/libsubsys__bluetooth__mesh.a(access.c.obj)
                0x0000f1d0                bt_mesh_model_elem
 .text.bt_mesh_model_get
                0x0000f1e4       0x3c zephyr/subsys/bluetooth/mesh/libsubsys__bluetooth__mesh.a(access.c.obj)
                0x0000f1e4                bt_mesh_model_get
 .text.bt_mesh_comp_register
                0x0000f220       0x2c zephyr/subsys/bluetooth/mesh/libsubsys__bluetooth__mesh.a(access.c.obj)
                0x0000f220                bt_mesh_comp_register
 .text.bt_mesh_comp_provision
                0x0000f24c       0x2c zephyr/subsys/bluetooth/mesh/libsubsys__bluetooth__mesh.a(access.c.obj)
                0x0000f24c                bt_mesh_comp_provision
 .text.bt_mesh_comp_unprovision
                0x0000f278        0xc zephyr/subsys/bluetooth/mesh/libsubsys__bluetooth__mesh.a(access.c.obj)
                0x0000f278                bt_mesh_comp_unprovision
 .text.bt_mesh_primary_addr
                0x0000f284        0xc zephyr/subsys/bluetooth/mesh/libsubsys__bluetooth__mesh.a(access.c.obj)
                0x0000f284                bt_mesh_primary_addr
 .text.bt_mesh_elem_find
                0x0000f290       0x80 zephyr/subsys/bluetooth/mesh/libsubsys__bluetooth__mesh.a(access.c.obj)
                0x0000f290                bt_mesh_elem_find
 .text.bt_mesh_model_recv
                0x0000f310      0x140 zephyr/subsys/bluetooth/mesh/libsubsys__bluetooth__mesh.a(access.c.obj)
                0x0000f310                bt_mesh_model_recv
 .text.bt_mesh_model_publish
                0x0000f450       0xf8 zephyr/subsys/bluetooth/mesh/libsubsys__bluetooth__mesh.a(access.c.obj)
                0x0000f450                bt_mesh_model_publish
 .text.mod_publish
                0x0000f548      0x114 zephyr/subsys/bluetooth/mesh/libsubsys__bluetooth__mesh.a(access.c.obj)
 .text.bt_mesh_comp_get
                0x0000f65c        0xc zephyr/subsys/bluetooth/mesh/libsubsys__bluetooth__mesh.a(access.c.obj)
                0x0000f65c                bt_mesh_comp_get
 .text.app_key_evt
                0x0000f668       0x20 zephyr/subsys/bluetooth/mesh/libsubsys__bluetooth__mesh.a(cfg_srv.c.obj)
 .text.mod_sub_get_vnd
                0x0000f688       0xcc zephyr/subsys/bluetooth/mesh/libsubsys__bluetooth__mesh.a(cfg_srv.c.obj)
 .text.mod_sub_get
                0x0000f754       0xb0 zephyr/subsys/bluetooth/mesh/libsubsys__bluetooth__mesh.a(cfg_srv.c.obj)
 .text.cfg_srv_init
                0x0000f804       0x6c zephyr/subsys/bluetooth/mesh/libsubsys__bluetooth__mesh.a(cfg_srv.c.obj)
 .text.mod_sub_del_all
                0x0000f870       0x7c zephyr/subsys/bluetooth/mesh/libsubsys__bluetooth__mesh.a(cfg_srv.c.obj)
 .text.mod_sub_overwrite
                0x0000f8ec       0x90 zephyr/subsys/bluetooth/mesh/libsubsys__bluetooth__mesh.a(cfg_srv.c.obj)
 .text.mod_sub_va_overwrite
                0x0000f97c       0xa8 zephyr/subsys/bluetooth/mesh/libsubsys__bluetooth__mesh.a(cfg_srv.c.obj)
 .text._mod_pub_set.constprop.0
                0x0000fa24       0xd0 zephyr/subsys/bluetooth/mesh/libsubsys__bluetooth__mesh.a(cfg_srv.c.obj)
 .text.heartbeat_pub_set
                0x0000faf4       0xf4 zephyr/subsys/bluetooth/mesh/libsubsys__bluetooth__mesh.a(cfg_srv.c.obj)
 .text.hb_publish_end_cb
                0x0000fbe8       0x64 zephyr/subsys/bluetooth/mesh/libsubsys__bluetooth__mesh.a(cfg_srv.c.obj)
 .text.hb_publish
                0x0000fc4c       0x34 zephyr/subsys/bluetooth/mesh/libsubsys__bluetooth__mesh.a(cfg_srv.c.obj)
 .text.bt_mesh_cfg_reset
                0x0000fc80       0x2c zephyr/subsys/bluetooth/mesh/libsubsys__bluetooth__mesh.a(cfg_srv.c.obj)
                0x0000fc80                bt_mesh_cfg_reset
 .text.bt_mesh_heartbeat
                0x0000fcac       0x84 zephyr/subsys/bluetooth/mesh/libsubsys__bluetooth__mesh.a(cfg_srv.c.obj)
                0x0000fcac                bt_mesh_heartbeat
 .text.bt_mesh_net_transmit_get
                0x0000fd30       0x10 zephyr/subsys/bluetooth/mesh/libsubsys__bluetooth__mesh.a(cfg_srv.c.obj)
                0x0000fd30                bt_mesh_net_transmit_get
 .text.bt_mesh_relay_get
                0x0000fd40       0x14 zephyr/subsys/bluetooth/mesh/libsubsys__bluetooth__mesh.a(cfg_srv.c.obj)
                0x0000fd40                bt_mesh_relay_get
 .text.bt_mesh_friend_get
                0x0000fd54       0x14 zephyr/subsys/bluetooth/mesh/libsubsys__bluetooth__mesh.a(cfg_srv.c.obj)
                0x0000fd54                bt_mesh_friend_get
 .text.bt_mesh_relay_retransmit_get
                0x0000fd68       0x10 zephyr/subsys/bluetooth/mesh/libsubsys__bluetooth__mesh.a(cfg_srv.c.obj)
                0x0000fd68                bt_mesh_relay_retransmit_get
 .text.bt_mesh_beacon_get
                0x0000fd78       0x10 zephyr/subsys/bluetooth/mesh/libsubsys__bluetooth__mesh.a(cfg_srv.c.obj)
                0x0000fd78                bt_mesh_beacon_get
 .text.bt_mesh_gatt_proxy_get
                0x0000fd88       0x14 zephyr/subsys/bluetooth/mesh/libsubsys__bluetooth__mesh.a(cfg_srv.c.obj)
                0x0000fd88                bt_mesh_gatt_proxy_get
 .text.bt_mesh_default_ttl_get
                0x0000fd9c       0x14 zephyr/subsys/bluetooth/mesh/libsubsys__bluetooth__mesh.a(cfg_srv.c.obj)
                0x0000fd9c                bt_mesh_default_ttl_get
 .text.bt_mesh_hb_pub_get
                0x0000fdb0        0xc zephyr/subsys/bluetooth/mesh/libsubsys__bluetooth__mesh.a(cfg_srv.c.obj)
                0x0000fdb0                bt_mesh_hb_pub_get
 .text.bt_mesh_cfg_get
                0x0000fdbc        0xc zephyr/subsys/bluetooth/mesh/libsubsys__bluetooth__mesh.a(cfg_srv.c.obj)
                0x0000fdbc                bt_mesh_cfg_get
 .text.bt_mesh_attention
                0x0000fdc8       0x78 zephyr/subsys/bluetooth/mesh/libsubsys__bluetooth__mesh.a(health_srv.c.obj)
                0x0000fdc8                bt_mesh_attention
 .text.key_update_find
                0x0000fe40       0x5c zephyr/subsys/bluetooth/mesh/libsubsys__bluetooth__mesh.a(settings.c.obj)
 .text.cdb_key_update_find
                0x0000fe9c       0x44 zephyr/subsys/bluetooth/mesh/libsubsys__bluetooth__mesh.a(settings.c.obj)
 .text.mesh_set
                0x0000fee0       0x54 zephyr/subsys/bluetooth/mesh/libsubsys__bluetooth__mesh.a(settings.c.obj)
 .text.commit_mod
                0x0000ff34       0x4c zephyr/subsys/bluetooth/mesh/libsubsys__bluetooth__mesh.a(settings.c.obj)
 .text.encode_mod_path
                0x0000ff80       0x2c zephyr/subsys/bluetooth/mesh/libsubsys__bluetooth__mesh.a(settings.c.obj)
 .text.store_subnet
                0x0000ffac       0x50 zephyr/subsys/bluetooth/mesh/libsubsys__bluetooth__mesh.a(settings.c.obj)
 .text.store_cdb_subnet
                0x0000fffc       0x4c zephyr/subsys/bluetooth/mesh/libsubsys__bluetooth__mesh.a(settings.c.obj)
 .text.store_cdb_app_key
                0x00010048       0x4c zephyr/subsys/bluetooth/mesh/libsubsys__bluetooth__mesh.a(settings.c.obj)
 .text.store_pending_rpl
                0x00010094       0x44 zephyr/subsys/bluetooth/mesh/libsubsys__bluetooth__mesh.a(settings.c.obj)
 .text.store_app
                0x000100d8       0x54 zephyr/subsys/bluetooth/mesh/libsubsys__bluetooth__mesh.a(settings.c.obj)
 .text.clear_rpl
                0x0001012c       0x2c zephyr/subsys/bluetooth/mesh/libsubsys__bluetooth__mesh.a(settings.c.obj)
 .text.seq_set  0x00010158       0x44 zephyr/subsys/bluetooth/mesh/libsubsys__bluetooth__mesh.a(settings.c.obj)
 .text.mod_set  0x0001019c      0x164 zephyr/subsys/bluetooth/mesh/libsubsys__bluetooth__mesh.a(settings.c.obj)
 .text.cdb_set  0x00010300      0x228 zephyr/subsys/bluetooth/mesh/libsubsys__bluetooth__mesh.a(settings.c.obj)
 .text.cfg_set  0x00010528       0x38 zephyr/subsys/bluetooth/mesh/libsubsys__bluetooth__mesh.a(settings.c.obj)
 .text.net_set  0x00010560       0x48 zephyr/subsys/bluetooth/mesh/libsubsys__bluetooth__mesh.a(settings.c.obj)
 .text.store_pending_mod
                0x000105a8      0x104 zephyr/subsys/bluetooth/mesh/libsubsys__bluetooth__mesh.a(settings.c.obj)
 .text.store_cdb_node
                0x000106ac       0x6c zephyr/subsys/bluetooth/mesh/libsubsys__bluetooth__mesh.a(settings.c.obj)
 .text.iv_set   0x00010718       0x84 zephyr/subsys/bluetooth/mesh/libsubsys__bluetooth__mesh.a(settings.c.obj)
 .text.schedule_cdb_store
                0x0001079c       0x28 zephyr/subsys/bluetooth/mesh/libsubsys__bluetooth__mesh.a(settings.c.obj)
 .text.schedule_store
                0x000107c4       0x94 zephyr/subsys/bluetooth/mesh/libsubsys__bluetooth__mesh.a(settings.c.obj)
 .text.mesh_commit
                0x00010858       0xa8 zephyr/subsys/bluetooth/mesh/libsubsys__bluetooth__mesh.a(settings.c.obj)
 .text.store_pending
                0x00010900      0x3c0 zephyr/subsys/bluetooth/mesh/libsubsys__bluetooth__mesh.a(settings.c.obj)
 .text.bt_mesh_store_seq
                0x00010cc0       0x14 zephyr/subsys/bluetooth/mesh/libsubsys__bluetooth__mesh.a(settings.c.obj)
                0x00010cc0                bt_mesh_store_seq
 .text.bt_mesh_clear_subnet
                0x00010cd4       0x58 zephyr/subsys/bluetooth/mesh/libsubsys__bluetooth__mesh.a(settings.c.obj)
                0x00010cd4                bt_mesh_clear_subnet
 .text.bt_mesh_clear_app_key
                0x00010d2c       0x58 zephyr/subsys/bluetooth/mesh/libsubsys__bluetooth__mesh.a(settings.c.obj)
                0x00010d2c                bt_mesh_clear_app_key
 .text.bt_mesh_store_cdb_node
                0x00010d84       0x68 zephyr/subsys/bluetooth/mesh/libsubsys__bluetooth__mesh.a(settings.c.obj)
                0x00010d84                bt_mesh_store_cdb_node
 .text.bt_mesh_clear_cdb_node
                0x00010dec       0x7c zephyr/subsys/bluetooth/mesh/libsubsys__bluetooth__mesh.a(settings.c.obj)
                0x00010dec                bt_mesh_clear_cdb_node
 .text.bt_mesh_clear_cdb_subnet
                0x00010e68       0x58 zephyr/subsys/bluetooth/mesh/libsubsys__bluetooth__mesh.a(settings.c.obj)
                0x00010e68                bt_mesh_clear_cdb_subnet
 .text.bt_mesh_clear_cdb_app_key
                0x00010ec0       0x58 zephyr/subsys/bluetooth/mesh/libsubsys__bluetooth__mesh.a(settings.c.obj)
                0x00010ec0                bt_mesh_clear_cdb_app_key
 .text.bt_mesh_settings_init
                0x00010f18       0x10 zephyr/subsys/bluetooth/mesh/libsubsys__bluetooth__mesh.a(settings.c.obj)
                0x00010f18                bt_mesh_settings_init
 .text.prov_link_closed
                0x00010f28       0x2c zephyr/subsys/bluetooth/mesh/libsubsys__bluetooth__mesh.a(prov.c.obj)
 .text.prov_bearer_error
                0x00010f54       0x14 zephyr/subsys/bluetooth/mesh/libsubsys__bluetooth__mesh.a(prov.c.obj)
 .text.prov_recv
                0x00010f68       0x4c zephyr/subsys/bluetooth/mesh/libsubsys__bluetooth__mesh.a(prov.c.obj)
 .text.atomic_or.constprop.0
                0x00010fb4       0x24 zephyr/subsys/bluetooth/mesh/libsubsys__bluetooth__mesh.a(prov.c.obj)
 .text.prov_link_opened
                0x00010fd8       0x34 zephyr/subsys/bluetooth/mesh/libsubsys__bluetooth__mesh.a(prov.c.obj)
 .text.bt_mesh_prov_reset_state
                0x0001100c       0x44 zephyr/subsys/bluetooth/mesh/libsubsys__bluetooth__mesh.a(prov.c.obj)
                0x0001100c                bt_mesh_prov_reset_state
 .text.bt_mesh_prov_auth
                0x00011050      0x17c zephyr/subsys/bluetooth/mesh/libsubsys__bluetooth__mesh.a(prov.c.obj)
                0x00011050                bt_mesh_prov_auth
 .text.bt_mesh_prov_get
                0x000111cc        0xc zephyr/subsys/bluetooth/mesh/libsubsys__bluetooth__mesh.a(prov.c.obj)
                0x000111cc                bt_mesh_prov_get
 .text.bt_mesh_prov_active
                0x000111d8       0x18 zephyr/subsys/bluetooth/mesh/libsubsys__bluetooth__mesh.a(prov.c.obj)
                0x000111d8                bt_mesh_prov_active
 .text.bt_mesh_prov_bearer_cb_get
                0x000111f0        0x8 zephyr/subsys/bluetooth/mesh/libsubsys__bluetooth__mesh.a(prov.c.obj)
                0x000111f0                bt_mesh_prov_bearer_cb_get
 .text.bt_mesh_prov_complete
                0x000111f8       0x10 zephyr/subsys/bluetooth/mesh/libsubsys__bluetooth__mesh.a(prov.c.obj)
                0x000111f8                bt_mesh_prov_complete
 .text.bt_mesh_prov_reset
                0x00011208       0x20 zephyr/subsys/bluetooth/mesh/libsubsys__bluetooth__mesh.a(prov.c.obj)
                0x00011208                bt_mesh_prov_reset
 .text.bt_mesh_prov_init
                0x00011228       0x20 zephyr/subsys/bluetooth/mesh/libsubsys__bluetooth__mesh.a(prov.c.obj)
                0x00011228                bt_mesh_prov_init
 .text.bt_mesh_prov_send
                0x00011248       0x10 zephyr/subsys/bluetooth/mesh/libsubsys__bluetooth__mesh.a(provisioner.c.obj)
 .text.prov_link_close
                0x00011258       0x14 zephyr/subsys/bluetooth/mesh/libsubsys__bluetooth__mesh.a(provisioner.c.obj)
 .text.reset_state
                0x0001126c       0x20 zephyr/subsys/bluetooth/mesh/libsubsys__bluetooth__mesh.a(provisioner.c.obj)
 .text.send_confirm
                0x0001128c       0x94 zephyr/subsys/bluetooth/mesh/libsubsys__bluetooth__mesh.a(provisioner.c.obj)
 .text.prov_link_opened
                0x00011320       0x48 zephyr/subsys/bluetooth/mesh/libsubsys__bluetooth__mesh.a(provisioner.c.obj)
 .text.prov_complete
                0x00011368       0x38 zephyr/subsys/bluetooth/mesh/libsubsys__bluetooth__mesh.a(provisioner.c.obj)
 .text.prov_confirm
                0x000113a0       0x50 zephyr/subsys/bluetooth/mesh/libsubsys__bluetooth__mesh.a(provisioner.c.obj)
 .text.prov_random
                0x000113f0      0x178 zephyr/subsys/bluetooth/mesh/libsubsys__bluetooth__mesh.a(provisioner.c.obj)
 .text.send_pub_key
                0x00011568       0x68 zephyr/subsys/bluetooth/mesh/libsubsys__bluetooth__mesh.a(provisioner.c.obj)
 .text.start_sent
                0x000115d0       0x20 zephyr/subsys/bluetooth/mesh/libsubsys__bluetooth__mesh.a(provisioner.c.obj)
 .text.pub_key_ready
                0x000115f0       0x2c zephyr/subsys/bluetooth/mesh/libsubsys__bluetooth__mesh.a(provisioner.c.obj)
 .text.local_input_complete
                0x0001161c       0x28 zephyr/subsys/bluetooth/mesh/libsubsys__bluetooth__mesh.a(provisioner.c.obj)
 .text.prov_dh_key_gen
                0x00011644       0x50 zephyr/subsys/bluetooth/mesh/libsubsys__bluetooth__mesh.a(provisioner.c.obj)
 .text.prov_pub_key
                0x00011694       0x30 zephyr/subsys/bluetooth/mesh/libsubsys__bluetooth__mesh.a(provisioner.c.obj)
 .text.prov_input_complete
                0x000116c4       0x58 zephyr/subsys/bluetooth/mesh/libsubsys__bluetooth__mesh.a(provisioner.c.obj)
 .text.prov_dh_key_cb
                0x0001171c       0x68 zephyr/subsys/bluetooth/mesh/libsubsys__bluetooth__mesh.a(provisioner.c.obj)
 .text.public_key_sent
                0x00011784       0x44 zephyr/subsys/bluetooth/mesh/libsubsys__bluetooth__mesh.a(provisioner.c.obj)
 .text.prov_capabilities
                0x000117c8      0x1a0 zephyr/subsys/bluetooth/mesh/libsubsys__bluetooth__mesh.a(provisioner.c.obj)
 .text.bt_mesh_pb_adv_open
                0x00011968       0xb4 zephyr/subsys/bluetooth/mesh/libsubsys__bluetooth__mesh.a(provisioner.c.obj)
                0x00011968                bt_mesh_pb_adv_open
 .text.free_segments
                0x00011a1c       0x2c zephyr/subsys/bluetooth/mesh/libsubsys__bluetooth__mesh.a(pb_adv.c.obj)
 .text.prov_clear_tx
                0x00011a48       0x14 zephyr/subsys/bluetooth/mesh/libsubsys__bluetooth__mesh.a(pb_adv.c.obj)
 .text.ack_complete
                0x00011a5c       0x20 zephyr/subsys/bluetooth/mesh/libsubsys__bluetooth__mesh.a(pb_adv.c.obj)
 .text.atomic_get.constprop.0
                0x00011a7c       0x14 zephyr/subsys/bluetooth/mesh/libsubsys__bluetooth__mesh.a(pb_adv.c.obj)
 .text.prov_link_accept
                0x00011a90       0x34 zephyr/subsys/bluetooth/mesh/libsubsys__bluetooth__mesh.a(pb_adv.c.obj)
 .text.reset_adv_link
                0x00011ac4       0x6c zephyr/subsys/bluetooth/mesh/libsubsys__bluetooth__mesh.a(pb_adv.c.obj)
 .text.close_link
                0x00011b30       0x24 zephyr/subsys/bluetooth/mesh/libsubsys__bluetooth__mesh.a(pb_adv.c.obj)
 .text.prov_retransmit
                0x00011b54       0xa4 zephyr/subsys/bluetooth/mesh/libsubsys__bluetooth__mesh.a(pb_adv.c.obj)
 .text.protocol_timeout
                0x00011bf8       0x10 zephyr/subsys/bluetooth/mesh/libsubsys__bluetooth__mesh.a(pb_adv.c.obj)
 .text.gen_prov_ack
                0x00011c08       0x34 zephyr/subsys/bluetooth/mesh/libsubsys__bluetooth__mesh.a(pb_adv.c.obj)
 .text.buf_sent
                0x00011c3c       0x20 zephyr/subsys/bluetooth/mesh/libsubsys__bluetooth__mesh.a(pb_adv.c.obj)
 .text.prov_failed
                0x00011c5c       0x34 zephyr/subsys/bluetooth/mesh/libsubsys__bluetooth__mesh.a(pb_adv.c.obj)
 .text.gen_prov_ack_send
                0x00011c90       0xa4 zephyr/subsys/bluetooth/mesh/libsubsys__bluetooth__mesh.a(pb_adv.c.obj)
 .text.prov_msg_recv
                0x00011d34       0x54 zephyr/subsys/bluetooth/mesh/libsubsys__bluetooth__mesh.a(pb_adv.c.obj)
 .text.gen_prov_cont
                0x00011d88       0xcc zephyr/subsys/bluetooth/mesh/libsubsys__bluetooth__mesh.a(pb_adv.c.obj)
 .text.send_reliable
                0x00011e54       0x58 zephyr/subsys/bluetooth/mesh/libsubsys__bluetooth__mesh.a(pb_adv.c.obj)
 .text.bearer_ctl_send
                0x00011eac       0x98 zephyr/subsys/bluetooth/mesh/libsubsys__bluetooth__mesh.a(pb_adv.c.obj)
 .text.gen_prov_ctl
                0x00011f44       0xf0 zephyr/subsys/bluetooth/mesh/libsubsys__bluetooth__mesh.a(pb_adv.c.obj)
 .text.prov_link_close
                0x00012034       0x3c zephyr/subsys/bluetooth/mesh/libsubsys__bluetooth__mesh.a(pb_adv.c.obj)
 .text.prov_link_open
                0x00012070       0x7c zephyr/subsys/bluetooth/mesh/libsubsys__bluetooth__mesh.a(pb_adv.c.obj)
 .text.prov_send_adv
                0x000120ec      0x140 zephyr/subsys/bluetooth/mesh/libsubsys__bluetooth__mesh.a(pb_adv.c.obj)
 .text.gen_prov_start
                0x0001222c       0xcc zephyr/subsys/bluetooth/mesh/libsubsys__bluetooth__mesh.a(pb_adv.c.obj)
 .text.bt_mesh_pb_adv_recv
                0x000122f8       0x88 zephyr/subsys/bluetooth/mesh/libsubsys__bluetooth__mesh.a(pb_adv.c.obj)
                0x000122f8                bt_mesh_pb_adv_recv
 .text.pb_adv_init
                0x00012380       0x28 zephyr/subsys/bluetooth/mesh/libsubsys__bluetooth__mesh.a(pb_adv.c.obj)
                0x00012380                pb_adv_init
 .text.cli_prepare
                0x000123a8       0x24 zephyr/subsys/bluetooth/mesh/libsubsys__bluetooth__mesh.a(cfg_cli.c.obj)
 .text.cli_reset
                0x000123cc       0x10 zephyr/subsys/bluetooth/mesh/libsubsys__bluetooth__mesh.a(cfg_cli.c.obj)
 .text.node_reset_status
                0x000123dc       0x24 zephyr/subsys/bluetooth/mesh/libsubsys__bluetooth__mesh.a(cfg_cli.c.obj)
 .text.relay_status
                0x00012400       0x3c zephyr/subsys/bluetooth/mesh/libsubsys__bluetooth__mesh.a(cfg_cli.c.obj)
 .text.hb_pub_status
                0x0001243c       0x6c zephyr/subsys/bluetooth/mesh/libsubsys__bluetooth__mesh.a(cfg_cli.c.obj)
 .text.hb_sub_status
                0x000124a8       0x6c zephyr/subsys/bluetooth/mesh/libsubsys__bluetooth__mesh.a(cfg_cli.c.obj)
 .text.mod_pub_status
                0x00012514       0xc0 zephyr/subsys/bluetooth/mesh/libsubsys__bluetooth__mesh.a(cfg_cli.c.obj)
 .text.app_key_status
                0x000125d4       0x54 zephyr/subsys/bluetooth/mesh/libsubsys__bluetooth__mesh.a(cfg_cli.c.obj)
 .text.net_key_list
                0x00012628       0x68 zephyr/subsys/bluetooth/mesh/libsubsys__bluetooth__mesh.a(cfg_cli.c.obj)
 .text.comp_data_status
                0x00012690       0x48 zephyr/subsys/bluetooth/mesh/libsubsys__bluetooth__mesh.a(cfg_cli.c.obj)
 .text.cli_wait
                0x000126d8       0x54 zephyr/subsys/bluetooth/mesh/libsubsys__bluetooth__mesh.a(cfg_cli.c.obj)
 .text.mod_app_bind
                0x0001272c       0xbc zephyr/subsys/bluetooth/mesh/libsubsys__bluetooth__mesh.a(cfg_cli.c.obj)
 .text.state_status_u8.isra.0
                0x000127e8       0x28 zephyr/subsys/bluetooth/mesh/libsubsys__bluetooth__mesh.a(cfg_cli.c.obj)
 .text.mod_member_list_handle.isra.0
                0x00012810       0x94 zephyr/subsys/bluetooth/mesh/libsubsys__bluetooth__mesh.a(cfg_cli.c.obj)
 .text.mod_sub_list_vnd
                0x000128a4       0x1c zephyr/subsys/bluetooth/mesh/libsubsys__bluetooth__mesh.a(cfg_cli.c.obj)
 .text.mod_sub_list
                0x000128c0       0x1c zephyr/subsys/bluetooth/mesh/libsubsys__bluetooth__mesh.a(cfg_cli.c.obj)
 .text.mod_app_list_vnd
                0x000128dc       0x1c zephyr/subsys/bluetooth/mesh/libsubsys__bluetooth__mesh.a(cfg_cli.c.obj)
 .text.mod_app_list
                0x000128f8       0x1c zephyr/subsys/bluetooth/mesh/libsubsys__bluetooth__mesh.a(cfg_cli.c.obj)
 .text.mod_sub_status
                0x00012914       0x88 zephyr/subsys/bluetooth/mesh/libsubsys__bluetooth__mesh.a(cfg_cli.c.obj)
 .text.mod_app_status
                0x0001299c       0x80 zephyr/subsys/bluetooth/mesh/libsubsys__bluetooth__mesh.a(cfg_cli.c.obj)
 .text.net_key_status
                0x00012a1c       0x44 zephyr/subsys/bluetooth/mesh/libsubsys__bluetooth__mesh.a(cfg_cli.c.obj)
 .text.app_key_list
                0x00012a60       0x8c zephyr/subsys/bluetooth/mesh/libsubsys__bluetooth__mesh.a(cfg_cli.c.obj)
 .text.cfg_cli_init
                0x00012aec       0x3c zephyr/subsys/bluetooth/mesh/libsubsys__bluetooth__mesh.a(cfg_cli.c.obj)
 .text.bt_mesh_cfg_app_key_add
                0x00012b28       0xa8 zephyr/subsys/bluetooth/mesh/libsubsys__bluetooth__mesh.a(cfg_cli.c.obj)
                0x00012b28                bt_mesh_cfg_app_key_add
 .text.addr_is_free
                0x00012bd0       0x54 zephyr/subsys/bluetooth/mesh/libsubsys__bluetooth__mesh.a(cdb.c.obj)
 .text.bt_mesh_cdb_iv_update
                0x00012c24       0x3c zephyr/subsys/bluetooth/mesh/libsubsys__bluetooth__mesh.a(cdb.c.obj)
                0x00012c24                bt_mesh_cdb_iv_update
 .text.bt_mesh_cdb_subnet_get
                0x00012c60       0x3c zephyr/subsys/bluetooth/mesh/libsubsys__bluetooth__mesh.a(cdb.c.obj)
                0x00012c60                bt_mesh_cdb_subnet_get
 .text.bt_mesh_cdb_subnet_alloc
                0x00012c9c       0x54 zephyr/subsys/bluetooth/mesh/libsubsys__bluetooth__mesh.a(cdb.c.obj)
                0x00012c9c                bt_mesh_cdb_subnet_alloc
 .text.bt_mesh_cdb_create
                0x00012cf0       0x5c zephyr/subsys/bluetooth/mesh/libsubsys__bluetooth__mesh.a(cdb.c.obj)
                0x00012cf0                bt_mesh_cdb_create
 .text.bt_mesh_cdb_subnet_flags
                0x00012d4c       0x20 zephyr/subsys/bluetooth/mesh/libsubsys__bluetooth__mesh.a(cdb.c.obj)
                0x00012d4c                bt_mesh_cdb_subnet_flags
 .text.bt_mesh_cdb_node_alloc
                0x00012d6c       0xb0 zephyr/subsys/bluetooth/mesh/libsubsys__bluetooth__mesh.a(cdb.c.obj)
                0x00012d6c                bt_mesh_cdb_node_alloc
 .text.bt_mesh_cdb_node_get
                0x00012e1c       0x34 zephyr/subsys/bluetooth/mesh/libsubsys__bluetooth__mesh.a(cdb.c.obj)
                0x00012e1c                bt_mesh_cdb_node_get
 .text.bt_mesh_cdb_node_foreach
                0x00012e50       0x2c zephyr/subsys/bluetooth/mesh/libsubsys__bluetooth__mesh.a(cdb.c.obj)
                0x00012e50                bt_mesh_cdb_node_foreach
 .text.bt_mesh_cdb_app_key_alloc
                0x00012e7c       0x50 zephyr/subsys/bluetooth/mesh/libsubsys__bluetooth__mesh.a(cdb.c.obj)
                0x00012e7c                bt_mesh_cdb_app_key_alloc
 .text.bt_mesh_cdb_app_key_get
                0x00012ecc       0x38 zephyr/subsys/bluetooth/mesh/libsubsys__bluetooth__mesh.a(cdb.c.obj)
                0x00012ecc                bt_mesh_cdb_app_key_get
 .text.mem_init
                0x00012f04       0x5c zephyr/subsys/bluetooth/controller/libsubsys__bluetooth__controller.a(mem.c.obj)
                0x00012f04                mem_init
 .text.mem_acquire
                0x00012f60       0x34 zephyr/subsys/bluetooth/controller/libsubsys__bluetooth__controller.a(mem.c.obj)
                0x00012f60                mem_acquire
 .text.mem_release