Archive member included to satisfy reference by file (symbol)

app/libapp.a(main.c.obj)      (--whole-archive)
app/libapp.a(mesh.c.obj)      (--whole-archive)
app/libapp.a(periphs.c.obj)   (--whole-archive)
app/libapp.a(reel_board.c.obj)
                              (--whole-archive)
zephyr/libzephyr.a(crc32_sw.c.obj)
                              (--whole-archive)
zephyr/libzephyr.a(crc16_sw.c.obj)
                              (--whole-archive)
zephyr/libzephyr.a(crc8_sw.c.obj)
                              (--whole-archive)
zephyr/libzephyr.a(crc7_sw.c.obj)
                              (--whole-archive)
zephyr/libzephyr.a(dec.c.obj)
                              (--whole-archive)
zephyr/libzephyr.a(fdtable.c.obj)
                              (--whole-archive)
zephyr/libzephyr.a(hex.c.obj)
                              (--whole-archive)
zephyr/libzephyr.a(mempool.c.obj)
                              (--whole-archive)
zephyr/libzephyr.a(notify.c.obj)
                              (--whole-archive)
zephyr/libzephyr.a(printk.c.obj)
                              (--whole-archive)
zephyr/libzephyr.a(onoff.c.obj)
                              (--whole-archive)
zephyr/libzephyr.a(rb.c.obj)  (--whole-archive)
zephyr/libzephyr.a(sem.c.obj)
                              (--whole-archive)
zephyr/libzephyr.a(thread_entry.c.obj)
                              (--whole-archive)
zephyr/libzephyr.a(timeutil.c.obj)
                              (--whole-archive)
zephyr/libzephyr.a(work_q.c.obj)
                              (--whole-archive)
zephyr/libzephyr.a(heap.c.obj)
                              (--whole-archive)
zephyr/libzephyr.a(heap-validate.c.obj)
                              (--whole-archive)
zephyr/libzephyr.a(prf.c.obj)
                              (--whole-archive)
zephyr/libzephyr.a(configs.c.obj)
                              (--whole-archive)
zephyr/libzephyr.a(validate_base_addresses.c.obj)
                              (--whole-archive)
zephyr/libzephyr.a(validate_enabled_instances.c.obj)
                              (--whole-archive)
zephyr/libzephyr.a(log_list.c.obj)
                              (--whole-archive)
zephyr/libzephyr.a(log_core.c.obj)
                              (--whole-archive)
zephyr/libzephyr.a(log_msg.c.obj)
                              (--whole-archive)
zephyr/libzephyr.a(log_output.c.obj)
                              (--whole-archive)
zephyr/libzephyr.a(log_backend_uart.c.obj)
                              (--whole-archive)
zephyr/libzephyr.a(nvs.c.obj)
                              (--whole-archive)
zephyr/libzephyr.a(addr_utils.c.obj)
                              (--whole-archive)
zephyr/libzephyr.a(flash_map.c.obj)
                              (--whole-archive)
zephyr/libzephyr.a(flash_map_default.c.obj)
                              (--whole-archive)
zephyr/libzephyr.a(settings_store.c.obj)
                              (--whole-archive)
zephyr/libzephyr.a(settings.c.obj)
                              (--whole-archive)
zephyr/libzephyr.a(settings_init.c.obj)
                              (--whole-archive)
zephyr/libzephyr.a(settings_line.c.obj)
                              (--whole-archive)
zephyr/libzephyr.a(settings_nvs.c.obj)
                              (--whole-archive)
zephyr/libzephyr.a(cfb.c.obj)
                              (--whole-archive)
zephyr/libzephyr.a(cfb_fonts.c.obj)
                              (--whole-archive)
zephyr/libzephyr.a(power.c.obj)
                              (--whole-archive)
zephyr/libzephyr.a(policy_residency.c.obj)
                              (--whole-archive)
zephyr/libzephyr.a(uart_console.c.obj)
                              (--whole-archive)
zephyr/libzephyr.a(clock_control_nrf.c.obj)
                              (--whole-archive)
zephyr/libzephyr.a(ssd16xx.c.obj)
                              (--whole-archive)
zephyr/libzephyr.a(sys_clock_init.c.obj)
                              (--whole-archive)
zephyr/libzephyr.a(nrf_rtc_timer.c.obj)
                              (--whole-archive)
zephyr/libzephyr.a(utils.c.obj)
                              (--whole-archive)
zephyr/libzephyr.a(ecc_dh.c.obj)
                              (--whole-archive)
zephyr/libzephyr.a(ecc.c.obj)
                              (--whole-archive)
zephyr/libzephyr.a(aes_decrypt.c.obj)
                              (--whole-archive)
zephyr/libzephyr.a(aes_encrypt.c.obj)
                              (--whole-archive)
zephyr/libzephyr.a(cmac_mode.c.obj)
                              (--whole-archive)
zephyr/arch/common/libarch__common.a(sw_isr_common.c.obj)
                              (--whole-archive)
zephyr/arch/arch/arm/core/aarch32/libarch__arm__core__aarch32.a(swap.c.obj)
                              (--whole-archive)
zephyr/arch/arch/arm/core/aarch32/libarch__arm__core__aarch32.a(swap_helper.S.obj)
                              (--whole-archive)
zephyr/arch/arch/arm/core/aarch32/libarch__arm__core__aarch32.a(irq_manage.c.obj)
[...]
Memory Configuration

Name             Origin             Length             Attributes
FLASH            0x00000000         0x00100000         xr
SRAM             0x20000000         0x00040000         xw
IDT_LIST         0x20040000         0x00000800         xw
*default*        0x00000000         0xffffffff

Linker script and memory map

LOAD zephyr/CMakeFiles/zephyr_prebuilt.dir/misc/empty_file.c.obj
                0x00000020                _region_min_align = 0x20

.rel.plt        0x00000000        0x0
 *(SORT_BY_ALIGNMENT(.rel.plt))
                [!provide]                PROVIDE (__rel_iplt_start = .)
 *(SORT_BY_ALIGNMENT(.rel.iplt))
 .rel.iplt      0x00000000        0x0 app/libapp.a(main.c.obj)
                [!provide]                PROVIDE (__rel_iplt_end = .)

.rela.plt       0x00000000        0x0
 *(SORT_BY_ALIGNMENT(.rela.plt))
                [!provide]                PROVIDE (__rela_iplt_start = .)
 *(SORT_BY_ALIGNMENT(.rela.iplt))
                [!provide]                PROVIDE (__rela_iplt_end = .)

.rel.dyn
 *(SORT_BY_ALIGNMENT(.rel.*))

.rela.dyn
 *(SORT_BY_ALIGNMENT(.rela.*))

/DISCARD/
 *(SORT_BY_ALIGNMENT(.plt))
 *(SORT_BY_ALIGNMENT(.iplt))
 *(SORT_BY_ALIGNMENT(.got.plt))
 *(SORT_BY_ALIGNMENT(.igot.plt))
 *(SORT_BY_ALIGNMENT(.got))
 *(SORT_BY_ALIGNMENT(.igot))
 *(SORT_BY_ALIGNMENT(.note.GNU-stack))
                0x00000000                _image_rom_start = 0x0

rom_start       0x00000000      0x100
                0x00000000                . = 0x0
                0x00000000                . = ALIGN (0x4)
                0x00000000                . = ALIGN (0x80)
                0x00000000                . = ALIGN (0x100)
                0x00000000                _vector_start = .
 *(SORT_BY_ALIGNMENT(.exc_vector_table))
 *(SORT_BY_ALIGNMENT(.exc_vector_table.*))
 .exc_vector_table._vector_table_section
                0x00000000       0x40 zephyr/arch/arch/arm/core/aarch32/cortex_m/libarch__arm__core__aarch32__cortex_m.a(vector_table.S.obj)
                0x00000000                _vector_table
 *(SORT_BY_ALIGNMENT(.gnu.linkonce.irq_vector_table*))
 .gnu.linkonce.irq_vector_table*
                0x00000040       0xc0 zephyr/arch/common/libisr_tables.a(isr_tables.c.obj)
                0x00000040                _irq_vector_table
 *(SORT_BY_ALIGNMENT(.vectors))
                0x00000100                _vector_end = .
 *(SORT_BY_ALIGNMENT(.openocd_dbg))
 *(SORT_BY_ALIGNMENT(.openocd_dbg.*))

text            0x00000100    0x31abc
                0x00000100                _image_text_start = .
 *(SORT_BY_ALIGNMENT(.text))
 .text          0x00000100      0x378 c:/gnu_arm_embedded/bin/../lib/gcc/arm-none-eabi/9.3.1/thumb/v7e-m/nofp\libgcc.a(_arm_addsubdf3.o)
                0x00000100                __aeabi_drsub
                0x00000108                __aeabi_dsub
                0x00000108                __subdf3
                0x0000010c                __aeabi_dadd
                0x0000010c                __adddf3
                0x00000384                __floatunsidf
                0x00000384                __aeabi_ui2d
                0x000003a4                __floatsidf
                0x000003a4                __aeabi_i2d
                0x000003c8                __aeabi_f2d
                0x000003c8                __extendsfdf2
                0x0000040c                __floatundidf
                0x0000040c                __aeabi_ul2d
                0x0000041c                __floatdidf
                0x0000041c                __aeabi_l2d
 .text          0x00000478      0x424 c:/gnu_arm_embedded/bin/../lib/gcc/arm-none-eabi/9.3.1/thumb/v7e-m/nofp\libgcc.a(_arm_muldivdf3.o)
                0x00000478                __aeabi_dmul
                0x00000478                __muldf3
                0x000006cc                __divdf3
                0x000006cc                __aeabi_ddiv
 .text          0x0000089c       0xa0 c:/gnu_arm_embedded/bin/../lib/gcc/arm-none-eabi/9.3.1/thumb/v7e-m/nofp\libgcc.a(_aeabi_ldivmod.o)
                0x0000089c                __aeabi_ldivmod
 .text          0x0000093c       0x30 c:/gnu_arm_embedded/bin/../lib/gcc/arm-none-eabi/9.3.1/thumb/v7e-m/nofp\libgcc.a(_aeabi_uldivmod.o)
                0x0000093c                __aeabi_uldivmod
 .text          0x0000096c       0x28 c:/gnu_arm_embedded/bin/../lib/gcc/arm-none-eabi/9.3.1/thumb/v7e-m/nofp\libgcc.a(_popcountsi2.o)
                0x0000096c                __popcountsi2
 .text          0x00000994      0x2c0 c:/gnu_arm_embedded/bin/../lib/gcc/arm-none-eabi/9.3.1/thumb/v7e-m/nofp\libgcc.a(_udivmoddi4.o)
                0x00000994                __udivmoddi4
 .text          0x00000c54        0x4 c:/gnu_arm_embedded/bin/../lib/gcc/arm-none-eabi/9.3.1/thumb/v7e-m/nofp\libgcc.a(_dvmd_tls.o)
                0x00000c54                __aeabi_idiv0
                0x00000c54                __aeabi_ldiv0
 *(SORT_BY_ALIGNMENT(.text.*))
 .text.epd_update
                0x00000c58      0x378 app/libapp.a(reel_board.c.obj)
 .text.bt_init  0x00000fd0      0x554 zephyr/subsys/bluetooth/host/libsubsys__bluetooth__host.a(hci_core.c.obj)
 *fill*         0x00001524        0x4 
 .text.ull_drift_ticks_get
                0x00001528       0x8c zephyr/subsys/bluetooth/controller/libsubsys__bluetooth__controller.a(ull.c.obj)
                0x00001528                ull_drift_ticks_get
 *fill*         0x000015b4        0x4 
 .text.ll_adv_enable
                0x000015b8      0x5e0 zephyr/subsys/bluetooth/controller/libsubsys__bluetooth__controller.a(ull_adv.c.obj)
                0x000015b8                ll_adv_enable
 .text.ll_scan_params_set
                0x00001b98       0x70 zephyr/subsys/bluetooth/controller/libsubsys__bluetooth__controller.a(ull_scan.c.obj)
                0x00001b98                ll_scan_params_set
 .text.ull_scan_enable
                0x00001c08      0x130 zephyr/subsys/bluetooth/controller/libsubsys__bluetooth__controller.a(ull_scan.c.obj)
                0x00001c08                ull_scan_enable
 .text.ull_conn_llcp
                0x00001d38     0x1b98 zephyr/subsys/bluetooth/controller/libsubsys__bluetooth__controller.a(ull_conn.c.obj)
                0x00001d38                ull_conn_llcp
 .text.ull_slave_setup
                0x000038d0      0x404 zephyr/subsys/bluetooth/controller/libsubsys__bluetooth__controller.a(ull_slave.c.obj)
                0x000038d0                ull_slave_setup
 *fill*         0x00003cd4        0x4 
 .text.fxos8700_attr_set
                0x00003cd8       0xb0 zephyr/drivers/sensor/fxos8700/libdrivers__sensor__fxos8700.a(fxos8700.c.obj)
 .text.nrf_flash_sync_exe
                0x00003d88       0xf8 zephyr/drivers/flash/libdrivers__flash.a(soc_flash_nrf_ticker.c.obj)
                0x00003d88                nrf_flash_sync_exe
 .text.nrf_flash_sync_check_time_limit
                0x00003e80       0x48 zephyr/drivers/flash/libdrivers__flash.a(soc_flash_nrf_ticker.c.obj)
                0x00003e80                nrf_flash_sync_check_time_limit
 .text.bt_ready
                0x00003ec8       0x28 app/libapp.a(main.c.obj)
 .text.main     0x00003ef0       0x18 app/libapp.a(main.c.obj)
                0x00003ef0                main
 .text.vnd_hello
                0x00003f08       0x78 app/libapp.a(mesh.c.obj)
 .text.send_hello
                0x00003f80       0x94 app/libapp.a(mesh.c.obj)
 .text.start_mesh
                0x00004014       0xbc app/libapp.a(mesh.c.obj)
 .text.k_work_submit_to_queue.constprop.0
                0x000040d0       0x30 app/libapp.a(mesh.c.obj)
 .text.mesh_send_hello
                0x00004100        0xc app/libapp.a(mesh.c.obj)
                0x00004100                mesh_send_hello
 .text.mesh_start
                0x0000410c        0xc app/libapp.a(mesh.c.obj)
                0x0000410c                mesh_start
 .text.mesh_is_initialized
                0x00004118       0x10 app/libapp.a(mesh.c.obj)
                0x00004118                mesh_is_initialized
 .text.mesh_get_addr
                0x00004128        0xc app/libapp.a(mesh.c.obj)
                0x00004128                mesh_get_addr
 .text.mesh_init
                0x00004134       0x38 app/libapp.a(mesh.c.obj)
                0x00004134                mesh_init
 .text.motion_timeout
                0x0000416c       0x4c app/libapp.a(periphs.c.obj)
 .text.motion_handler
                0x000041b8       0x48 app/libapp.a(periphs.c.obj)
 .text.get_hdc1010_val
                0x00004200       0x48 app/libapp.a(periphs.c.obj)
                0x00004200                get_hdc1010_val
 .text.get_mma8652_val
                0x00004248       0x38 app/libapp.a(periphs.c.obj)
                0x00004248                get_mma8652_val
 .text.get_apds9960_val
                0x00004280       0x48 app/libapp.a(periphs.c.obj)
                0x00004280                get_apds9960_val
 .text.periphs_init
                0x000042c8       0x94 app/libapp.a(periphs.c.obj)
                0x000042c8                periphs_init
 .text.k_delayed_work_submit
                0x0000435c        0xc app/libapp.a(reel_board.c.obj)
 .text.print_line
                0x00004368       0xa0 app/libapp.a(reel_board.c.obj)
 .text.button_is_pressed
                0x00004408       0x2c app/libapp.a(reel_board.c.obj)
 .text.button_interrupt
                0x00004434       0x74 app/libapp.a(reel_board.c.obj)
 .text.board_blink_leds
                0x000044a8       0x10 app/libapp.a(reel_board.c.obj)
                0x000044a8                board_blink_leds
 .text.board_show_text
                0x000044b8       0xb0 app/libapp.a(reel_board.c.obj)
                0x000044b8                board_show_text
 .text.board_add_hello
                0x00004568       0x5c app/libapp.a(reel_board.c.obj)
                0x00004568                board_add_hello
 .text.set_led_state
                0x000045c4       0x38 app/libapp.a(reel_board.c.obj)
                0x000045c4                set_led_state
 .text.led_timeout
                0x000045fc       0x58 app/libapp.a(reel_board.c.obj)
 .text.board_refresh_display
                0x00004654       0x10 app/libapp.a(reel_board.c.obj)
                0x00004654                board_refresh_display
 .text.long_press
                0x00004664       0x38 app/libapp.a(reel_board.c.obj)
 .text.board_init
                0x0000469c      0x150 app/libapp.a(reel_board.c.obj)
                0x0000469c                board_init
 .text.crc8_ccitt
                0x000047ec       0x30 zephyr/libzephyr.a(crc8_sw.c.obj)
                0x000047ec                crc8_ccitt
 .text.print_digits
                0x0000481c       0x90 zephyr/libzephyr.a(printk.c.obj)
 .text.char_out
                0x000048ac       0x10 zephyr/libzephyr.a(printk.c.obj)
 .text.__printk_hook_install
                0x000048bc        0xc zephyr/libzephyr.a(printk.c.obj)
                0x000048bc                __printk_hook_install
 .text.z_vprintk
                0x000048c8      0x25c zephyr/libzephyr.a(printk.c.obj)
                0x000048c8                z_vprintk
 .text.vprintk  0x00004b24       0x1c zephyr/libzephyr.a(printk.c.obj)
                0x00004b24                vprintk
 .text.vsnprintk
                0x00004b40       0x28 zephyr/libzephyr.a(printk.c.obj)
                0x00004b40                vsnprintk
 .text.process_event
                0x00004b68      0x1c0 zephyr/libzephyr.a(onoff.c.obj)
 .text.z_prf    0x00004d28      0x9e0 zephyr/libzephyr.a(prf.c.obj)
                0x00004d28                z_prf
 .text.enable_logger
                0x00005708       0x5c zephyr/libzephyr.a(log_core.c.obj)
 .text.log_process_thread_timer_expiry_fn
                0x00005764        0xc zephyr/libzephyr.a(log_core.c.obj)
 .text.log_core_init
                0x00005770       0x40 zephyr/libzephyr.a(log_core.c.obj)
                0x00005770                log_core_init
 .text.dropped_notify
                0x000057b0       0x4c zephyr/libzephyr.a(log_core.c.obj)
                0x000057b0                dropped_notify
 .text.log_dropped
                0x000057fc       0x20 zephyr/libzephyr.a(log_core.c.obj)
                0x000057fc                log_dropped
 .text.log_source_name_get
                0x0000581c       0x1c zephyr/libzephyr.a(log_core.c.obj)
                0x0000581c                log_source_name_get
 .text.log_backend_enable
                0x00005838       0x34 zephyr/libzephyr.a(log_core.c.obj)
                0x00005838                log_backend_enable
 .text.log_init
                0x0000586c       0x54 zephyr/libzephyr.a(log_core.c.obj)
                0x0000586c                log_init
 .text.log_strdup
                0x000058c0       0x6c zephyr/libzephyr.a(log_core.c.obj)
                0x000058c0                log_strdup
 .text.log_is_strdup
                0x0000592c       0x1c zephyr/libzephyr.a(log_core.c.obj)
                0x0000592c                log_is_strdup
 .text.z_impl_log_process
                0x00005948      0x170 zephyr/libzephyr.a(log_core.c.obj)
                0x00005948                z_impl_log_process
 .text.msg_finalize
                0x00005ab8       0xc4 zephyr/libzephyr.a(log_core.c.obj)
 .text.log_process_thread_func
                0x00005b7c       0x48 zephyr/libzephyr.a(log_core.c.obj)
 .text.z_impl_log_panic
                0x00005bc4       0x48 zephyr/libzephyr.a(log_core.c.obj)
                0x00005bc4                z_impl_log_panic
 .text.log_free
                0x00005c0c       0x34 zephyr/libzephyr.a(log_core.c.obj)
                0x00005c0c                log_free
 .text.log_msg_pool_init
                0x00005c40       0x14 zephyr/libzephyr.a(log_msg.c.obj)
                0x00005c40                log_msg_pool_init
 .text.log_msg_no_space_handle
                0x00005c54       0x30 zephyr/libzephyr.a(log_msg.c.obj)
                0x00005c54                log_msg_no_space_handle
 .text.log_msg_chunk_alloc
                0x00005c84       0x28 zephyr/libzephyr.a(log_msg.c.obj)
                0x00005c84                log_msg_chunk_alloc
 .text.msg_free
                0x00005cac       0x7c zephyr/libzephyr.a(log_msg.c.obj)
 .text.print_formatted
                0x00005d28       0x24 zephyr/libzephyr.a(log_output.c.obj)
 .text.prefix_print
                0x00005d4c      0x11c zephyr/libzephyr.a(log_output.c.obj)
 .text.postfix_print
                0x00005e68       0x3c zephyr/libzephyr.a(log_output.c.obj)
 .text.hexdump_line_print
                0x00005ea4       0xdc zephyr/libzephyr.a(log_output.c.obj)
 .text.log_output_msg_process
                0x00005f80       0xf8 zephyr/libzephyr.a(log_output.c.obj)
                0x00005f80                log_output_msg_process
 .text.log_output_dropped_process
                0x00006078       0x58 zephyr/libzephyr.a(log_output.c.obj)
                0x00006078                log_output_dropped_process
 .text.log_output_timestamp_freq_set
                0x000060d0       0x30 zephyr/libzephyr.a(log_output.c.obj)
                0x000060d0                log_output_timestamp_freq_set
 .text.char_out
                0x00006100       0x24 zephyr/libzephyr.a(log_backend_uart.c.obj)
 .text.panic    0x00006124        0xc zephyr/libzephyr.a(log_backend_uart.c.obj)
 .text.dropped  0x00006130        0xc zephyr/libzephyr.a(log_backend_uart.c.obj)
 .text.log_backend_uart_init
                0x0000613c       0x18 zephyr/libzephyr.a(log_backend_uart.c.obj)
 .text.put      0x00006154       0x24 zephyr/libzephyr.a(log_backend_uart.c.obj)
 .text.nvs_recover_last_ate
                0x00006178       0x60 zephyr/libzephyr.a(nvs.c.obj)
 .text.nvs_gc   0x000061d8      0x180 zephyr/libzephyr.a(nvs.c.obj)
 .text.nvs_init
                0x00006358      0x2cc zephyr/libzephyr.a(nvs.c.obj)
                0x00006358                nvs_init
 .text.nvs_write
                0x00006624      0x1c8 zephyr/libzephyr.a(nvs.c.obj)
                0x00006624                nvs_write
 .text.nvs_read_hist
                0x000067ec       0xd0 zephyr/libzephyr.a(nvs.c.obj)
                0x000067ec                nvs_read_hist
 .text.get_flash_area_from_id
                0x000068bc       0x30 zephyr/libzephyr.a(flash_map.c.obj)
 .text.flash_area_open
                0x000068ec       0x28 zephyr/libzephyr.a(flash_map.c.obj)
                0x000068ec                flash_area_open
 .text.flash_area_get_sectors
                0x00006914       0x50 zephyr/libzephyr.a(flash_map.c.obj)
                0x00006914                flash_area_get_sectors
 .text.settings_save_one
                0x00006964       0x4c zephyr/libzephyr.a(settings_store.c.obj)
                0x00006964                settings_save_one
 .text.settings_src_register
                0x000069b0       0x1c zephyr/libzephyr.a(settings_store.c.obj)
                0x000069b0                settings_src_register
 .text.settings_dst_register
                0x000069cc        0xc zephyr/libzephyr.a(settings_store.c.obj)
                0x000069cc                settings_dst_register
 .text.settings_load_subtree
                0x000069d8       0x4c zephyr/libzephyr.a(settings_store.c.obj)
                0x000069d8                settings_load_subtree
 .text.settings_load_subtree_direct
                0x00006a24       0x40 zephyr/libzephyr.a(settings_store.c.obj)
                0x00006a24                settings_load_subtree_direct
 .text.settings_store_init
                0x00006a64       0x10 zephyr/libzephyr.a(settings_store.c.obj)
                0x00006a64                settings_store_init
 .text.settings_init
                0x00006a74       0x10 zephyr/libzephyr.a(settings.c.obj)
                0x00006a74                settings_init
 .text.settings_parse_and_lookup
                0x00006a84       0x94 zephyr/libzephyr.a(settings.c.obj)
                0x00006a84                settings_parse_and_lookup
 .text.settings_call_set_handler
                0x00006b18       0x9c zephyr/libzephyr.a(settings.c.obj)
                0x00006b18                settings_call_set_handler
 .text.settings_commit_subtree
                0x00006bb4       0x78 zephyr/libzephyr.a(settings.c.obj)
                0x00006bb4                settings_commit_subtree
 .text.settings_subsys_init
                0x00006c2c       0x20 zephyr/libzephyr.a(settings_init.c.obj)
                0x00006c2c                settings_subsys_init
 .text.settings_nvs_load
                0x00006c4c       0xb8 zephyr/libzephyr.a(settings_nvs.c.obj)
 .text.settings_backend_init
                0x00006d04       0x98 zephyr/libzephyr.a(settings_nvs.c.obj)
                0x00006d04                settings_backend_init
 .text.cfb_print
                0x00006d9c      0x194 zephyr/libzephyr.a(cfb.c.obj)
                0x00006d9c                cfb_print
 .text.cfb_framebuffer_clear
                0x00006f30       0x20 zephyr/libzephyr.a(cfb.c.obj)
                0x00006f30                cfb_framebuffer_clear
 .text.cfb_framebuffer_finalize
                0x00006f50       0x6c zephyr/libzephyr.a(cfb.c.obj)
                0x00006f50                cfb_framebuffer_finalize
 .text.cfb_framebuffer_set_font
                0x00006fbc       0x18 zephyr/libzephyr.a(cfb.c.obj)
                0x00006fbc                cfb_framebuffer_set_font
 .text.cfb_get_font_size
                0x00006fd4       0x3c zephyr/libzephyr.a(cfb.c.obj)
                0x00006fd4                cfb_get_font_size
 .text.cfb_framebuffer_init
                0x00007010       0x7c zephyr/libzephyr.a(cfb.c.obj)
                0x00007010                cfb_framebuffer_init
 .text.uart_console_init
                0x0000708c       0x2c zephyr/libzephyr.a(uart_console.c.obj)
 .text.console_out
                0x000070b8       0x28 zephyr/libzephyr.a(uart_console.c.obj)
 .text.onoff_stop
                0x000070e0       0x48 zephyr/libzephyr.a(clock_control_nrf.c.obj)
 .text.onoff_start
                0x00007128       0x54 zephyr/libzephyr.a(clock_control_nrf.c.obj)
 .text.clk_init
                0x0000717c       0x60 zephyr/libzephyr.a(clock_control_nrf.c.obj)
 .text.clkstarted_handle.constprop.0
                0x000071dc       0x34 zephyr/libzephyr.a(clock_control_nrf.c.obj)
 .text.clock_event_handler
                0x00007210       0x1c zephyr/libzephyr.a(clock_control_nrf.c.obj)
 .text.generic_hfclk_start
                0x0000722c       0x64 zephyr/libzephyr.a(clock_control_nrf.c.obj)
 .text.generic_hfclk_stop
                0x00007290       0x2c zephyr/libzephyr.a(clock_control_nrf.c.obj)
 .text.api_blocking_start
                0x000072bc       0x3c zephyr/libzephyr.a(clock_control_nrf.c.obj)
 .text.z_nrf_clock_control_get_onoff
                0x000072f8       0x10 zephyr/libzephyr.a(clock_control_nrf.c.obj)
                0x000072f8                z_nrf_clock_control_get_onoff
 .text.z_nrf_clock_bt_ctlr_hf_request
                0x00007308       0x2c zephyr/libzephyr.a(clock_control_nrf.c.obj)
                0x00007308                z_nrf_clock_bt_ctlr_hf_request
 .text.z_nrf_clock_bt_ctlr_hf_release
                0x00007334       0x2c zephyr/libzephyr.a(clock_control_nrf.c.obj)
                0x00007334                z_nrf_clock_bt_ctlr_hf_release
 .text.z_nrf_clock_control_lf_on
                0x00007360      0x10c zephyr/libzephyr.a(clock_control_nrf.c.obj)
                0x00007360                z_nrf_clock_control_lf_on
 .text.ssd16xx_set_orientation
                0x0000746c       0x28 zephyr/libzephyr.a(ssd16xx.c.obj)
 .text.ssd16xx_set_brightness
                0x00007494       0x28 zephyr/libzephyr.a(ssd16xx.c.obj)
 .text.ssd16xx_get_framebuffer
                0x000074bc       0x28 zephyr/libzephyr.a(ssd16xx.c.obj)
 .text.ssd16xx_read
                0x000074e4       0x28 zephyr/libzephyr.a(ssd16xx.c.obj)
 .text.ssd16xx_get_capabilities
                0x0000750c       0x24 zephyr/libzephyr.a(ssd16xx.c.obj)
 .text.ssd16xx_set_pixel_format
                0x00007530       0x30 zephyr/libzephyr.a(ssd16xx.c.obj)
 .text.ssd16xx_write
                0x00007560      0x1b0 zephyr/libzephyr.a(ssd16xx.c.obj)
 .text.ssd16xx_init
                0x00007710      0x264 zephyr/libzephyr.a(ssd16xx.c.obj)
 .text.handle_next_cycle_case
                0x00007974       0x28 zephyr/libzephyr.a(nrf_rtc_timer.c.obj)
 .text.rtc_nrf_isr
                0x0000799c       0x2c zephyr/libzephyr.a(nrf_rtc_timer.c.obj)
                0x0000799c                rtc_nrf_isr
 .text.z_clock_driver_init
                0x000079c8       0x54 zephyr/libzephyr.a(nrf_rtc_timer.c.obj)
                0x000079c8                z_clock_driver_init
 .text.z_clock_set_timeout
                0x00007a1c       0xc4 zephyr/libzephyr.a(nrf_rtc_timer.c.obj)
                0x00007a1c                z_clock_set_timeout
 .text.z_clock_elapsed
                0x00007ae0       0x34 zephyr/libzephyr.a(nrf_rtc_timer.c.obj)
                0x00007ae0                z_clock_elapsed
 .text.z_timer_cycle_get_32
                0x00007b14       0x34 zephyr/libzephyr.a(nrf_rtc_timer.c.obj)
                0x00007b14                z_timer_cycle_get_32
 .text.uECC_get_rng
                0x00007b48        0xc zephyr/libzephyr.a(ecc.c.obj)
                0x00007b48                uECC_get_rng
 .text.vli_mmod_fast_secp256r1
                0x00007b54      0x1a0 zephyr/libzephyr.a(ecc.c.obj)
                0x00007b54                vli_mmod_fast_secp256r1
 .text.tc_aes128_set_encrypt_key
                0x00007cf4       0xa4 zephyr/libzephyr.a(aes_encrypt.c.obj)
                0x00007cf4                tc_aes128_set_encrypt_key
 .text.tc_aes_encrypt
                0x00007d98       0xd4 zephyr/libzephyr.a(aes_encrypt.c.obj)
                0x00007d98                tc_aes_encrypt
 .text.arch_swap
                0x00007e6c       0x34 zephyr/arch/arch/arm/core/aarch32/libarch__arm__core__aarch32.a(swap.c.obj)
                0x00007e6c                arch_swap
 .text.z_arm_pendsv
                0x00007ea0       0x48 zephyr/arch/arch/arm/core/aarch32/libarch__arm__core__aarch32.a(swap_helper.S.obj)
                0x00007ea0                z_arm_pendsv
 .text.z_arm_svc
                0x00007ee8       0x20 zephyr/arch/arch/arm/core/aarch32/libarch__arm__core__aarch32.a(swap_helper.S.obj)
                0x00007ee8                z_arm_svc
 .text.arch_irq_enable
                0x00007f08       0x20 zephyr/arch/arch/arm/core/aarch32/libarch__arm__core__aarch32.a(irq_manage.c.obj)
                0x00007f08                arch_irq_enable
 .text.arch_irq_disable
                0x00007f28       0x28 zephyr/arch/arch/arm/core/aarch32/libarch__arm__core__aarch32.a(irq_manage.c.obj)
                0x00007f28                arch_irq_disable
 .text.arch_irq_is_enabled
                0x00007f50       0x1c zephyr/arch/arch/arm/core/aarch32/libarch__arm__core__aarch32.a(irq_manage.c.obj)
                0x00007f50                arch_irq_is_enabled
 .text.z_arm_irq_priority_set
                0x00007f6c       0x30 zephyr/arch/arch/arm/core/aarch32/libarch__arm__core__aarch32.a(irq_manage.c.obj)
                0x00007f6c                z_arm_irq_priority_set
 .text._arch_isr_direct_pm
                0x00007f9c       0x1c zephyr/arch/arch/arm/core/aarch32/libarch__arm__core__aarch32.a(irq_manage.c.obj)
                0x00007f9c                _arch_isr_direct_pm
 .text.arch_new_thread
                0x00007fb8       0x38 zephyr/arch/arch/arm/core/aarch32/libarch__arm__core__aarch32.a(thread.c.obj)
                0x00007fb8                arch_new_thread
 .text.arch_switch_to_main_thread
                0x00007ff0       0x30 zephyr/arch/arch/arm/core/aarch32/libarch__arm__core__aarch32.a(thread.c.obj)
                0x00007ff0                arch_switch_to_main_thread
 .text.z_arm_cpu_idle_init
                0x00008020        0xc zephyr/arch/arch/arm/core/aarch32/libarch__arm__core__aarch32.a(cpu_idle.S.obj)
                0x00008020                z_arm_cpu_idle_init
 .text.arch_cpu_idle
                0x0000802c       0x1c zephyr/arch/arch/arm/core/aarch32/libarch__arm__core__aarch32.a(cpu_idle.S.obj)
                0x0000802c                arch_cpu_idle
 .text.arch_cpu_atomic_idle
                0x00008048       0x14 zephyr/arch/arch/arm/core/aarch32/libarch__arm__core__aarch32.a(cpu_idle.S.obj)
                0x00008048                arch_cpu_atomic_idle
 .text.z_arm_fatal_error
                0x0000805c       0x70 zephyr/arch/arch/arm/core/aarch32/libarch__arm__core__aarch32.a(fatal.c.obj)
                0x0000805c                z_arm_fatal_error
 .text.z_SysNmiOnReset
                0x000080cc        0x8 zephyr/arch/arch/arm/core/aarch32/libarch__arm__core__aarch32.a(nmi_on_reset.S.obj)
                0x000080cc                z_SysNmiOnReset
 .text.z_arm_prep_c
                0x000080d4       0x44 zephyr/arch/arch/arm/core/aarch32/libarch__arm__core__aarch32.a(prep_c.c.obj)
                0x000080d4                z_arm_prep_c
 .text._isr_wrapper
                0x00008118       0x40 zephyr/arch/arch/arm/core/aarch32/libarch__arm__core__aarch32.a(isr_wrapper.S.obj)
                0x00008118                _isr_wrapper
 .text._reset_section
                0x00008158       0x30 zephyr/arch/arch/arm/core/aarch32/cortex_m/libarch__arm__core__aarch32__cortex_m.a(reset.S.obj)
                0x00008158                __start
                0x00008158                z_arm_reset
 .text.__fault  0x00008188       0x14 zephyr/arch/arch/arm/core/aarch32/cortex_m/libarch__arm__core__aarch32__cortex_m.a(fault_s.S.obj)
                0x00008188                z_arm_usage_fault
                0x00008188                z_arm_mpu_fault
                0x00008188                z_arm_exc_spurious
                0x00008188                z_arm_debug_monitor
                0x00008188                z_arm_hard_fault
                0x00008188                z_arm_bus_fault
 .text.usage_fault.isra.0
                0x0000819c       0xb8 zephyr/arch/arch/arm/core/aarch32/cortex_m/libarch__arm__core__aarch32__cortex_m.a(fault.c.obj)
 .text.mem_manage_fault.isra.0
                0x00008254       0xcc zephyr/arch/arch/arm/core/aarch32/cortex_m/libarch__arm__core__aarch32__cortex_m.a(fault.c.obj)
 .text.bus_fault.isra.0
                0x00008320       0xdc zephyr/arch/arch/arm/core/aarch32/cortex_m/libarch__arm__core__aarch32__cortex_m.a(fault.c.obj)
 .text.z_arm_fault
                0x000083fc      0x198 zephyr/arch/arch/arm/core/aarch32/cortex_m/libarch__arm__core__aarch32__cortex_m.a(fault.c.obj)
                0x000083fc                z_arm_fault
 .text.z_arm_fault_init
                0x00008594       0x10 zephyr/arch/arch/arm/core/aarch32/cortex_m/libarch__arm__core__aarch32__cortex_m.a(fault.c.obj)
                0x00008594                z_arm_fault_init
 .text._HandlerModeExit
                0x000085a4       0x1c zephyr/arch/arch/arm/core/aarch32/cortex_m/libarch__arm__core__aarch32__cortex_m.a(exc_exit.S.obj)
                0x000085a4                z_arm_int_exit
                0x000085a4                z_arm_exc_exit
 .text.z_arm_interrupt_init
                0x000085c0       0x18 zephyr/arch/arch/arm/core/aarch32/cortex_m/libarch__arm__core__aarch32__cortex_m.a(irq_init.c.obj)
                0x000085c0                z_arm_interrupt_init
 .text.z_impl_k_thread_abort
                0x000085d8       0x44 zephyr/arch/arch/arm/core/aarch32/cortex_m/libarch__arm__core__aarch32__cortex_m.a(thread_abort.c.obj)
                0x000085d8                z_impl_k_thread_abort
 .text.z_arm_configure_static_mpu_regions
                0x0000861c       0x38 zephyr/arch/arch/arm/core/aarch32/cortex_m/mpu/libarch__arm__core__aarch32__cortex_m__mpu.a(arm_core_mpu.c.obj)
                0x0000861c                z_arm_configure_static_mpu_regions
 .text.mpu_configure_regions
                0x00008654       0xc4 zephyr/arch/arch/arm/core/aarch32/cortex_m/mpu/libarch__arm__core__aarch32__cortex_m__mpu.a(arm_mpu.c.obj)
 .text.arm_core_mpu_enable
                0x00008718       0x14 zephyr/arch/arch/arm/core/aarch32/cortex_m/mpu/libarch__arm__core__aarch32__cortex_m__mpu.a(arm_mpu.c.obj)
                0x00008718                arm_core_mpu_enable
 .text.arm_core_mpu_disable
                0x0000872c       0x10 zephyr/arch/arch/arm/core/aarch32/cortex_m/mpu/libarch__arm__core__aarch32__cortex_m__mpu.a(arm_mpu.c.obj)
                0x0000872c                arm_core_mpu_disable
 .text.arm_mpu_init
                0x0000873c       0x5c zephyr/arch/arch/arm/core/aarch32/cortex_m/mpu/libarch__arm__core__aarch32__cortex_m__mpu.a(arm_mpu.c.obj)
 .text.arm_core_mpu_configure_static_mpu_regions
                0x00008798       0x14 zephyr/arch/arch/arm/core/aarch32/cortex_m/mpu/libarch__arm__core__aarch32__cortex_m__mpu.a(arm_mpu.c.obj)
                0x00008798                arm_core_mpu_configure_static_mpu_regions
 .text.__stdout_hook_install
                0x000087ac        0xc zephyr/lib/libc/minimal/liblib__libc__minimal.a(stdout_console.c.obj)
                0x000087ac                __stdout_hook_install
 .text.snprintf
                0x000087b8       0x30 zephyr/lib/libc/minimal/liblib__libc__minimal.a(sprintf.c.obj)
                0x000087b8                snprintf
 .text.nordicsemi_nrf52_init
                0x000087e8       0x30 zephyr/soc/arm/nordic_nrf/nrf52/libsoc__arm__nordic_nrf__nrf52.a(soc.c.obj)
 .text.arch_busy_wait
                0x00008818       0x14 zephyr/soc/arm/nordic_nrf/nrf52/libsoc__arm__nordic_nrf__nrf52.a(soc.c.obj)
                0x00008818                arch_busy_wait
 .text.board_reel_board_init
                0x0000882c       0x24 zephyr/boards/arm/reel_board/libboards__arm__reel_board.a(board.c.obj)
 .text.bt_hex_real
                0x00008850       0x44 zephyr/subsys/bluetooth/common/libsubsys__bluetooth__common.a(log.c.obj)
                0x00008850                bt_hex_real
 .text.bt_addr_le_str_real
                0x00008894       0x7c zephyr/subsys/bluetooth/common/libsubsys__bluetooth__common.a(log.c.obj)
                0x00008894                bt_addr_le_str_real
 .text.ecc_thread
                0x00008910      0x1c4 zephyr/subsys/bluetooth/host/libsubsys__bluetooth__host.a(hci_ecc.c.obj)
 .text.bt_hci_ecc_send
                0x00008ad4      0x110 zephyr/subsys/bluetooth/host/libsubsys__bluetooth__host.a(hci_ecc.c.obj)
                0x00008ad4                bt_hci_ecc_send
 .text.bt_hci_ecc_init
                0x00008be4       0x48 zephyr/subsys/bluetooth/host/libsubsys__bluetooth__host.a(hci_ecc.c.obj)
                0x00008be4                bt_hci_ecc_init
 .text.save_id  0x00008c2c       0x78 zephyr/subsys/bluetooth/host/libsubsys__bluetooth__host.a(settings.c.obj)
 .text.set      0x00008ca4      0x150 zephyr/subsys/bluetooth/host/libsubsys__bluetooth__host.a(settings.c.obj)
 .text.bt_settings_encode_key
                0x00008df4       0x60 zephyr/subsys/bluetooth/host/libsubsys__bluetooth__host.a(settings.c.obj)
                0x00008df4                bt_settings_encode_key
 .text.bt_settings_save_id
                0x00008e54       0x30 zephyr/subsys/bluetooth/host/libsubsys__bluetooth__host.a(settings.c.obj)
                0x00008e54                bt_settings_save_id
 .text.commit   0x00008e84       0x90 zephyr/subsys/bluetooth/host/libsubsys__bluetooth__host.a(settings.c.obj)
 .text.bt_settings_init
                0x00008f14       0x30 zephyr/subsys/bluetooth/host/libsubsys__bluetooth__host.a(settings.c.obj)
                0x00008f14                bt_settings_init
 .text.uuid_to_uuid128
                0x00008f44       0x7c zephyr/subsys/bluetooth/host/libsubsys__bluetooth__host.a(uuid.c.obj)
 .text.le_dhkey_complete
                0x00008fc0       0x20 zephyr/subsys/bluetooth/host/libsubsys__bluetooth__host.a(hci_core.c.obj)
 .text.ver_str  0x00008fe0       0x38 zephyr/subsys/bluetooth/host/libsubsys__bluetooth__host.a(hci_core.c.obj)
 .text.hci_data_buf_overflow
                0x00009018       0x24 zephyr/subsys/bluetooth/host/libsubsys__bluetooth__host.a(hci_core.c.obj)
 .text.id_find  0x0000903c       0x30 zephyr/subsys/bluetooth/host/libsubsys__bluetooth__host.a(hci_core.c.obj)
 .text.valid_adv_param
                0x0000906c       0x7c zephyr/subsys/bluetooth/host/libsubsys__bluetooth__host.a(hci_core.c.obj)
 .text.set_data_add
                0x000090e8       0xa8 zephyr/subsys/bluetooth/host/libsubsys__bluetooth__host.a(hci_core.c.obj)
 .text.le_pkey_complete
                0x00009190       0x50 zephyr/subsys/bluetooth/host/libsubsys__bluetooth__host.a(hci_core.c.obj)
 .text.hci_hardware_error
                0x000091e0       0x30 zephyr/subsys/bluetooth/host/libsubsys__bluetooth__host.a(hci_core.c.obj)
 .text.le_data_len_change
                0x00009210       0x3c zephyr/subsys/bluetooth/host/libsubsys__bluetooth__host.a(hci_core.c.obj)
 .text.hci_disconn_complete_prio
                0x0000924c       0x50 zephyr/subsys/bluetooth/host/libsubsys__bluetooth__host.a(hci_core.c.obj)
 .text.hci_disconn_complete
                0x0000929c       0x54 zephyr/subsys/bluetooth/host/libsubsys__bluetooth__host.a(hci_core.c.obj)
 .text.hci_vendor_event
                0x000092f0       0x38 zephyr/subsys/bluetooth/host/libsubsys__bluetooth__host.a(hci_core.c.obj)
 .text.le_conn_update_complete
                0x00009328       0x98 zephyr/subsys/bluetooth/host/libsubsys__bluetooth__host.a(hci_core.c.obj)
 .text.update_sec_level
                0x000093c0       0x64 zephyr/subsys/bluetooth/host/libsubsys__bluetooth__host.a(hci_core.c.obj)
 .text.hci_encrypt_key_refresh_complete
                0x00009424       0x70 zephyr/subsys/bluetooth/host/libsubsys__bluetooth__host.a(hci_core.c.obj)
 .text.hci_encrypt_change
                0x00009494       0x78 zephyr/subsys/bluetooth/host/libsubsys__bluetooth__host.a(hci_core.c.obj)
 .text.find_pending_connect.part.0
                0x0000950c       0x3c zephyr/subsys/bluetooth/host/libsubsys__bluetooth__host.a(hci_core.c.obj)
 .text.hci_cmd_done
                0x00009548       0xf4 zephyr/subsys/bluetooth/host/libsubsys__bluetooth__host.a(hci_core.c.obj)
 .text.handle_event
                0x0000963c       0x84 zephyr/subsys/bluetooth/host/libsubsys__bluetooth__host.a(hci_core.c.obj)
 .text.hci_le_meta_event
                0x000096c0       0x20 zephyr/subsys/bluetooth/host/libsubsys__bluetooth__host.a(hci_core.c.obj)
 .text.le_adv_start_add_conn
                0x000096e0       0xa8 zephyr/subsys/bluetooth/host/libsubsys__bluetooth__host.a(hci_core.c.obj)
 .text.le_rpa_invalidate
                0x00009788       0x38 zephyr/subsys/bluetooth/host/libsubsys__bluetooth__host.a(hci_core.c.obj)
 .text.hci_tx_thread
                0x000097c0      0x188 zephyr/subsys/bluetooth/host/libsubsys__bluetooth__host.a(hci_core.c.obj)
 .text.hci_num_completed_packets
                0x00009948      0x134 zephyr/subsys/bluetooth/host/libsubsys__bluetooth__host.a(hci_core.c.obj)
 .text.hci_cmd_status
                0x00009a7c       0x2c zephyr/subsys/bluetooth/host/libsubsys__bluetooth__host.a(hci_core.c.obj)
 .text.hci_cmd_complete
                0x00009aa8       0x30 zephyr/subsys/bluetooth/host/libsubsys__bluetooth__host.a(hci_core.c.obj)
 .text.bt_hci_cmd_create
                0x00009ad8       0x70 zephyr/subsys/bluetooth/host/libsubsys__bluetooth__host.a(hci_core.c.obj)
                0x00009ad8                bt_hci_cmd_create
 .text.bt_hci_cmd_send
                0x00009b48       0x64 zephyr/subsys/bluetooth/host/libsubsys__bluetooth__host.a(hci_core.c.obj)
                0x00009b48                bt_hci_cmd_send
 .text.le_ltk_request
                0x00009bac       0xc0 zephyr/subsys/bluetooth/host/libsubsys__bluetooth__host.a(hci_core.c.obj)
 .text.le_conn_param_neg_reply
                0x00009c6c       0x54 zephyr/subsys/bluetooth/host/libsubsys__bluetooth__host.a(hci_core.c.obj)
 .text.le_conn_param_req
                0x00009cc0       0xd0 zephyr/subsys/bluetooth/host/libsubsys__bluetooth__host.a(hci_core.c.obj)
 .text.bt_hci_cmd_send_sync
                0x00009d90       0xf0 zephyr/subsys/bluetooth/host/libsubsys__bluetooth__host.a(hci_core.c.obj)
                0x00009d90                bt_hci_cmd_send_sync
 .text.set_random_address
                0x00009e80       0x5c zephyr/subsys/bluetooth/host/libsubsys__bluetooth__host.a(hci_core.c.obj)
 .text.le_set_private_addr
                0x00009edc       0x6c zephyr/subsys/bluetooth/host/libsubsys__bluetooth__host.a(hci_core.c.obj)
 .text.le_adv_set_random_addr.isra.0
                0x00009f48       0x84 zephyr/subsys/bluetooth/host/libsubsys__bluetooth__host.a(hci_core.c.obj)
 .text.set_le_adv_enable_legacy
                0x00009fcc       0x5c zephyr/subsys/bluetooth/host/libsubsys__bluetooth__host.a(hci_core.c.obj)
 .text.set_le_scan_enable_legacy
                0x0000a028       0x78 zephyr/subsys/bluetooth/host/libsubsys__bluetooth__host.a(hci_core.c.obj)
 .text.le_update_private_addr
                0x0000a0a0       0xa8 zephyr/subsys/bluetooth/host/libsubsys__bluetooth__host.a(hci_core.c.obj)
 .text.rpa_timeout
                0x0000a148       0x4c zephyr/subsys/bluetooth/host/libsubsys__bluetooth__host.a(hci_core.c.obj)
 .text.hci_le_read_max_data_len
                0x0000a194       0x54 zephyr/subsys/bluetooth/host/libsubsys__bluetooth__host.a(hci_core.c.obj)
 .text.hci_id_add
                0x0000a1e8       0x64 zephyr/subsys/bluetooth/host/libsubsys__bluetooth__host.a(hci_core.c.obj)
 .text.le_adv_update.constprop.0
                0x0000a24c       0xe8 zephyr/subsys/bluetooth/host/libsubsys__bluetooth__host.a(hci_core.c.obj)
 .text.le_adv_report
                0x0000a334      0x154 zephyr/subsys/bluetooth/host/libsubsys__bluetooth__host.a(hci_core.c.obj)
 .text.bt_le_scan_random_addr_check
                0x0000a488       0x40 zephyr/subsys/bluetooth/host/libsubsys__bluetooth__host.a(hci_core.c.obj)
                0x0000a488                bt_le_scan_random_addr_check
 .text.conn_auto_initiate
                0x0000a4c8       0xf0 zephyr/subsys/bluetooth/host/libsubsys__bluetooth__host.a(hci_core.c.obj)
 .text.le_phy_update_complete
                0x0000a5b8       0x64 zephyr/subsys/bluetooth/host/libsubsys__bluetooth__host.a(hci_core.c.obj)
 .text.le_remote_feat_complete
                0x0000a61c       0x60 zephyr/subsys/bluetooth/host/libsubsys__bluetooth__host.a(hci_core.c.obj)
 .text.bt_id_add
                0x0000a67c      0x1bc zephyr/subsys/bluetooth/host/libsubsys__bluetooth__host.a(hci_core.c.obj)
                0x0000a67c                bt_id_add
 .text.bt_id_del
                0x0000a838      0x154 zephyr/subsys/bluetooth/host/libsubsys__bluetooth__host.a(hci_core.c.obj)
                0x0000a838                bt_id_del
 .text.bt_le_scan_update
                0x0000a98c       0x2c zephyr/subsys/bluetooth/host/libsubsys__bluetooth__host.a(hci_core.c.obj)
                0x0000a98c                bt_le_scan_update
 .text.id_create
                0x0000a9b8       0xb0 zephyr/subsys/bluetooth/host/libsubsys__bluetooth__host.a(hci_core.c.obj)
 .text.hci_event_prio
                0x0000aa68       0xa4 zephyr/subsys/bluetooth/host/libsubsys__bluetooth__host.a(hci_core.c.obj)
                0x0000aa68                hci_event_prio
 .text.bt_recv  0x0000ab0c      0x148 zephyr/subsys/bluetooth/host/libsubsys__bluetooth__host.a(hci_core.c.obj)
                0x0000ab0c                bt_recv
 .text.bt_recv_prio
                0x0000ac54       0x3c zephyr/subsys/bluetooth/host/libsubsys__bluetooth__host.a(hci_core.c.obj)
                0x0000ac54                bt_recv_prio
 .text.bt_hci_driver_register
                0x0000ac90       0x28 zephyr/subsys/bluetooth/host/libsubsys__bluetooth__host.a(hci_core.c.obj)
                0x0000ac90                bt_hci_driver_register
 .text.bt_finalize_init
                0x0000acb8       0xe0 zephyr/subsys/bluetooth/host/libsubsys__bluetooth__host.a(hci_core.c.obj)
                0x0000acb8                bt_finalize_init
 .text.init_work
                0x0000ad98       0x18 zephyr/subsys/bluetooth/host/libsubsys__bluetooth__host.a(hci_core.c.obj)
 .text.bt_enable
                0x0000adb0       0xf4 zephyr/subsys/bluetooth/host/libsubsys__bluetooth__host.a(hci_core.c.obj)
                0x0000adb0                bt_enable
 .text.bt_set_name
                0x0000aea4       0xa4 zephyr/subsys/bluetooth/host/libsubsys__bluetooth__host.a(hci_core.c.obj)
                0x0000aea4                bt_set_name
 .text.bt_get_name
                0x0000af48        0x8 zephyr/subsys/bluetooth/host/libsubsys__bluetooth__host.a(hci_core.c.obj)
                0x0000af48                bt_get_name
 .text.bt_id_create
                0x0000af50       0x88 zephyr/subsys/bluetooth/host/libsubsys__bluetooth__host.a(hci_core.c.obj)
                0x0000af50                bt_id_create
 .text.bt_setup_public_id_addr
                0x0000afd8      0x108 zephyr/subsys/bluetooth/host/libsubsys__bluetooth__host.a(hci_core.c.obj)
                0x0000afd8                bt_setup_public_id_addr
 .text.bt_read_static_addr
                0x0000b0e0       0xb4 zephyr/subsys/bluetooth/host/libsubsys__bluetooth__host.a(hci_core.c.obj)
                0x0000b0e0                bt_read_static_addr
 .text.bt_setup_random_id_addr
                0x0000b194       0x94 zephyr/subsys/bluetooth/host/libsubsys__bluetooth__host.a(hci_core.c.obj)
                0x0000b194                bt_setup_random_id_addr
 .text.bt_le_adv_start_legacy
                0x0000b228      0x258 zephyr/subsys/bluetooth/host/libsubsys__bluetooth__host.a(hci_core.c.obj)
                0x0000b228                bt_le_adv_start_legacy
 .text.bt_le_adv_start
                0x0000b480       0x1c zephyr/subsys/bluetooth/host/libsubsys__bluetooth__host.a(hci_core.c.obj)
                0x0000b480                bt_le_adv_start
 .text.bt_le_adv_stop
                0x0000b49c       0x98 zephyr/subsys/bluetooth/host/libsubsys__bluetooth__host.a(hci_core.c.obj)
                0x0000b49c                bt_le_adv_stop
 .text.bt_le_adv_resume
                0x0000b534       0x8c zephyr/subsys/bluetooth/host/libsubsys__bluetooth__host.a(hci_core.c.obj)
                0x0000b534                bt_le_adv_resume
 .text.enh_conn_complete
                0x0000b5c0      0x204 zephyr/subsys/bluetooth/host/libsubsys__bluetooth__host.a(hci_core.c.obj)
 .text.le_legacy_conn_complete
                0x0000b7c4       0x6c zephyr/subsys/bluetooth/host/libsubsys__bluetooth__host.a(hci_core.c.obj)
 .text.bt_le_scan_start
                0x0000b830      0x160 zephyr/subsys/bluetooth/host/libsubsys__bluetooth__host.a(hci_core.c.obj)
                0x0000b830                bt_le_scan_start
 .text.bt_le_scan_stop
                0x0000b990       0x2c zephyr/subsys/bluetooth/host/libsubsys__bluetooth__host.a(hci_core.c.obj)
                0x0000b990                bt_le_scan_stop
 .text.bt_buf_get_rx
                0x0000b9bc       0x20 zephyr/subsys/bluetooth/host/libsubsys__bluetooth__host.a(hci_core.c.obj)
                0x0000b9bc                bt_buf_get_rx
 .text.bt_buf_get_cmd_complete
                0x0000b9dc       0x4c zephyr/subsys/bluetooth/host/libsubsys__bluetooth__host.a(hci_core.c.obj)
                0x0000b9dc                bt_buf_get_cmd_complete
 .text.bt_buf_get_evt
                0x0000ba28       0x54 zephyr/subsys/bluetooth/host/libsubsys__bluetooth__host.a(hci_core.c.obj)
                0x0000ba28                bt_buf_get_evt
 .text.bt_pub_key_gen
                0x0000ba7c       0xa0 zephyr/subsys/bluetooth/host/libsubsys__bluetooth__host.a(hci_core.c.obj)
                0x0000ba7c                bt_pub_key_gen
 .text.bt_pub_key_get
                0x0000bb1c       0x1c zephyr/subsys/bluetooth/host/libsubsys__bluetooth__host.a(hci_core.c.obj)
                0x0000bb1c                bt_pub_key_get
 .text.bt_dh_key_gen
                0x0000bb38       0x74 zephyr/subsys/bluetooth/host/libsubsys__bluetooth__host.a(hci_core.c.obj)
                0x0000bb38                bt_dh_key_gen
 .text.tx_free  0x0000bbac       0x14 zephyr/subsys/bluetooth/host/libsubsys__bluetooth__host.a(conn.c.obj)
 .text.notify_connected
                0x0000bbc0       0x2c zephyr/subsys/bluetooth/host/libsubsys__bluetooth__host.a(conn.c.obj)
 .text.send_frag
                0x0000bbec      0x138 zephyr/subsys/bluetooth/host/libsubsys__bluetooth__host.a(conn.c.obj)
 .text.bt_conn_get_pkts
                0x0000bd24        0x8 zephyr/subsys/bluetooth/host/libsubsys__bluetooth__host.a(conn.c.obj)
                0x0000bd24                bt_conn_get_pkts
 .text.notify_le_param_updated
                0x0000bd2c       0x68 zephyr/subsys/bluetooth/host/libsubsys__bluetooth__host.a(conn.c.obj)
                0x0000bd2c                notify_le_param_updated
 .text.le_param_req
                0x0000bd94       0x40 zephyr/subsys/bluetooth/host/libsubsys__bluetooth__host.a(conn.c.obj)
                0x0000bd94                le_param_req
 .text.bt_conn_identity_resolved
                0x0000bdd4       0x34 zephyr/subsys/bluetooth/host/libsubsys__bluetooth__host.a(conn.c.obj)
                0x0000bdd4                bt_conn_identity_resolved
 .text.bt_conn_security_changed
                0x0000be08       0x2c zephyr/subsys/bluetooth/host/libsubsys__bluetooth__host.a(conn.c.obj)
                0x0000be08                bt_conn_security_changed
 .text.conn_cleanup
                0x0000be34       0x44 zephyr/subsys/bluetooth/host/libsubsys__bluetooth__host.a(conn.c.obj)
 .text.bt_conn_recv
                0x0000be78      0x114 zephyr/subsys/bluetooth/host/libsubsys__bluetooth__host.a(conn.c.obj)
                0x0000be78                bt_conn_recv
 .text.bt_conn_send_cb
                0x0000bf8c       0xd8 zephyr/subsys/bluetooth/host/libsubsys__bluetooth__host.a(conn.c.obj)
                0x0000bf8c                bt_conn_send_cb
 .text.bt_conn_prepare_events
                0x0000c064       0x7c zephyr/subsys/bluetooth/host/libsubsys__bluetooth__host.a(conn.c.obj)
                0x0000c064                bt_conn_prepare_events
 .text.bt_conn_add_le
                0x0000c0e0       0x54 zephyr/subsys/bluetooth/host/libsubsys__bluetooth__host.a(conn.c.obj)
                0x0000c0e0                bt_conn_add_le
 .text.bt_conn_lookup_handle
                0x0000c134       0x10 zephyr/subsys/bluetooth/host/libsubsys__bluetooth__host.a(conn.c.obj)
                0x0000c134                bt_conn_lookup_handle
 .text.bt_conn_lookup_addr_le
                0x0000c144       0x38 zephyr/subsys/bluetooth/host/libsubsys__bluetooth__host.a(conn.c.obj)
                0x0000c144                bt_conn_lookup_addr_le
 .text.bt_conn_lookup_state_le
                0x0000c17c       0x4c zephyr/subsys/bluetooth/host/libsubsys__bluetooth__host.a(conn.c.obj)
                0x0000c17c                bt_conn_lookup_state_le
 .text.bt_conn_exists_le
                0x0000c1c8       0x4c zephyr/subsys/bluetooth/host/libsubsys__bluetooth__host.a(conn.c.obj)
                0x0000c1c8                bt_conn_exists_le
 .text.bt_conn_set_state
                0x0000c214      0x1dc zephyr/subsys/bluetooth/host/libsubsys__bluetooth__host.a(conn.c.obj)
                0x0000c214                bt_conn_set_state
 .text.bt_conn_disconnect
                0x0000c3f0       0x78 zephyr/subsys/bluetooth/host/libsubsys__bluetooth__host.a(conn.c.obj)
                0x0000c3f0                bt_conn_disconnect
 .text.send_conn_le_param_update
                0x0000c468       0x5c zephyr/subsys/bluetooth/host/libsubsys__bluetooth__host.a(conn.c.obj)
 .text.deferred_work
                0x0000c4c4       0x9c zephyr/subsys/bluetooth/host/libsubsys__bluetooth__host.a(conn.c.obj)
 .text.bt_conn_create_pdu_timeout
                0x0000c560       0x48 zephyr/subsys/bluetooth/host/libsubsys__bluetooth__host.a(conn.c.obj)
                0x0000c560                bt_conn_create_pdu_timeout
 .text.bt_conn_create_frag_timeout
                0x0000c5a8        0xc zephyr/subsys/bluetooth/host/libsubsys__bluetooth__host.a(conn.c.obj)
                0x0000c5a8                bt_conn_create_frag_timeout
 .text.create_frag.isra.0
                0x0000c5b4       0x6c zephyr/subsys/bluetooth/host/libsubsys__bluetooth__host.a(conn.c.obj)
 .text.bt_conn_process_tx
                0x0000c620       0xd0 zephyr/subsys/bluetooth/host/libsubsys__bluetooth__host.a(conn.c.obj)
                0x0000c620                bt_conn_process_tx
 .text.bt_conn_index
                0x0000c6f0       0x18 zephyr/subsys/bluetooth/host/libsubsys__bluetooth__host.a(conn.c.obj)
                0x0000c6f0                bt_conn_index
 .text.bt_conn_init
                0x0000c708       0x38 zephyr/subsys/bluetooth/host/libsubsys__bluetooth__host.a(conn.c.obj)
                0x0000c708                bt_conn_init
 .text.l2cap_accept
                0x0000c740       0x44 zephyr/subsys/bluetooth/host/libsubsys__bluetooth__host.a(l2cap.c.obj)
 .text.l2cap_create_le_sig_pdu.isra.0
                0x0000c784       0x50 zephyr/subsys/bluetooth/host/libsubsys__bluetooth__host.a(l2cap.c.obj)
 .text.l2cap_rtx_timeout
                0x0000c7d4       0x3c zephyr/subsys/bluetooth/host/libsubsys__bluetooth__host.a(l2cap.c.obj)
 .text.bt_l2cap_connected
                0x0000c810       0xb8 zephyr/subsys/bluetooth/host/libsubsys__bluetooth__host.a(l2cap.c.obj)
                0x0000c810                bt_l2cap_connected
 .text.l2cap_recv
                0x0000c8c8       0xe4 zephyr/subsys/bluetooth/host/libsubsys__bluetooth__host.a(l2cap.c.obj)
 .text.bt_l2cap_recv
                0x0000c9ac       0x70 zephyr/subsys/bluetooth/host/libsubsys__bluetooth__host.a(l2cap.c.obj)
                0x0000c9ac                bt_l2cap_recv
 .text.bt_l2cap_update_conn_param
                0x0000ca1c       0x5c zephyr/subsys/bluetooth/host/libsubsys__bluetooth__host.a(l2cap.c.obj)
                0x0000ca1c                bt_l2cap_update_conn_param
 .text.att_cfm_sent
                0x0000ca78       0x10 zephyr/subsys/bluetooth/host/libsubsys__bluetooth__host.a(att.c.obj)
 .text.att_rsp_sent
                0x0000ca88       0x10 zephyr/subsys/bluetooth/host/libsubsys__bluetooth__host.a(att.c.obj)
 .text.att_req_sent
                0x0000ca98       0x10 zephyr/subsys/bluetooth/host/libsubsys__bluetooth__host.a(att.c.obj)
 .text.bt_att_released
                0x0000caa8       0x18 zephyr/subsys/bluetooth/host/libsubsys__bluetooth__host.a(att.c.obj)
 .text.read_group_cb
                0x0000cac0       0xac zephyr/subsys/bluetooth/host/libsubsys__bluetooth__host.a(att.c.obj)
 .text.read_type_cb
                0x0000cb6c       0xa8 zephyr/subsys/bluetooth/host/libsubsys__bluetooth__host.a(att.c.obj)
 .text.find_type_cb
                0x0000cc14      0x164 zephyr/subsys/bluetooth/host/libsubsys__bluetooth__host.a(att.c.obj)
 .text.att_get  0x0000cd78       0x80 zephyr/subsys/bluetooth/host/libsubsys__bluetooth__host.a(att.c.obj)
 .text.chan_req_sent
                0x0000cdf8       0x1c zephyr/subsys/bluetooth/host/libsubsys__bluetooth__host.a(att.c.obj)
 .text.bt_att_accept
                0x0000ce14       0xd8 zephyr/subsys/bluetooth/host/libsubsys__bluetooth__host.a(att.c.obj)
 .text.bt_att_connected
                0x0000ceec       0x5c zephyr/subsys/bluetooth/host/libsubsys__bluetooth__host.a(att.c.obj)
 .text.chan_send
                0x0000cf48       0xec zephyr/subsys/bluetooth/host/libsubsys__bluetooth__host.a(att.c.obj)
 .text.att_write_cmd
                0x0000d034       0x80 zephyr/subsys/bluetooth/host/libsubsys__bluetooth__host.a(att.c.obj)
 .text.bt_att_chan_create_pdu
                0x0000d0b4       0x88 zephyr/subsys/bluetooth/host/libsubsys__bluetooth__host.a(att.c.obj)
                0x0000d0b4                bt_att_chan_create_pdu
 .text.send_err_rsp.part.0
                0x0000d13c       0x40 zephyr/subsys/bluetooth/host/libsubsys__bluetooth__host.a(att.c.obj)
 .text.bt_att_recv
                0x0000d17c      0x158 zephyr/subsys/bluetooth/host/libsubsys__bluetooth__host.a(att.c.obj)
 .text.att_write_req
                0x0000d2d4       0xbc zephyr/subsys/bluetooth/host/libsubsys__bluetooth__host.a(att.c.obj)
 .text.bt_att_create_pdu
                0x0000d390       0x70 zephyr/subsys/bluetooth/host/libsubsys__bluetooth__host.a(att.c.obj)
                0x0000d390                bt_att_create_pdu
 .text.att_read_group_req
                0x0000d400      0x108 zephyr/subsys/bluetooth/host/libsubsys__bluetooth__host.a(att.c.obj)
 .text.att_read_mult_req
                0x0000d508       0x8c zephyr/subsys/bluetooth/host/libsubsys__bluetooth__host.a(att.c.obj)
 .text.att_read_rsp
                0x0000d594       0x94 zephyr/subsys/bluetooth/host/libsubsys__bluetooth__host.a(att.c.obj)
 .text.att_read_type_req
                0x0000d628       0xc8 zephyr/subsys/bluetooth/host/libsubsys__bluetooth__host.a(att.c.obj)
 .text.att_find_type_req
                0x0000d6f0       0xdc zephyr/subsys/bluetooth/host/libsubsys__bluetooth__host.a(att.c.obj)
 .text.att_find_info_req
                0x0000d7cc       0x78 zephyr/subsys/bluetooth/host/libsubsys__bluetooth__host.a(att.c.obj)
 .text.att_mtu_req
                0x0000d844       0x6c zephyr/subsys/bluetooth/host/libsubsys__bluetooth__host.a(att.c.obj)
 .text.bt_att_req_alloc
                0x0000d8b0       0x2c zephyr/subsys/bluetooth/host/libsubsys__bluetooth__host.a(att.c.obj)
                0x0000d8b0                bt_att_req_alloc
 .text.bt_att_req_free
                0x0000d8dc       0x18 zephyr/subsys/bluetooth/host/libsubsys__bluetooth__host.a(att.c.obj)
                0x0000d8dc                bt_att_req_free
 .text.att_handle_rsp
                0x0000d8f4       0xf4 zephyr/subsys/bluetooth/host/libsubsys__bluetooth__host.a(att.c.obj)
 .text.bt_att_encrypt_change
                0x0000d9e8       0x70 zephyr/subsys/bluetooth/host/libsubsys__bluetooth__host.a(att.c.obj)
 .text.att_reset
                0x0000da58       0x54 zephyr/subsys/bluetooth/host/libsubsys__bluetooth__host.a(att.c.obj)
 .text.att_timeout
                0x0000daac       0x48 zephyr/subsys/bluetooth/host/libsubsys__bluetooth__host.a(att.c.obj)
 .text.db_hash_store
                0x0000daf4       0x40 zephyr/subsys/bluetooth/host/libsubsys__bluetooth__host.a(gatt.c.obj)
 .text.db_hash_set
                0x0000db34       0x40 zephyr/subsys/bluetooth/host/libsubsys__bluetooth__host.a(gatt.c.obj)
 .text.sc_store
                0x0000db74       0x64 zephyr/subsys/bluetooth/host/libsubsys__bluetooth__host.a(gatt.c.obj)
 .text.gatt_notify
                0x0000dbd8       0x74 zephyr/subsys/bluetooth/host/libsubsys__bluetooth__host.a(gatt.c.obj)
 .text.gatt_send.constprop.0
                0x0000dc4c       0x78 zephyr/subsys/bluetooth/host/libsubsys__bluetooth__host.a(gatt.c.obj)
 .text.gatt_indicate
                0x0000dcc4       0x80 zephyr/subsys/bluetooth/host/libsubsys__bluetooth__host.a(gatt.c.obj)
 .text.ccc_load
                0x0000dd44       0x8c zephyr/subsys/bluetooth/host/libsubsys__bluetooth__host.a(gatt.c.obj)
 .text.ccc_save
                0x0000ddd0       0x38 zephyr/subsys/bluetooth/host/libsubsys__bluetooth__host.a(gatt.c.obj)
 .text.remove_peer_from_attr
                0x0000de08       0x28 zephyr/subsys/bluetooth/host/libsubsys__bluetooth__host.a(gatt.c.obj)
 .text.bt_gatt_attr_write_ccc
                0x0000de30       0xc4 zephyr/subsys/bluetooth/host/libsubsys__bluetooth__host.a(gatt.c.obj)
                0x0000de30                bt_gatt_attr_write_ccc
 .text.sc_commit
                0x0000def4       0x3c zephyr/subsys/bluetooth/host/libsubsys__bluetooth__host.a(gatt.c.obj)
 .text.find_cf_cfg_by_addr
                0x0000df30       0x44 zephyr/subsys/bluetooth/host/libsubsys__bluetooth__host.a(gatt.c.obj)
 .text.find_sc_cfg
                0x0000df74       0x44 zephyr/subsys/bluetooth/host/libsubsys__bluetooth__host.a(gatt.c.obj)
 .text.sc_save  0x0000dfb8       0x88 zephyr/subsys/bluetooth/host/libsubsys__bluetooth__host.a(gatt.c.obj)
 .text.notify_cb
                0x0000e040       0xd4 zephyr/subsys/bluetooth/host/libsubsys__bluetooth__host.a(gatt.c.obj)
 .text.sc_set   0x0000e114      0x108 zephyr/subsys/bluetooth/host/libsubsys__bluetooth__host.a(gatt.c.obj)
 .text.find_cf_cfg
                0x0000e21c       0x60 zephyr/subsys/bluetooth/host/libsubsys__bluetooth__host.a(gatt.c.obj)
 .text.cf_write
                0x0000e27c       0xc0 zephyr/subsys/bluetooth/host/libsubsys__bluetooth__host.a(gatt.c.obj)
 .text.sc_indicate_rsp
                0x0000e33c       0x54 zephyr/subsys/bluetooth/host/libsubsys__bluetooth__host.a(gatt.c.obj)
 .text.cf_set   0x0000e390       0xfc zephyr/subsys/bluetooth/host/libsubsys__bluetooth__host.a(gatt.c.obj)
 .text.read_ppcp
                0x0000e48c       0x38 zephyr/subsys/bluetooth/host/libsubsys__bluetooth__host.a(gatt.c.obj)
 .text.bt_gatt_clear_sc
                0x0000e4c4       0x70 zephyr/subsys/bluetooth/host/libsubsys__bluetooth__host.a(gatt.c.obj)
 .text.sc_clear
                0x0000e534       0x58 zephyr/subsys/bluetooth/host/libsubsys__bluetooth__host.a(gatt.c.obj)
 .text.disconnected_cb
                0x0000e58c       0x8c zephyr/subsys/bluetooth/host/libsubsys__bluetooth__host.a(gatt.c.obj)
 .text.bt_gatt_init
                0x0000e618       0xc0 zephyr/subsys/bluetooth/host/libsubsys__bluetooth__host.a(gatt.c.obj)
                0x0000e618                bt_gatt_init
 .text.bt_gatt_attr_get_handle
                0x0000e6d8       0x60 zephyr/subsys/bluetooth/host/libsubsys__bluetooth__host.a(gatt.c.obj)
                0x0000e6d8                bt_gatt_attr_get_handle
 .text.bt_gatt_foreach_attr_type
                0x0000e738       0xb4 zephyr/subsys/bluetooth/host/libsubsys__bluetooth__host.a(gatt.c.obj)
                0x0000e738                bt_gatt_foreach_attr_type
 .text.db_hash_gen
                0x0000e7ec       0x98 zephyr/subsys/bluetooth/host/libsubsys__bluetooth__host.a(gatt.c.obj)
 .text.db_hash_commit
                0x0000e884       0xbc zephyr/subsys/bluetooth/host/libsubsys__bluetooth__host.a(gatt.c.obj)
 .text.ccc_set_direct
                0x0000e940      0x110 zephyr/subsys/bluetooth/host/libsubsys__bluetooth__host.a(gatt.c.obj)
 .text.bt_gatt_indicate
                0x0000ea50       0xf0 zephyr/subsys/bluetooth/host/libsubsys__bluetooth__host.a(gatt.c.obj)
                0x0000ea50                bt_gatt_indicate
 .text.sc_process
                0x0000eb40       0x5c zephyr/subsys/bluetooth/host/libsubsys__bluetooth__host.a(gatt.c.obj)
 .text.update_ccc
                0x0000eb9c      0x124 zephyr/subsys/bluetooth/host/libsubsys__bluetooth__host.a(gatt.c.obj)
 .text.bt_gatt_connected
                0x0000ecc0       0x78 zephyr/subsys/bluetooth/host/libsubsys__bluetooth__host.a(gatt.c.obj)
                0x0000ecc0                bt_gatt_connected
 .text.bt_gatt_encrypt_change
                0x0000ed38       0x20 zephyr/subsys/bluetooth/host/libsubsys__bluetooth__host.a(gatt.c.obj)
                0x0000ed38                bt_gatt_encrypt_change
 .text.db_hash_read
                0x0000ed58       0x50 zephyr/subsys/bluetooth/host/libsubsys__bluetooth__host.a(gatt.c.obj)
 .text.bt_gatt_store_ccc
                0x0000eda8       0x88 zephyr/subsys/bluetooth/host/libsubsys__bluetooth__host.a(gatt.c.obj)
                0x0000eda8                bt_gatt_store_ccc
 .text.bt_gatt_disconnected
                0x0000ee30      0x104 zephyr/subsys/bluetooth/host/libsubsys__bluetooth__host.a(gatt.c.obj)
                0x0000ee30                bt_gatt_disconnected
 .text.get_io_capa
                0x0000ef34       0x4c zephyr/subsys/bluetooth/host/libsubsys__bluetooth__host.a(smp.c.obj)
 .text.get_auth.isra.0
                0x0000ef80       0x3c zephyr/subsys/bluetooth/host/libsubsys__bluetooth__host.a(smp.c.obj)
 .text.smp_chan_get
                0x0000efbc       0x30 zephyr/subsys/bluetooth/host/libsubsys__bluetooth__host.a(smp.c.obj)
 .text.smp_init
                0x0000efec       0x3c zephyr/subsys/bluetooth/host/libsubsys__bluetooth__host.a(smp.c.obj)
 .text.bt_smp_accept
                0x0000f028       0x44 zephyr/subsys/bluetooth/host/libsubsys__bluetooth__host.a(smp.c.obj)
 .text.smp_send.isra.0
                0x0000f06c       0x30 zephyr/subsys/bluetooth/host/libsubsys__bluetooth__host.a(smp.c.obj)
 .text.compute_and_check_and_send_slave_dhcheck
                0x0000f09c      0x1c8 zephyr/subsys/bluetooth/host/libsubsys__bluetooth__host.a(smp.c.obj)
 .text.sc_send_public_key
                0x0000f264       0x44 zephyr/subsys/bluetooth/host/libsubsys__bluetooth__host.a(smp.c.obj)
 .text.smp_send_pairing_confirm
                0x0000f2a8       0x80 zephyr/subsys/bluetooth/host/libsubsys__bluetooth__host.a(smp.c.obj)
 .text.smp_public_key_slave.part.0
                0x0000f328       0xc8 zephyr/subsys/bluetooth/host/libsubsys__bluetooth__host.a(smp.c.obj)
 .text.smp_ident_info
                0x0000f3f0       0x70 zephyr/subsys/bluetooth/host/libsubsys__bluetooth__host.a(smp.c.obj)
 .text.smp_encrypt_info
                0x0000f460       0x70 zephyr/subsys/bluetooth/host/libsubsys__bluetooth__host.a(smp.c.obj)
 .text.smp_pairing_req
                0x0000f4d0      0x3d4 zephyr/subsys/bluetooth/host/libsubsys__bluetooth__host.a(smp.c.obj)
 .text.smp_pairing_complete
                0x0000f8a4       0xa8 zephyr/subsys/bluetooth/host/libsubsys__bluetooth__host.a(smp.c.obj)
 .text.bt_smp_dhkey_ready
                0x0000f94c       0x6c zephyr/subsys/bluetooth/host/libsubsys__bluetooth__host.a(smp.c.obj)
 .text.bt_smp_recv
                0x0000f9b8      0x100 zephyr/subsys/bluetooth/host/libsubsys__bluetooth__host.a(smp.c.obj)
 .text.bt_smp_pkey_ready
                0x0000fab8       0x70 zephyr/subsys/bluetooth/host/libsubsys__bluetooth__host.a(smp.c.obj)
 .text.smp_timeout
                0x0000fb28       0x3c zephyr/subsys/bluetooth/host/libsubsys__bluetooth__host.a(smp.c.obj)
 .text.smp_pairing_failed
                0x0000fb64       0x68 zephyr/subsys/bluetooth/host/libsubsys__bluetooth__host.a(smp.c.obj)
 .text.smp_master_ident
                0x0000fbcc       0xa8 zephyr/subsys/bluetooth/host/libsubsys__bluetooth__host.a(smp.c.obj)
 .text.bt_smp_connected
                0x0000fc74       0x1c zephyr/subsys/bluetooth/host/libsubsys__bluetooth__host.a(smp.c.obj)
 .text.bt_smp_encrypt_change
                0x0000fc90      0x278 zephyr/subsys/bluetooth/host/libsubsys__bluetooth__host.a(smp.c.obj)
 .text.smp_pairing_random
                0x0000ff08      0x244 zephyr/subsys/bluetooth/host/libsubsys__bluetooth__host.a(smp.c.obj)
 .text.smp_public_key
                0x0001014c       0xb8 zephyr/subsys/bluetooth/host/libsubsys__bluetooth__host.a(smp.c.obj)
 .text.smp_ident_addr_info
                0x00010204      0x13c zephyr/subsys/bluetooth/host/libsubsys__bluetooth__host.a(smp.c.obj)
 .text.bt_smp_start_security
                0x00010340      0x178 zephyr/subsys/bluetooth/host/libsubsys__bluetooth__host.a(smp.c.obj)
                0x00010340                bt_smp_start_security
 .text.bt_smp_update_keys
                0x000104b8      0x120 zephyr/subsys/bluetooth/host/libsubsys__bluetooth__host.a(smp.c.obj)
                0x000104b8                bt_smp_update_keys
 .text.bt_smp_init
                0x000105d8       0x2c zephyr/subsys/bluetooth/host/libsubsys__bluetooth__host.a(smp.c.obj)
                0x000105d8                bt_smp_init
 .text.bt_keys_get_addr
                0x00010604       0x50 zephyr/subsys/bluetooth/host/libsubsys__bluetooth__host.a(keys.c.obj)
                0x00010604                bt_keys_get_addr
 .text.bt_keys_foreach
                0x00010654       0x1c zephyr/subsys/bluetooth/host/libsubsys__bluetooth__host.a(keys.c.obj)
                0x00010654                bt_keys_foreach
 .text.keys_commit
                0x00010670       0x14 zephyr/subsys/bluetooth/host/libsubsys__bluetooth__host.a(keys.c.obj)
 .text.bt_keys_find
                0x00010684       0x2c zephyr/subsys/bluetooth/host/libsubsys__bluetooth__host.a(keys.c.obj)
                0x00010684                bt_keys_find
 .text.bt_keys_find_irk
                0x000106b0       0x74 zephyr/subsys/bluetooth/host/libsubsys__bluetooth__host.a(keys.c.obj)
                0x000106b0                bt_keys_find_irk
 .text.bt_keys_find_addr
                0x00010724       0x20 zephyr/subsys/bluetooth/host/libsubsys__bluetooth__host.a(keys.c.obj)
                0x00010724                bt_keys_find_addr
 .text.bt_keys_clear
                0x00010744       0x4c zephyr/subsys/bluetooth/host/libsubsys__bluetooth__host.a(keys.c.obj)
                0x00010744                bt_keys_clear
 .text.keys_set
                0x00010790      0x144 zephyr/subsys/bluetooth/host/libsubsys__bluetooth__host.a(keys.c.obj)
 .text.bt_keys_store
                0x000108d4       0x68 zephyr/subsys/bluetooth/host/libsubsys__bluetooth__host.a(keys.c.obj)
                0x000108d4                bt_keys_store
 .text.model_resume
                0x0001093c       0x4c zephyr/subsys/bluetooth/mesh/libsubsys__bluetooth__mesh.a(main.c.obj)
 .text.bt_mesh_reset
                0x00010988       0x6c zephyr/subsys/bluetooth/mesh/libsubsys__bluetooth__mesh.a(main.c.obj)
                0x00010988                bt_mesh_reset
 .text.bt_mesh_is_provisioned
                0x000109f4       0x18 zephyr/subsys/bluetooth/mesh/libsubsys__bluetooth__mesh.a(main.c.obj)
                0x000109f4                bt_mesh_is_provisioned
 .text.bt_mesh_suspend
                0x00010a0c       0xa4 zephyr/subsys/bluetooth/mesh/libsubsys__bluetooth__mesh.a(main.c.obj)
                0x00010a0c                bt_mesh_suspend
 .text.bt_mesh_resume
                0x00010ab0       0xa0 zephyr/subsys/bluetooth/mesh/libsubsys__bluetooth__mesh.a(main.c.obj)
                0x00010ab0                bt_mesh_resume
 .text.bt_mesh_start
                0x00010b50       0x28 zephyr/subsys/bluetooth/mesh/libsubsys__bluetooth__mesh.a(main.c.obj)
                0x00010b50                bt_mesh_start
 .text.bt_mesh_provision
                0x00010b78       0xc8 zephyr/subsys/bluetooth/mesh/libsubsys__bluetooth__mesh.a(main.c.obj)
                0x00010b78                bt_mesh_provision
 .text.adv_alloc
                0x00010c40       0x10 zephyr/subsys/bluetooth/mesh/libsubsys__bluetooth__mesh.a(adv.c.obj)
 .text.adv_thread
                0x00010c50      0x160 zephyr/subsys/bluetooth/mesh/libsubsys__bluetooth__mesh.a(adv.c.obj)
 .text.bt_mesh_scan_cb
                0x00010db0       0x94 zephyr/subsys/bluetooth/mesh/libsubsys__bluetooth__mesh.a(adv.c.obj)
 .text.bt_mesh_adv_create_from_pool
                0x00010e44       0x78 zephyr/subsys/bluetooth/mesh/libsubsys__bluetooth__mesh.a(adv.c.obj)
                0x00010e44                bt_mesh_adv_create_from_pool
 .text.bt_mesh_adv_create
                0x00010ebc       0x20 zephyr/subsys/bluetooth/mesh/libsubsys__bluetooth__mesh.a(adv.c.obj)
                0x00010ebc                bt_mesh_adv_create
 .text.bt_mesh_adv_send
                0x00010edc       0x28 zephyr/subsys/bluetooth/mesh/libsubsys__bluetooth__mesh.a(adv.c.obj)
                0x00010edc                bt_mesh_adv_send
 .text.bt_mesh_adv_init
                0x00010f04       0x4c zephyr/subsys/bluetooth/mesh/libsubsys__bluetooth__mesh.a(adv.c.obj)
                0x00010f04                bt_mesh_adv_init
 .text.bt_mesh_scan_enable
                0x00010f50       0x58 zephyr/subsys/bluetooth/mesh/libsubsys__bluetooth__mesh.a(adv.c.obj)
                0x00010f50                bt_mesh_scan_enable
 .text.bt_mesh_scan_disable
                0x00010fa8       0x3c zephyr/subsys/bluetooth/mesh/libsubsys__bluetooth__mesh.a(adv.c.obj)
                0x00010fa8                bt_mesh_scan_disable
 .text.subnet_by_id
                0x00010fe4       0x9c zephyr/subsys/bluetooth/mesh/libsubsys__bluetooth__mesh.a(beacon.c.obj)
 .text.k_work_submit_to_queue.constprop.0
                0x00011080       0x30 zephyr/subsys/bluetooth/mesh/libsubsys__bluetooth__mesh.a(beacon.c.obj)
 .text.beacon_send
                0x000110b0       0x68 zephyr/subsys/bluetooth/mesh/libsubsys__bluetooth__mesh.a(beacon.c.obj)
 .text.bt_mesh_beacon_create
                0x00011118       0x54 zephyr/subsys/bluetooth/mesh/libsubsys__bluetooth__mesh.a(beacon.c.obj)
                0x00011118                bt_mesh_beacon_create
 .text.secure_beacon_send
                0x0001116c       0x98 zephyr/subsys/bluetooth/mesh/libsubsys__bluetooth__mesh.a(beacon.c.obj)
 .text.bt_mesh_beacon_update
                0x00011204       0x64 zephyr/subsys/bluetooth/mesh/libsubsys__bluetooth__mesh.a(beacon.c.obj)
                0x00011204                bt_mesh_beacon_update
 .text.bt_mesh_beacon_init
                0x00011268       0x10 zephyr/subsys/bluetooth/mesh/libsubsys__bluetooth__mesh.a(beacon.c.obj)
                0x00011268                bt_mesh_beacon_init
 .text.bt_mesh_beacon_ivu_initiator
                0x00011278       0x54 zephyr/subsys/bluetooth/mesh/libsubsys__bluetooth__mesh.a(beacon.c.obj)
                0x00011278                bt_mesh_beacon_ivu_initiator
 .text.bt_mesh_beacon_recv
                0x000112cc      0x174 zephyr/subsys/bluetooth/mesh/libsubsys__bluetooth__mesh.a(beacon.c.obj)
                0x000112cc                bt_mesh_beacon_recv
 .text.bt_mesh_beacon_enable
                0x00011440       0x1c zephyr/subsys/bluetooth/mesh/libsubsys__bluetooth__mesh.a(beacon.c.obj)
                0x00011440                bt_mesh_beacon_enable
 .text.bt_mesh_beacon_disable
                0x0001145c       0x20 zephyr/subsys/bluetooth/mesh/libsubsys__bluetooth__mesh.a(beacon.c.obj)
                0x0001145c                bt_mesh_beacon_disable
 .text.bt_mesh_net_local
                0x0001147c       0xcc zephyr/subsys/bluetooth/mesh/libsubsys__bluetooth__mesh.a(net.c.obj)
 .text.net_decrypt
                0x00011548       0xe8 zephyr/subsys/bluetooth/mesh/libsubsys__bluetooth__mesh.a(net.c.obj)
 .text.atomic_set_bit_to.constprop.0
                0x00011630       0x34 zephyr/subsys/bluetooth/mesh/libsubsys__bluetooth__mesh.a(net.c.obj)
 .text.bt_mesh_net_create
                0x00011664       0x8c zephyr/subsys/bluetooth/mesh/libsubsys__bluetooth__mesh.a(net.c.obj)
                0x00011664                bt_mesh_net_create
 .text.bt_mesh_net_iv_update
                0x000116f0      0x178 zephyr/subsys/bluetooth/mesh/libsubsys__bluetooth__mesh.a(net.c.obj)
                0x000116f0                bt_mesh_net_iv_update
 .text.ivu_refresh
                0x00011868       0x64 zephyr/subsys/bluetooth/mesh/libsubsys__bluetooth__mesh.a(net.c.obj)
 .text.bt_mesh_next_seq
                0x000118cc       0x4c zephyr/subsys/bluetooth/mesh/libsubsys__bluetooth__mesh.a(net.c.obj)
                0x000118cc                bt_mesh_next_seq
 .text.net_header_encode
                0x00011918       0xc0 zephyr/subsys/bluetooth/mesh/libsubsys__bluetooth__mesh.a(net.c.obj)
 .text.bt_mesh_net_send
                0x000119d8      0x180 zephyr/subsys/bluetooth/mesh/libsubsys__bluetooth__mesh.a(net.c.obj)
                0x000119d8                bt_mesh_net_send
 .text.bt_mesh_net_loopback_clear
                0x00011b58       0x48 zephyr/subsys/bluetooth/mesh/libsubsys__bluetooth__mesh.a(net.c.obj)
                0x00011b58                bt_mesh_net_loopback_clear
 .text.bt_mesh_net_decode
                0x00011ba0      0x178 zephyr/subsys/bluetooth/mesh/libsubsys__bluetooth__mesh.a(net.c.obj)
                0x00011ba0                bt_mesh_net_decode
 .text.bt_mesh_net_recv
                0x00011d18      0x214 zephyr/subsys/bluetooth/mesh/libsubsys__bluetooth__mesh.a(net.c.obj)
                0x00011d18                bt_mesh_net_recv
 .text.bt_mesh_net_init
                0x00011f2c       0x28 zephyr/subsys/bluetooth/mesh/libsubsys__bluetooth__mesh.a(net.c.obj)
                0x00011f2c                bt_mesh_net_init
 .text.subnet_evt
                0x00011f54       0x24 zephyr/subsys/bluetooth/mesh/libsubsys__bluetooth__mesh.a(subnet.c.obj)
 .text.net_keys_create
                0x00011f78       0xb0 zephyr/subsys/bluetooth/mesh/libsubsys__bluetooth__mesh.a(subnet.c.obj)
 .text.bt_mesh_net_flags
                0x00012028       0x24 zephyr/subsys/bluetooth/mesh/libsubsys__bluetooth__mesh.a(subnet.c.obj)
                0x00012028                bt_mesh_net_flags
 .text.bt_mesh_subnet_add
                0x0001204c       0x5c zephyr/subsys/bluetooth/mesh/libsubsys__bluetooth__mesh.a(subnet.c.obj)
                0x0001204c                bt_mesh_subnet_add
 .text.bt_mesh_subnets_get
                0x000120a8       0x38 zephyr/subsys/bluetooth/mesh/libsubsys__bluetooth__mesh.a(subnet.c.obj)
                0x000120a8                bt_mesh_subnets_get
 .text.bt_mesh_subnet_get
                0x000120e0       0x14 zephyr/subsys/bluetooth/mesh/libsubsys__bluetooth__mesh.a(subnet.c.obj)
                0x000120e0                bt_mesh_subnet_get
 .text.bt_mesh_subnet_kr_phase_set
                0x000120f4       0x78 zephyr/subsys/bluetooth/mesh/libsubsys__bluetooth__mesh.a(subnet.c.obj)
                0x000120f4                bt_mesh_subnet_kr_phase_set
 .text.bt_mesh_subnet_set
                0x0001216c       0x64 zephyr/subsys/bluetooth/mesh/libsubsys__bluetooth__mesh.a(subnet.c.obj)
                0x0001216c                bt_mesh_subnet_set
 .text.bt_mesh_subnet_find
                0x000121d0       0x24 zephyr/subsys/bluetooth/mesh/libsubsys__bluetooth__mesh.a(subnet.c.obj)
                0x000121d0                bt_mesh_subnet_find
 .text.bt_mesh_subnet_foreach
                0x000121f4       0x20 zephyr/subsys/bluetooth/mesh/libsubsys__bluetooth__mesh.a(subnet.c.obj)
                0x000121f4                bt_mesh_subnet_foreach
 .text.bt_mesh_subnet_next
                0x00012214       0x30 zephyr/subsys/bluetooth/mesh/libsubsys__bluetooth__mesh.a(subnet.c.obj)
                0x00012214                bt_mesh_subnet_next
 .text.bt_mesh_net_keys_reset
                0x00012244       0x18 zephyr/subsys/bluetooth/mesh/libsubsys__bluetooth__mesh.a(subnet.c.obj)
                0x00012244                bt_mesh_net_keys_reset
 .text.bt_mesh_net_cred_find
                0x0001225c       0x60 zephyr/subsys/bluetooth/mesh/libsubsys__bluetooth__mesh.a(subnet.c.obj)
                0x0001225c                bt_mesh_net_cred_find
 .text.app_key_evt
                0x000122bc       0x28 zephyr/subsys/bluetooth/mesh/libsubsys__bluetooth__mesh.a(app_keys.c.obj)
 .text.subnet_evt
                0x000122e4       0x78 zephyr/subsys/bluetooth/mesh/libsubsys__bluetooth__mesh.a(app_keys.c.obj)
 .text.bt_mesh_app_key_add
                0x0001235c       0x84 zephyr/subsys/bluetooth/mesh/libsubsys__bluetooth__mesh.a(app_keys.c.obj)
                0x0001235c                bt_mesh_app_key_add
 .text.bt_mesh_app_key_get
                0x000123e0       0x14 zephyr/subsys/bluetooth/mesh/libsubsys__bluetooth__mesh.a(app_keys.c.obj)
                0x000123e0                bt_mesh_app_key_get
 .text.bt_mesh_app_key_update
                0x000123f4       0x88 zephyr/subsys/bluetooth/mesh/libsubsys__bluetooth__mesh.a(app_keys.c.obj)
                0x000123f4                bt_mesh_app_key_update
 .text.bt_mesh_app_key_del
                0x0001247c       0x48 zephyr/subsys/bluetooth/mesh/libsubsys__bluetooth__mesh.a(app_keys.c.obj)
                0x0001247c                bt_mesh_app_key_del
 .text.bt_mesh_app_key_set
                0x000124c4       0x80 zephyr/subsys/bluetooth/mesh/libsubsys__bluetooth__mesh.a(app_keys.c.obj)
                0x000124c4                bt_mesh_app_key_set
 .text.bt_mesh_app_key_exists
                0x00012544       0x10 zephyr/subsys/bluetooth/mesh/libsubsys__bluetooth__mesh.a(app_keys.c.obj)
                0x00012544                bt_mesh_app_key_exists
 .text.bt_mesh_app_keys_get
                0x00012554       0x40 zephyr/subsys/bluetooth/mesh/libsubsys__bluetooth__mesh.a(app_keys.c.obj)
                0x00012554                bt_mesh_app_keys_get
 .text.bt_mesh_keys_resolve
                0x00012594       0xd8 zephyr/subsys/bluetooth/mesh/libsubsys__bluetooth__mesh.a(app_keys.c.obj)
                0x00012594                bt_mesh_keys_resolve
 .text.bt_mesh_app_key_find
                0x0001266c       0x6c zephyr/subsys/bluetooth/mesh/libsubsys__bluetooth__mesh.a(app_keys.c.obj)
                0x0001266c                bt_mesh_app_key_find
 .text.bt_mesh_app_keys_reset
                0x000126d8       0x18 zephyr/subsys/bluetooth/mesh/libsubsys__bluetooth__mesh.a(app_keys.c.obj)
                0x000126d8                bt_mesh_app_keys_reset
 .text.send_unseg
                0x000126f0       0x9c zephyr/subsys/bluetooth/mesh/libsubsys__bluetooth__mesh.a(transport.c.obj)
 .text.k_delayed_work_submit
                0x0001278c        0xc zephyr/subsys/bluetooth/mesh/libsubsys__bluetooth__mesh.a(transport.c.obj)
 .text.seg_rx_reset
                0x00012798       0x54 zephyr/subsys/bluetooth/mesh/libsubsys__bluetooth__mesh.a(transport.c.obj)
 .text.seg_tx_reset
                0x000127ec       0x9c zephyr/subsys/bluetooth/mesh/libsubsys__bluetooth__mesh.a(transport.c.obj)
 .text.seg_tx_complete
                0x00012888       0x94 zephyr/subsys/bluetooth/mesh/libsubsys__bluetooth__mesh.a(transport.c.obj)
 .text.seg_tx_send_unacked
                0x0001291c      0x200 zephyr/subsys/bluetooth/mesh/libsubsys__bluetooth__mesh.a(transport.c.obj)
 .text.ctl_recv
                0x00012b1c      0x270 zephyr/subsys/bluetooth/mesh/libsubsys__bluetooth__mesh.a(transport.c.obj)
 .text.send_seg
                0x00012d8c      0x20c zephyr/subsys/bluetooth/mesh/libsubsys__bluetooth__mesh.a(transport.c.obj)
 .text.bt_mesh_set_hb_sub_dst
                0x00012f98        0xc zephyr/subsys/bluetooth/mesh/libsubsys__bluetooth__mesh.a(transport.c.obj)
                0x00012f98                bt_mesh_set_hb_sub_dst
 .text.bt_mesh_tx_in_progress
                0x00012fa4       0x20 zephyr/subsys/bluetooth/mesh/libsubsys__bluetooth__mesh.a(transport.c.obj)
                0x00012fa4                bt_mesh_tx_in_progress
 .text.seg_ack  0x00012fc4       0xd4 zephyr/subsys/bluetooth/mesh/libsubsys__bluetooth__mesh.a(transport.c.obj)
 .text.bt_mesh_rx_reset
                0x00013098       0x28 zephyr/subsys/bluetooth/mesh/libsubsys__bluetooth__mesh.a(transport.c.obj)
                0x00013098                bt_mesh_rx_reset
 .text.bt_mesh_trans_reset
                0x000130c0       0x30 zephyr/subsys/bluetooth/mesh/libsubsys__bluetooth__mesh.a(transport.c.obj)
                0x000130c0                bt_mesh_trans_reset
 .text.bt_mesh_trans_init
                0x000130f0       0x5c zephyr/subsys/bluetooth/mesh/libsubsys__bluetooth__mesh.a(transport.c.obj)
                0x000130f0                bt_mesh_trans_init
 .text.bt_mesh_va_label_get
                0x0001314c       0x28 zephyr/subsys/bluetooth/mesh/libsubsys__bluetooth__mesh.a(transport.c.obj)
                0x0001314c                bt_mesh_va_label_get
 .text.bt_mesh_trans_send
                0x00013174      0x15c zephyr/subsys/bluetooth/mesh/libsubsys__bluetooth__mesh.a(transport.c.obj)
                0x00013174                bt_mesh_trans_send
 .text.sdu_recv
                0x000132d0       0x9c zephyr/subsys/bluetooth/mesh/libsubsys__bluetooth__mesh.a(transport.c.obj)
 .text.bt_mesh_trans_recv
                0x0001336c      0x670 zephyr/subsys/bluetooth/mesh/libsubsys__bluetooth__mesh.a(transport.c.obj)
                0x0001336c                bt_mesh_trans_recv
 .text.bt_mesh_rpl_check
                0x000139dc       0x88 zephyr/subsys/bluetooth/mesh/libsubsys__bluetooth__mesh.a(rpl.c.obj)
                0x000139dc                bt_mesh_rpl_check
 .text.bt_mesh_rpl_find
                0x00013a64       0x20 zephyr/subsys/bluetooth/mesh/libsubsys__bluetooth__mesh.a(rpl.c.obj)
                0x00013a64                bt_mesh_rpl_find
 .text.bt_mesh_rpl_alloc
                0x00013a84       0x24 zephyr/subsys/bluetooth/mesh/libsubsys__bluetooth__mesh.a(rpl.c.obj)
                0x00013a84                bt_mesh_rpl_alloc
 .text.bt_mesh_rpl_foreach
                0x00013aa8       0x20 zephyr/subsys/bluetooth/mesh/libsubsys__bluetooth__mesh.a(rpl.c.obj)
                0x00013aa8                bt_mesh_rpl_foreach
 .text.bt_mesh_rpl_reset
                0x00013ac8       0x34 zephyr/subsys/bluetooth/mesh/libsubsys__bluetooth__mesh.a(rpl.c.obj)
                0x00013ac8                bt_mesh_rpl_reset
 .text.bt_mesh_k2
                0x00013afc       0xb0 zephyr/subsys/bluetooth/mesh/libsubsys__bluetooth__mesh.a(crypto.c.obj)
                0x00013afc                bt_mesh_k2
 .text.bt_mesh_k3
                0x00013bac       0x5c zephyr/subsys/bluetooth/mesh/libsubsys__bluetooth__mesh.a(crypto.c.obj)
                0x00013bac                bt_mesh_k3
 .text.bt_mesh_k4
                0x00013c08       0x50 zephyr/subsys/bluetooth/mesh/libsubsys__bluetooth__mesh.a(crypto.c.obj)
                0x00013c08                bt_mesh_k4
 .text.bt_mesh_id128
                0x00013c58       0x2c zephyr/subsys/bluetooth/mesh/libsubsys__bluetooth__mesh.a(crypto.c.obj)
                0x00013c58                bt_mesh_id128
 .text.bt_mesh_net_obfuscate
                0x00013c84       0x74 zephyr/subsys/bluetooth/mesh/libsubsys__bluetooth__mesh.a(crypto.c.obj)
                0x00013c84                bt_mesh_net_obfuscate
 .text.model_send
                0x00013cf8       0xd4 zephyr/subsys/bluetooth/mesh/libsubsys__bluetooth__mesh.a(access.c.obj)
 .text.mod_init
                0x00013dcc       0x60 zephyr/subsys/bluetooth/mesh/libsubsys__bluetooth__mesh.a(access.c.obj)
 .text.publish_start
                0x00013e2c       0x40 zephyr/subsys/bluetooth/mesh/libsubsys__bluetooth__mesh.a(access.c.obj)
 .text.bt_mesh_model_foreach
                0x00013e6c       0x78 zephyr/subsys/bluetooth/mesh/libsubsys__bluetooth__mesh.a(access.c.obj)
                0x00013e6c                bt_mesh_model_foreach
 .text.bt_mesh_model_pub_period_get
                0x00013ee4       0x48 zephyr/subsys/bluetooth/mesh/libsubsys__bluetooth__mesh.a(access.c.obj)
                0x00013ee4                bt_mesh_model_pub_period_get
 .text.publish_sent
                0x00013f2c       0x90 zephyr/subsys/bluetooth/mesh/libsubsys__bluetooth__mesh.a(access.c.obj)
 .text.bt_mesh_model_elem
                0x00013fbc       0x14 zephyr/subsys/bluetooth/mesh/libsubsys__bluetooth__mesh.a(access.c.obj)
                0x00013fbc                bt_mesh_model_elem
 .text.bt_mesh_model_get
                0x00013fd0       0x94 zephyr/subsys/bluetooth/mesh/libsubsys__bluetooth__mesh.a(access.c.obj)
                0x00013fd0                bt_mesh_model_get
 .text.bt_mesh_comp_register
                0x00014064       0x2c zephyr/subsys/bluetooth/mesh/libsubsys__bluetooth__mesh.a(access.c.obj)
                0x00014064                bt_mesh_comp_register
 .text.bt_mesh_comp_provision
                0x00014090       0x2c zephyr/subsys/bluetooth/mesh/libsubsys__bluetooth__mesh.a(access.c.obj)
                0x00014090                bt_mesh_comp_provision
 .text.bt_mesh_comp_unprovision
                0x000140bc        0xc zephyr/subsys/bluetooth/mesh/libsubsys__bluetooth__mesh.a(access.c.obj)
                0x000140bc                bt_mesh_comp_unprovision
 .text.bt_mesh_primary_addr
                0x000140c8        0xc zephyr/subsys/bluetooth/mesh/libsubsys__bluetooth__mesh.a(access.c.obj)
                0x000140c8                bt_mesh_primary_addr
 .text.bt_mesh_elem_find
                0x000140d4       0x80 zephyr/subsys/bluetooth/mesh/libsubsys__bluetooth__mesh.a(access.c.obj)
                0x000140d4                bt_mesh_elem_find
 .text.bt_mesh_model_recv
                0x00014154      0x1a8 zephyr/subsys/bluetooth/mesh/libsubsys__bluetooth__mesh.a(access.c.obj)
                0x00014154                bt_mesh_model_recv
 .text.bt_mesh_model_publish
                0x000142fc      0x10c zephyr/subsys/bluetooth/mesh/libsubsys__bluetooth__mesh.a(access.c.obj)
                0x000142fc                bt_mesh_model_publish
 .text.mod_publish
                0x00014408      0x154 zephyr/subsys/bluetooth/mesh/libsubsys__bluetooth__mesh.a(access.c.obj)
 .text.bt_mesh_comp_get
                0x0001455c        0xc zephyr/subsys/bluetooth/mesh/libsubsys__bluetooth__mesh.a(access.c.obj)
                0x0001455c                bt_mesh_comp_get
 .text.app_key_evt
                0x00014568       0x20 zephyr/subsys/bluetooth/mesh/libsubsys__bluetooth__mesh.a(cfg_srv.c.obj)
 .text.hb_pub_send_status
                0x00014588       0xd4 zephyr/subsys/bluetooth/mesh/libsubsys__bluetooth__mesh.a(cfg_srv.c.obj)
 .text.send_mod_sub_status
                0x0001465c       0xa0 zephyr/subsys/bluetooth/mesh/libsubsys__bluetooth__mesh.a(cfg_srv.c.obj)
 .text.node_reset
                0x000146fc       0x58 zephyr/subsys/bluetooth/mesh/libsubsys__bluetooth__mesh.a(cfg_srv.c.obj)
 .text.net_key_get
                0x00014754       0x68 zephyr/subsys/bluetooth/mesh/libsubsys__bluetooth__mesh.a(cfg_srv.c.obj)
 .text.mod_sub_get_vnd
                0x000147bc      0x108 zephyr/subsys/bluetooth/mesh/libsubsys__bluetooth__mesh.a(cfg_srv.c.obj)
 .text.mod_sub_get
                0x000148c4       0xec zephyr/subsys/bluetooth/mesh/libsubsys__bluetooth__mesh.a(cfg_srv.c.obj)
 .text.app_key_get
                0x000149b0       0xb8 zephyr/subsys/bluetooth/mesh/libsubsys__bluetooth__mesh.a(cfg_srv.c.obj)
 .text.cfg_srv_init
                0x00014a68       0xb8 zephyr/subsys/bluetooth/mesh/libsubsys__bluetooth__mesh.a(cfg_srv.c.obj)
 .text.send_krp_status
                0x00014b20       0x70 zephyr/subsys/bluetooth/mesh/libsubsys__bluetooth__mesh.a(cfg_srv.c.obj)
 .text.krp_set  0x00014b90       0x80 zephyr/subsys/bluetooth/mesh/libsubsys__bluetooth__mesh.a(cfg_srv.c.obj)
 .text.krp_get  0x00014c10       0x54 zephyr/subsys/bluetooth/mesh/libsubsys__bluetooth__mesh.a(cfg_srv.c.obj)
 .text.send_friend_status
                0x00014c64       0x5c zephyr/subsys/bluetooth/mesh/libsubsys__bluetooth__mesh.a(cfg_srv.c.obj)
 .text.friend_set
                0x00014cc0       0x58 zephyr/subsys/bluetooth/mesh/libsubsys__bluetooth__mesh.a(cfg_srv.c.obj)
 .text.send_node_id_status
                0x00014d18       0x70 zephyr/subsys/bluetooth/mesh/libsubsys__bluetooth__mesh.a(cfg_srv.c.obj)
 .text.node_identity_set
                0x00014d88       0x94 zephyr/subsys/bluetooth/mesh/libsubsys__bluetooth__mesh.a(cfg_srv.c.obj)
 .text.node_identity_get
                0x00014e1c       0x58 zephyr/subsys/bluetooth/mesh/libsubsys__bluetooth__mesh.a(cfg_srv.c.obj)
 .text.send_net_key_status
                0x00014e74       0x68 zephyr/subsys/bluetooth/mesh/libsubsys__bluetooth__mesh.a(cfg_srv.c.obj)
 .text.net_key_del
                0x00014edc       0x58 zephyr/subsys/bluetooth/mesh/libsubsys__bluetooth__mesh.a(cfg_srv.c.obj)
 .text.net_key_update
                0x00014f34       0x54 zephyr/subsys/bluetooth/mesh/libsubsys__bluetooth__mesh.a(cfg_srv.c.obj)
 .text.net_key_add
                0x00014f88       0x54 zephyr/subsys/bluetooth/mesh/libsubsys__bluetooth__mesh.a(cfg_srv.c.obj)
 .text.send_app_key_status
                0x00014fdc       0x6c zephyr/subsys/bluetooth/mesh/libsubsys__bluetooth__mesh.a(cfg_srv.c.obj)
 .text.lpn_timeout_get
                0x00015048       0x88 zephyr/subsys/bluetooth/mesh/libsubsys__bluetooth__mesh.a(cfg_srv.c.obj)
 .text.mod_app_get
                0x000150d0       0xf0 zephyr/subsys/bluetooth/mesh/libsubsys__bluetooth__mesh.a(cfg_srv.c.obj)
 .text.mod_app_bind
                0x000151c0      0x104 zephyr/subsys/bluetooth/mesh/libsubsys__bluetooth__mesh.a(cfg_srv.c.obj)
 .text.mod_sub_del_all
                0x000152c4       0x9c zephyr/subsys/bluetooth/mesh/libsubsys__bluetooth__mesh.a(cfg_srv.c.obj)
 .text.mod_sub_overwrite
                0x00015360       0xb4 zephyr/subsys/bluetooth/mesh/libsubsys__bluetooth__mesh.a(cfg_srv.c.obj)
 .text.mod_sub_va_overwrite
                0x00015414       0xc8 zephyr/subsys/bluetooth/mesh/libsubsys__bluetooth__mesh.a(cfg_srv.c.obj)
 .text.mod_sub_va_del
                0x000154dc       0xc8 zephyr/subsys/bluetooth/mesh/libsubsys__bluetooth__mesh.a(cfg_srv.c.obj)
 .text.mod_sub_del
                0x000155a4       0xb8 zephyr/subsys/bluetooth/mesh/libsubsys__bluetooth__mesh.a(cfg_srv.c.obj)
 .text.mod_sub_va_add
                0x0001565c       0xe4 zephyr/subsys/bluetooth/mesh/libsubsys__bluetooth__mesh.a(cfg_srv.c.obj)
 .text.mod_sub_add
                0x00015740       0xbc zephyr/subsys/bluetooth/mesh/libsubsys__bluetooth__mesh.a(cfg_srv.c.obj)
 .text.mod_sub_list_visitor
                0x000157fc       0x4c zephyr/subsys/bluetooth/mesh/libsubsys__bluetooth__mesh.a(cfg_srv.c.obj)
 .text.dev_comp_data_get
                0x00015848      0x140 zephyr/subsys/bluetooth/mesh/libsubsys__bluetooth__mesh.a(cfg_srv.c.obj)
 .text.mod_sub_list_clear.isra.0
                0x00015988       0x50 zephyr/subsys/bluetooth/mesh/libsubsys__bluetooth__mesh.a(cfg_srv.c.obj)
 .text.send_mod_pub_status.isra.0
                0x000159d8       0xf4 zephyr/subsys/bluetooth/mesh/libsubsys__bluetooth__mesh.a(cfg_srv.c.obj)
 .text.mod_pub_get
                0x00015acc       0x98 zephyr/subsys/bluetooth/mesh/libsubsys__bluetooth__mesh.a(cfg_srv.c.obj)
 .text._mod_pub_set.constprop.0
                0x00015b64       0xd0 zephyr/subsys/bluetooth/mesh/libsubsys__bluetooth__mesh.a(cfg_srv.c.obj)
 .text.mod_app_unbind
                0x00015c34       0xd0 zephyr/subsys/bluetooth/mesh/libsubsys__bluetooth__mesh.a(cfg_srv.c.obj)
 .text.mod_pub_set
                0x00015d04       0xf8 zephyr/subsys/bluetooth/mesh/libsubsys__bluetooth__mesh.a(cfg_srv.c.obj)
 .text.mod_pub_va_set
                0x00015dfc      0x12c zephyr/subsys/bluetooth/mesh/libsubsys__bluetooth__mesh.a(cfg_srv.c.obj)
 .text.heartbeat_pub_set
                0x00015f28      0x12c zephyr/subsys/bluetooth/mesh/libsubsys__bluetooth__mesh.a(cfg_srv.c.obj)
 .text.hb_publish_end_cb
                0x00016054       0x64 zephyr/subsys/bluetooth/mesh/libsubsys__bluetooth__mesh.a(cfg_srv.c.obj)
 .text.hb_publish
                0x000160b8       0x58 zephyr/subsys/bluetooth/mesh/libsubsys__bluetooth__mesh.a(cfg_srv.c.obj)
 .text.hb_sub_send_status.constprop.0
                0x00016110      0x10c zephyr/subsys/bluetooth/mesh/libsubsys__bluetooth__mesh.a(cfg_srv.c.obj)
 .text.heartbeat_sub_set
                0x0001621c      0x120 zephyr/subsys/bluetooth/mesh/libsubsys__bluetooth__mesh.a(cfg_srv.c.obj)
 .text.bt_mesh_cfg_reset
                0x0001633c       0x2c zephyr/subsys/bluetooth/mesh/libsubsys__bluetooth__mesh.a(cfg_srv.c.obj)
                0x0001633c                bt_mesh_cfg_reset
 .text.bt_mesh_heartbeat
                0x00016368       0xc0 zephyr/subsys/bluetooth/mesh/libsubsys__bluetooth__mesh.a(cfg_srv.c.obj)
                0x00016368                bt_mesh_heartbeat
 .text.bt_mesh_net_transmit_get
                0x00016428       0x10 zephyr/subsys/bluetooth/mesh/libsubsys__bluetooth__mesh.a(cfg_srv.c.obj)
                0x00016428                bt_mesh_net_transmit_get
 .text.net_transmit_set
                0x00016438       0x6c zephyr/subsys/bluetooth/mesh/libsubsys__bluetooth__mesh.a(cfg_srv.c.obj)
 .text.net_transmit_get
                0x000164a4       0x60 zephyr/subsys/bluetooth/mesh/libsubsys__bluetooth__mesh.a(cfg_srv.c.obj)
 .text.bt_mesh_relay_get
                0x00016504       0x14 zephyr/subsys/bluetooth/mesh/libsubsys__bluetooth__mesh.a(cfg_srv.c.obj)
                0x00016504                bt_mesh_relay_get
 .text.bt_mesh_friend_get
                0x00016518       0x14 zephyr/subsys/bluetooth/mesh/libsubsys__bluetooth__mesh.a(cfg_srv.c.obj)
                0x00016518                bt_mesh_friend_get
 .text.bt_mesh_relay_retransmit_get
                0x0001652c       0x10 zephyr/subsys/bluetooth/mesh/libsubsys__bluetooth__mesh.a(cfg_srv.c.obj)
                0x0001652c                bt_mesh_relay_retransmit_get
 .text.relay_set
                0x0001653c       0xbc zephyr/subsys/bluetooth/mesh/libsubsys__bluetooth__mesh.a(cfg_srv.c.obj)
 .text.relay_get
                0x000165f8       0x6c zephyr/subsys/bluetooth/mesh/libsubsys__bluetooth__mesh.a(cfg_srv.c.obj)
 .text.bt_mesh_beacon_get